Archive member included to satisfy reference by file (symbol)

E:/Program Files (x86)/Arm GNU Toolchain arm-none-eabi/13.2 Rel1/bin/../lib/gcc/arm-none-eabi/13.2.1/thumb/v7e-m/nofp\libgcc.a(_arm_mulsf3.o)
                              CMakeFiles/QEA2.elf.dir/Core/Src/IIRFilter.c.obj (__aeabi_fmul)
E:/Program Files (x86)/Arm GNU Toolchain arm-none-eabi/13.2 Rel1/bin/../lib/gcc/arm-none-eabi/13.2.1/thumb/v7e-m/nofp\libgcc.a(_arm_addsubsf3.o)
                              CMakeFiles/QEA2.elf.dir/Core/Src/IIRFilter.c.obj (__aeabi_fadd)
E:/Program Files (x86)/Arm GNU Toolchain arm-none-eabi/13.2 Rel1/bin/../lib/gcc/arm-none-eabi/13.2.1/thumb/v7e-m/nofp\libgcc.a(_arm_fixsfsi.o)
                              CMakeFiles/QEA2.elf.dir/Core/Src/IIRFilter.c.obj (__aeabi_f2iz)
E:/Program Files (x86)/Arm GNU Toolchain arm-none-eabi/13.2 Rel1/bin/../lib/gcc/arm-none-eabi/13.2.1/thumb/v7e-m/nofp\libgcc.a(_aeabi_uldivmod.o)
                              CMakeFiles/QEA2.elf.dir/Drivers/STM32F4xx_HAL_Driver/Src/stm32f4xx_hal_rcc.c.obj (__aeabi_uldivmod)
E:/Program Files (x86)/Arm GNU Toolchain arm-none-eabi/13.2 Rel1/bin/../lib/gcc/arm-none-eabi/13.2.1/thumb/v7e-m/nofp\libgcc.a(_udivmoddi4.o)
                              E:/Program Files (x86)/Arm GNU Toolchain arm-none-eabi/13.2 Rel1/bin/../lib/gcc/arm-none-eabi/13.2.1/thumb/v7e-m/nofp\libgcc.a(_aeabi_uldivmod.o) (__udivmoddi4)
E:/Program Files (x86)/Arm GNU Toolchain arm-none-eabi/13.2 Rel1/bin/../lib/gcc/arm-none-eabi/13.2.1/thumb/v7e-m/nofp\libgcc.a(_dvmd_tls.o)
                              E:/Program Files (x86)/Arm GNU Toolchain arm-none-eabi/13.2 Rel1/bin/../lib/gcc/arm-none-eabi/13.2.1/thumb/v7e-m/nofp\libgcc.a(_aeabi_uldivmod.o) (__aeabi_ldiv0)
E:/Program Files (x86)/Arm GNU Toolchain arm-none-eabi/13.2 Rel1/bin/../lib/gcc/arm-none-eabi/13.2.1/thumb/v7e-m/nofp\libg.a(libc_a-exit.o)
                              E:/Program Files (x86)/Arm GNU Toolchain arm-none-eabi/13.2 Rel1/bin/../lib/gcc/arm-none-eabi/13.2.1/thumb/v7e-m/nofp/crt0.o (exit)
E:/Program Files (x86)/Arm GNU Toolchain arm-none-eabi/13.2 Rel1/bin/../lib/gcc/arm-none-eabi/13.2.1/thumb/v7e-m/nofp\libg.a(libc_a-findfp.o)
                              E:/Program Files (x86)/Arm GNU Toolchain arm-none-eabi/13.2 Rel1/bin/../lib/gcc/arm-none-eabi/13.2.1/thumb/v7e-m/nofp\libg.a(libc_a-exit.o) (__stdio_exit_handler)
E:/Program Files (x86)/Arm GNU Toolchain arm-none-eabi/13.2 Rel1/bin/../lib/gcc/arm-none-eabi/13.2.1/thumb/v7e-m/nofp\libg.a(libc_a-fwalk.o)
                              E:/Program Files (x86)/Arm GNU Toolchain arm-none-eabi/13.2 Rel1/bin/../lib/gcc/arm-none-eabi/13.2.1/thumb/v7e-m/nofp\libg.a(libc_a-findfp.o) (_fwalk_sglue)
E:/Program Files (x86)/Arm GNU Toolchain arm-none-eabi/13.2 Rel1/bin/../lib/gcc/arm-none-eabi/13.2.1/thumb/v7e-m/nofp\libg.a(libc_a-printf.o)
                              CMakeFiles/QEA2.elf.dir/Core/Src/ADS1292.c.obj (printf)
E:/Program Files (x86)/Arm GNU Toolchain arm-none-eabi/13.2 Rel1/bin/../lib/gcc/arm-none-eabi/13.2.1/thumb/v7e-m/nofp\libg.a(libc_a-putchar.o)
                              CMakeFiles/QEA2.elf.dir/Core/Src/ADS1292.c.obj (putchar)
E:/Program Files (x86)/Arm GNU Toolchain arm-none-eabi/13.2 Rel1/bin/../lib/gcc/arm-none-eabi/13.2.1/thumb/v7e-m/nofp\libg.a(libc_a-puts.o)
                              CMakeFiles/QEA2.elf.dir/Core/Src/ADS1292.c.obj (puts)
E:/Program Files (x86)/Arm GNU Toolchain arm-none-eabi/13.2 Rel1/bin/../lib/gcc/arm-none-eabi/13.2.1/thumb/v7e-m/nofp\libg.a(libc_a-stdio.o)
                              E:/Program Files (x86)/Arm GNU Toolchain arm-none-eabi/13.2 Rel1/bin/../lib/gcc/arm-none-eabi/13.2.1/thumb/v7e-m/nofp\libg.a(libc_a-findfp.o) (__sread)
E:/Program Files (x86)/Arm GNU Toolchain arm-none-eabi/13.2 Rel1/bin/../lib/gcc/arm-none-eabi/13.2.1/thumb/v7e-m/nofp\libg.a(libc_a-memset.o)
                              E:/Program Files (x86)/Arm GNU Toolchain arm-none-eabi/13.2 Rel1/bin/../lib/gcc/arm-none-eabi/13.2.1/thumb/v7e-m/nofp/crt0.o (memset)
E:/Program Files (x86)/Arm GNU Toolchain arm-none-eabi/13.2 Rel1/bin/../lib/gcc/arm-none-eabi/13.2.1/thumb/v7e-m/nofp\libg.a(libc_a-closer.o)
                              E:/Program Files (x86)/Arm GNU Toolchain arm-none-eabi/13.2 Rel1/bin/../lib/gcc/arm-none-eabi/13.2.1/thumb/v7e-m/nofp\libg.a(libc_a-stdio.o) (_close_r)
E:/Program Files (x86)/Arm GNU Toolchain arm-none-eabi/13.2 Rel1/bin/../lib/gcc/arm-none-eabi/13.2.1/thumb/v7e-m/nofp\libg.a(libc_a-reent.o)
                              E:/Program Files (x86)/Arm GNU Toolchain arm-none-eabi/13.2 Rel1/bin/../lib/gcc/arm-none-eabi/13.2.1/thumb/v7e-m/nofp\libg.a(libc_a-closer.o) (errno)
E:/Program Files (x86)/Arm GNU Toolchain arm-none-eabi/13.2 Rel1/bin/../lib/gcc/arm-none-eabi/13.2.1/thumb/v7e-m/nofp\libg.a(libc_a-impure.o)
                              E:/Program Files (x86)/Arm GNU Toolchain arm-none-eabi/13.2 Rel1/bin/../lib/gcc/arm-none-eabi/13.2.1/thumb/v7e-m/nofp\libg.a(libc_a-printf.o) (_impure_ptr)
[...]
Memory Configuration

Name             Origin             Length             Attributes
CCMRAM           0x10000000         0x00010000         xrw
RAM              0x20000000         0x00020000         xrw
FLASH            0x08000000         0x00100000         xr
*default*        0x00000000         0xffffffff

Linker script and memory map

LOAD E:/Program Files (x86)/Arm GNU Toolchain arm-none-eabi/13.2 Rel1/bin/../lib/gcc/arm-none-eabi/13.2.1/thumb/v7e-m/nofp/crti.o
LOAD E:/Program Files (x86)/Arm GNU Toolchain arm-none-eabi/13.2 Rel1/bin/../lib/gcc/arm-none-eabi/13.2.1/thumb/v7e-m/nofp/crtbegin.o
LOAD E:/Program Files (x86)/Arm GNU Toolchain arm-none-eabi/13.2 Rel1/bin/../lib/gcc/arm-none-eabi/13.2.1/thumb/v7e-m/nofp/crt0.o
LOAD CMakeFiles/QEA2.elf.dir/Core/Src/ADS1292.c.obj
LOAD CMakeFiles/QEA2.elf.dir/Core/Src/IIRFilter.c.obj
LOAD CMakeFiles/QEA2.elf.dir/Core/Src/dma.c.obj
LOAD CMakeFiles/QEA2.elf.dir/Core/Src/gpio.c.obj
LOAD CMakeFiles/QEA2.elf.dir/Core/Src/main.c.obj
LOAD CMakeFiles/QEA2.elf.dir/Core/Src/spi.c.obj
LOAD CMakeFiles/QEA2.elf.dir/Core/Src/stm32f4xx_hal_msp.c.obj
LOAD CMakeFiles/QEA2.elf.dir/Core/Src/stm32f4xx_it.c.obj
LOAD CMakeFiles/QEA2.elf.dir/Core/Src/syscalls.c.obj
LOAD CMakeFiles/QEA2.elf.dir/Core/Src/sysmem.c.obj
LOAD CMakeFiles/QEA2.elf.dir/Core/Src/system_stm32f4xx.c.obj
LOAD CMakeFiles/QEA2.elf.dir/Core/Src/usart.c.obj
LOAD CMakeFiles/QEA2.elf.dir/Core/Startup/startup_stm32f407zgtx.s.obj
LOAD CMakeFiles/QEA2.elf.dir/Drivers/STM32F4xx_HAL_Driver/Src/stm32f4xx_hal.c.obj
LOAD CMakeFiles/QEA2.elf.dir/Drivers/STM32F4xx_HAL_Driver/Src/stm32f4xx_hal_cortex.c.obj
LOAD CMakeFiles/QEA2.elf.dir/Drivers/STM32F4xx_HAL_Driver/Src/stm32f4xx_hal_dma.c.obj
LOAD CMakeFiles/QEA2.elf.dir/Drivers/STM32F4xx_HAL_Driver/Src/stm32f4xx_hal_dma_ex.c.obj
LOAD CMakeFiles/QEA2.elf.dir/Drivers/STM32F4xx_HAL_Driver/Src/stm32f4xx_hal_exti.c.obj
LOAD CMakeFiles/QEA2.elf.dir/Drivers/STM32F4xx_HAL_Driver/Src/stm32f4xx_hal_flash.c.obj
LOAD CMakeFiles/QEA2.elf.dir/Drivers/STM32F4xx_HAL_Driver/Src/stm32f4xx_hal_flash_ex.c.obj
LOAD CMakeFiles/QEA2.elf.dir/Drivers/STM32F4xx_HAL_Driver/Src/stm32f4xx_hal_flash_ramfunc.c.obj
LOAD CMakeFiles/QEA2.elf.dir/Drivers/STM32F4xx_HAL_Driver/Src/stm32f4xx_hal_gpio.c.obj
LOAD CMakeFiles/QEA2.elf.dir/Drivers/STM32F4xx_HAL_Driver/Src/stm32f4xx_hal_pwr.c.obj
LOAD CMakeFiles/QEA2.elf.dir/Drivers/STM32F4xx_HAL_Driver/Src/stm32f4xx_hal_pwr_ex.c.obj
LOAD CMakeFiles/QEA2.elf.dir/Drivers/STM32F4xx_HAL_Driver/Src/stm32f4xx_hal_rcc.c.obj
LOAD CMakeFiles/QEA2.elf.dir/Drivers/STM32F4xx_HAL_Driver/Src/stm32f4xx_hal_rcc_ex.c.obj
LOAD CMakeFiles/QEA2.elf.dir/Drivers/STM32F4xx_HAL_Driver/Src/stm32f4xx_hal_spi.c.obj
LOAD CMakeFiles/QEA2.elf.dir/Drivers/STM32F4xx_HAL_Driver/Src/stm32f4xx_hal_tim.c.obj
LOAD CMakeFiles/QEA2.elf.dir/Drivers/STM32F4xx_HAL_Driver/Src/stm32f4xx_hal_tim_ex.c.obj
LOAD CMakeFiles/QEA2.elf.dir/Drivers/STM32F4xx_HAL_Driver/Src/stm32f4xx_hal_uart.c.obj
START GROUP
LOAD E:/Program Files (x86)/Arm GNU Toolchain arm-none-eabi/13.2 Rel1/bin/../lib/gcc/arm-none-eabi/13.2.1/thumb/v7e-m/nofp\libgcc.a
LOAD E:/Program Files (x86)/Arm GNU Toolchain arm-none-eabi/13.2 Rel1/bin/../lib/gcc/arm-none-eabi/13.2.1/thumb/v7e-m/nofp\libg.a
LOAD E:/Program Files (x86)/Arm GNU Toolchain arm-none-eabi/13.2 Rel1/bin/../lib/gcc/arm-none-eabi/13.2.1/thumb/v7e-m/nofp\libc.a
END GROUP
LOAD E:/Program Files (x86)/Arm GNU Toolchain arm-none-eabi/13.2 Rel1/bin/../lib/gcc/arm-none-eabi/13.2.1/thumb/v7e-m/nofp/crtend.o
LOAD E:/Program Files (x86)/Arm GNU Toolchain arm-none-eabi/13.2 Rel1/bin/../lib/gcc/arm-none-eabi/13.2.1/thumb/v7e-m/nofp/crtn.o
                0x20020000                        _estack = (ORIGIN (RAM) + LENGTH (RAM))
                0x00000200                        _Min_Heap_Size = 0x200
                0x00000400                        _Min_Stack_Size = 0x400

.isr_vector     0x08000000      0x188
                0x08000000                        . = ALIGN (0x4)
 *(.isr_vector)
 .isr_vector    0x08000000      0x188 CMakeFiles/QEA2.elf.dir/Core/Startup/startup_stm32f407zgtx.s.obj
                0x08000000                g_pfnVectors
                0x08000188                        . = ALIGN (0x4)

.text           0x080001c0     0x9b78
                0x080001c0                        . = ALIGN (0x4)
 *(.text)
 .text          0x080001c0      0x168 E:/Program Files (x86)/Arm GNU Toolchain arm-none-eabi/13.2 Rel1/bin/../lib/gcc/arm-none-eabi/13.2.1/thumb/v7e-m/nofp\libgcc.a(_arm_mulsf3.o)
                0x080001c0                __aeabi_fmul
                0x080001c0                __mulsf3
 .text          0x08000328      0x21c E:/Program Files (x86)/Arm GNU Toolchain arm-none-eabi/13.2 Rel1/bin/../lib/gcc/arm-none-eabi/13.2.1/thumb/v7e-m/nofp\libgcc.a(_arm_addsubsf3.o)
                0x08000328                __aeabi_frsub
                0x08000330                __subsf3
                0x08000330                __aeabi_fsub
                0x08000334                __aeabi_fadd
                0x08000334                __addsf3
                0x08000494                __aeabi_ui2f
                0x08000494                __floatunsisf
                0x0800049c                __aeabi_i2f
                0x0800049c                __floatsisf
                0x080004b8                __aeabi_ul2f
                0x080004b8                __floatundisf
                0x080004c8                __aeabi_l2f
                0x080004c8                __floatdisf
 .text          0x08000544       0x4c E:/Program Files (x86)/Arm GNU Toolchain arm-none-eabi/13.2 Rel1/bin/../lib/gcc/arm-none-eabi/13.2.1/thumb/v7e-m/nofp\libgcc.a(_arm_fixsfsi.o)
                0x08000544                __aeabi_f2iz
                0x08000544                __fixsfsi
 .text          0x08000590       0x30 E:/Program Files (x86)/Arm GNU Toolchain arm-none-eabi/13.2 Rel1/bin/../lib/gcc/arm-none-eabi/13.2.1/thumb/v7e-m/nofp\libgcc.a(_aeabi_uldivmod.o)
                0x08000590                __aeabi_uldivmod
 .text          0x080005c0        0x4 E:/Program Files (x86)/Arm GNU Toolchain arm-none-eabi/13.2 Rel1/bin/../lib/gcc/arm-none-eabi/13.2.1/thumb/v7e-m/nofp\libgcc.a(_dvmd_tls.o)
                0x080005c0                __aeabi_idiv0
                0x080005c0                __aeabi_ldiv0
 *fill*         0x080005c4       0x3c 
 .text          0x08000600       0xd8 E:/Program Files (x86)/Arm GNU Toolchain arm-none-eabi/13.2 Rel1/bin/../lib/gcc/arm-none-eabi/13.2.1/thumb/v7e-m/nofp\libg.a(libc_a-strlen.o)
                0x08000600                strlen
 *fill*         0x080006d8        0x8 
 .text          0x080006e0       0xa0 E:/Program Files (x86)/Arm GNU Toolchain arm-none-eabi/13.2 Rel1/bin/../lib/gcc/arm-none-eabi/13.2.1/thumb/v7e-m/nofp\libg.a(libc_a-memchr.o)
                0x080006e0                memchr
 .text          0x08000780      0x134 E:/Program Files (x86)/Arm GNU Toolchain arm-none-eabi/13.2 Rel1/bin/../lib/gcc/arm-none-eabi/13.2.1/thumb/v7e-m/nofp\libg.a(libc_a-memcpy.o)
                0x08000780                memcpy
 .text          0x080008b4      0x378 E:/Program Files (x86)/Arm GNU Toolchain arm-none-eabi/13.2 Rel1/bin/../lib/gcc/arm-none-eabi/13.2.1/thumb/v7e-m/nofp\libgcc.a(_arm_addsubdf3.o)
                0x080008b4                __aeabi_drsub
                0x080008bc                __aeabi_dsub
                0x080008bc                __subdf3
                0x080008c0                __aeabi_dadd
                0x080008c0                __adddf3
                0x08000b38                __floatunsidf
                0x08000b38                __aeabi_ui2d
                0x08000b58                __floatsidf
                0x08000b58                __aeabi_i2d
                0x08000b7c                __aeabi_f2d
                0x08000b7c                __extendsfdf2
                0x08000bc0                __floatundidf
                0x08000bc0                __aeabi_ul2d
                0x08000bd0                __floatdidf
                0x08000bd0                __aeabi_l2d
 .text          0x08000c2c      0x424 E:/Program Files (x86)/Arm GNU Toolchain arm-none-eabi/13.2 Rel1/bin/../lib/gcc/arm-none-eabi/13.2.1/thumb/v7e-m/nofp\libgcc.a(_arm_muldivdf3.o)
                0x08000c2c                __aeabi_dmul
                0x08000c2c                __muldf3
                0x08000e80                __divdf3
                0x08000e80                __aeabi_ddiv
 .text          0x08001050      0x110 E:/Program Files (x86)/Arm GNU Toolchain arm-none-eabi/13.2 Rel1/bin/../lib/gcc/arm-none-eabi/13.2.1/thumb/v7e-m/nofp\libgcc.a(_arm_cmpdf2.o)
                0x08001050                __gtdf2
                0x08001050                __gedf2
                0x08001058                __ltdf2
                0x08001058                __ledf2
                0x08001060                __nedf2
                0x08001060                __eqdf2
                0x08001060                __cmpdf2
                0x080010dc                __aeabi_cdrcmple
                0x080010ec                __aeabi_cdcmpeq
                0x080010ec                __aeabi_cdcmple
                0x080010fc                __aeabi_dcmpeq
                0x08001110                __aeabi_dcmplt
                0x08001124                __aeabi_dcmple
                0x08001138                __aeabi_dcmpge
                0x0800114c                __aeabi_dcmpgt
 .text          0x08001160       0x2c E:/Program Files (x86)/Arm GNU Toolchain arm-none-eabi/13.2 Rel1/bin/../lib/gcc/arm-none-eabi/13.2.1/thumb/v7e-m/nofp\libgcc.a(_arm_unorddf2.o)
                0x08001160                __unorddf2
                0x08001160                __aeabi_dcmpun
 .text          0x0800118c       0x50 E:/Program Files (x86)/Arm GNU Toolchain arm-none-eabi/13.2 Rel1/bin/../lib/gcc/arm-none-eabi/13.2.1/thumb/v7e-m/nofp\libgcc.a(_arm_fixdfsi.o)
                0x0800118c                __aeabi_d2iz
                0x0800118c                __fixdfsi
 *(.text*)
 .text.deregister_tm_clones
                0x080011dc       0x1c E:/Program Files (x86)/Arm GNU Toolchain arm-none-eabi/13.2 Rel1/bin/../lib/gcc/arm-none-eabi/13.2.1/thumb/v7e-m/nofp/crtbegin.o
 .text.register_tm_clones
                0x080011f8       0x24 E:/Program Files (x86)/Arm GNU Toolchain arm-none-eabi/13.2 Rel1/bin/../lib/gcc/arm-none-eabi/13.2.1/thumb/v7e-m/nofp/crtbegin.o
 .text.__do_global_dtors_aux
                0x0800121c       0x28 E:/Program Files (x86)/Arm GNU Toolchain arm-none-eabi/13.2 Rel1/bin/../lib/gcc/arm-none-eabi/13.2.1/thumb/v7e-m/nofp/crtbegin.o
 .text.frame_dummy
                0x08001244       0x24 E:/Program Files (x86)/Arm GNU Toolchain arm-none-eabi/13.2 Rel1/bin/../lib/gcc/arm-none-eabi/13.2.1/thumb/v7e-m/nofp/crtbegin.o
 .text.SPI3_RWByte
                0x08001268       0x2c CMakeFiles/QEA2.elf.dir/Core/Src/ADS1292.c.obj
                0x08001268                SPI3_RWByte
 .text.ADS1292CmdTransmit
                0x08001294       0x10 CMakeFiles/QEA2.elf.dir/Core/Src/ADS1292.c.obj
                0x08001294                ADS1292CmdTransmit
 .text.ADS1292RegisterReadSingle
                0x080012a4       0x38 CMakeFiles/QEA2.elf.dir/Core/Src/ADS1292.c.obj
                0x080012a4                ADS1292RegisterReadSingle
 .text.ADS1292RegisterWriteSingle
                0x080012dc       0x4c CMakeFiles/QEA2.elf.dir/Core/Src/ADS1292.c.obj
                0x080012dc                ADS1292RegisterWriteSingle
 .text.ADS1292Init
                0x08001328      0x10c CMakeFiles/QEA2.elf.dir/Core/Src/ADS1292.c.obj
                0x08001328                ADS1292Init
 .text.ADS1292ReadData
                0x08001434       0xb4 CMakeFiles/QEA2.elf.dir/Core/Src/ADS1292.c.obj
                0x08001434                ADS1292ReadData
 .text.IIRFilter
                0x080014e8       0x70 CMakeFiles/QEA2.elf.dir/Core/Src/IIRFilter.c.obj
                0x080014e8                IIRFilter
 .text.MX_DMA_Init
                0x08001558       0x44 CMakeFiles/QEA2.elf.dir/Core/Src/dma.c.obj
                0x08001558                MX_DMA_Init
 .text.MX_GPIO_Init
                0x0800159c       0xf0 CMakeFiles/QEA2.elf.dir/Core/Src/gpio.c.obj
                0x0800159c                MX_GPIO_Init
 .text.HAL_GPIO_EXTI_Callback
                0x0800168c       0x1c CMakeFiles/QEA2.elf.dir/Core/Src/main.c.obj
                0x0800168c                HAL_GPIO_EXTI_Callback
 .text.Error_Handler
                0x080016a8        0x4 CMakeFiles/QEA2.elf.dir/Core/Src/main.c.obj
                0x080016a8                Error_Handler
 .text.SystemClock_Config
                0x080016ac       0xac CMakeFiles/QEA2.elf.dir/Core/Src/main.c.obj
                0x080016ac                SystemClock_Config
 .text.main     0x08001758       0x20 CMakeFiles/QEA2.elf.dir/Core/Src/main.c.obj
                0x08001758                main
 .text.MX_SPI3_Init
                0x08001778       0x44 CMakeFiles/QEA2.elf.dir/Core/Src/spi.c.obj
                0x08001778                MX_SPI3_Init
 .text.HAL_SPI_MspInit
                0x080017bc       0x80 CMakeFiles/QEA2.elf.dir/Core/Src/spi.c.obj
                0x080017bc                HAL_SPI_MspInit
 .text.HAL_MspInit
                0x0800183c       0x38 CMakeFiles/QEA2.elf.dir/Core/Src/stm32f4xx_hal_msp.c.obj
                0x0800183c                HAL_MspInit
 .text.NMI_Handler
                0x08001874        0x2 CMakeFiles/QEA2.elf.dir/Core/Src/stm32f4xx_it.c.obj
                0x08001874                NMI_Handler
 .text.HardFault_Handler
                0x08001876        0x2 CMakeFiles/QEA2.elf.dir/Core/Src/stm32f4xx_it.c.obj
                0x08001876                HardFault_Handler
 .text.MemManage_Handler
                0x08001878        0x2 CMakeFiles/QEA2.elf.dir/Core/Src/stm32f4xx_it.c.obj
                0x08001878                MemManage_Handler
 .text.BusFault_Handler
                0x0800187a        0x2 CMakeFiles/QEA2.elf.dir/Core/Src/stm32f4xx_it.c.obj
                0x0800187a                BusFault_Handler
 .text.UsageFault_Handler
                0x0800187c        0x2 CMakeFiles/QEA2.elf.dir/Core/Src/stm32f4xx_it.c.obj
                0x0800187c                UsageFault_Handler
 .text.SVC_Handler
                0x0800187e        0x2 CMakeFiles/QEA2.elf.dir/Core/Src/stm32f4xx_it.c.obj
                0x0800187e                SVC_Handler
 .text.DebugMon_Handler
                0x08001880        0x2 CMakeFiles/QEA2.elf.dir/Core/Src/stm32f4xx_it.c.obj
                0x08001880                DebugMon_Handler
 .text.PendSV_Handler
                0x08001882        0x2 CMakeFiles/QEA2.elf.dir/Core/Src/stm32f4xx_it.c.obj
                0x08001882                PendSV_Handler
 .text.SysTick_Handler
                0x08001884        0x8 CMakeFiles/QEA2.elf.dir/Core/Src/stm32f4xx_it.c.obj
                0x08001884                SysTick_Handler
 .text.EXTI9_5_IRQHandler
                0x0800188c        0xa CMakeFiles/QEA2.elf.dir/Core/Src/stm32f4xx_it.c.obj
                0x0800188c                EXTI9_5_IRQHandler
 *fill*         0x08001896        0x2 
 .text.USART1_IRQHandler
                0x08001898       0x10 CMakeFiles/QEA2.elf.dir/Core/Src/stm32f4xx_it.c.obj
                0x08001898                USART1_IRQHandler
 .text.SPI3_IRQHandler
                0x080018a8       0x10 CMakeFiles/QEA2.elf.dir/Core/Src/stm32f4xx_it.c.obj
                0x080018a8                SPI3_IRQHandler
 .text.DMA2_Stream2_IRQHandler
                0x080018b8       0x10 CMakeFiles/QEA2.elf.dir/Core/Src/stm32f4xx_it.c.obj
                0x080018b8                DMA2_Stream2_IRQHandler
 .text.DMA2_Stream7_IRQHandler
                0x080018c8       0x10 CMakeFiles/QEA2.elf.dir/Core/Src/stm32f4xx_it.c.obj
                0x080018c8                DMA2_Stream7_IRQHandler
 .text._getpid  0x080018d8        0x4 CMakeFiles/QEA2.elf.dir/Core/Src/syscalls.c.obj
                0x080018d8                _getpid
 .text._kill    0x080018dc       0x10 CMakeFiles/QEA2.elf.dir/Core/Src/syscalls.c.obj
                0x080018dc                _kill
 .text._exit    0x080018ec        0xc CMakeFiles/QEA2.elf.dir/Core/Src/syscalls.c.obj
                0x080018ec                _exit
 .text._read    0x080018f8       0x20 CMakeFiles/QEA2.elf.dir/Core/Src/syscalls.c.obj
                0x080018f8                _read
 .text._write   0x08001918       0x1c CMakeFiles/QEA2.elf.dir/Core/Src/syscalls.c.obj
                0x08001918                _write
 .text._close   0x08001934        0x6 CMakeFiles/QEA2.elf.dir/Core/Src/syscalls.c.obj
                0x08001934                _close
 .text._fstat   0x0800193a        0xa CMakeFiles/QEA2.elf.dir/Core/Src/syscalls.c.obj
                0x0800193a                _fstat
 .text._isatty  0x08001944        0x4 CMakeFiles/QEA2.elf.dir/Core/Src/syscalls.c.obj
                0x08001944                _isatty
 .text._lseek   0x08001948        0x4 CMakeFiles/QEA2.elf.dir/Core/Src/syscalls.c.obj
                0x08001948                _lseek
 .text._sbrk    0x0800194c       0x48 CMakeFiles/QEA2.elf.dir/Core/Src/sysmem.c.obj
                0x0800194c                _sbrk
 .text.SystemInit
                0x08001994        0x2 CMakeFiles/QEA2.elf.dir/Core/Src/system_stm32f4xx.c.obj
                0x08001994                SystemInit
 *fill*         0x08001996        0x2 
 .text.MX_USART1_UART_Init
                0x08001998       0x34 CMakeFiles/QEA2.elf.dir/Core/Src/usart.c.obj
                0x08001998                MX_USART1_UART_Init
 .text.HAL_UART_MspInit
                0x080019cc      0x104 CMakeFiles/QEA2.elf.dir/Core/Src/usart.c.obj
                0x080019cc                HAL_UART_MspInit
 .text.__io_putchar
                0x08001ad0       0x20 CMakeFiles/QEA2.elf.dir/Core/Src/usart.c.obj
                0x08001ad0                __io_putchar
 .text.Reset_Handler
                0x08001af0       0x50 CMakeFiles/QEA2.elf.dir/Core/Startup/startup_stm32f407zgtx.s.obj
                0x08001af0                Reset_Handler
 .text.Default_Handler
                0x08001b40        0x2 CMakeFiles/QEA2.elf.dir/Core/Startup/startup_stm32f407zgtx.s.obj
                0x08001b40                RTC_Alarm_IRQHandler
                0x08001b40                HASH_RNG_IRQHandler
                0x08001b40                EXTI2_IRQHandler
                0x08001b40                TIM8_CC_IRQHandler
                0x08001b40                TIM1_CC_IRQHandler
                0x08001b40                DMA2_Stream5_IRQHandler
                0x08001b40                DMA1_Stream5_IRQHandler
                0x08001b40                PVD_IRQHandler
                0x08001b40                SDIO_IRQHandler
                0x08001b40                TAMP_STAMP_IRQHandler
                0x08001b40                CAN2_RX1_IRQHandler
                0x08001b40                EXTI3_IRQHandler
                0x08001b40                TIM8_TRG_COM_TIM14_IRQHandler
                0x08001b40                TIM1_UP_TIM10_IRQHandler
                0x08001b40                TIM8_UP_TIM13_IRQHandler
                0x08001b40                I2C3_ER_IRQHandler
                0x08001b40                EXTI0_IRQHandler
                0x08001b40                I2C2_EV_IRQHandler
                0x08001b40                DMA1_Stream2_IRQHandler
                0x08001b40                CAN1_RX0_IRQHandler
                0x08001b40                FPU_IRQHandler
                0x08001b40                OTG_HS_WKUP_IRQHandler
                0x08001b40                CAN2_SCE_IRQHandler
                0x08001b40                SPI1_IRQHandler
                0x08001b40                TIM6_DAC_IRQHandler
                0x08001b40                TIM1_BRK_TIM9_IRQHandler
                0x08001b40                DCMI_IRQHandler
                0x08001b40                CAN2_RX0_IRQHandler
                0x08001b40                DMA2_Stream3_IRQHandler
                0x08001b40                USART6_IRQHandler
                0x08001b40                USART3_IRQHandler
                0x08001b40                CAN1_RX1_IRQHandler
                0x08001b40                UART5_IRQHandler
                0x08001b40                DMA2_Stream0_IRQHandler
                0x08001b40                TIM4_IRQHandler
                0x08001b40                I2C1_EV_IRQHandler
                0x08001b40                DMA1_Stream6_IRQHandler
                0x08001b40                DMA1_Stream1_IRQHandler
                0x08001b40                UART4_IRQHandler
                0x08001b40                TIM3_IRQHandler
                0x08001b40                RCC_IRQHandler
                0x08001b40                TIM8_BRK_TIM12_IRQHandler
                0x08001b40                Default_Handler
                0x08001b40                EXTI15_10_IRQHandler
                0x08001b40                ADC_IRQHandler
                0x08001b40                DMA1_Stream7_IRQHandler
                0x08001b40                TIM7_IRQHandler
                0x08001b40                CAN2_TX_IRQHandler
                0x08001b40                TIM5_IRQHandler
                0x08001b40                I2C3_EV_IRQHandler
                0x08001b40                RTC_WKUP_IRQHandler
                0x08001b40                ETH_WKUP_IRQHandler
                0x08001b40                SPI2_IRQHandler
                0x08001b40                OTG_HS_EP1_IN_IRQHandler
                0x08001b40                DMA1_Stream0_IRQHandler
                0x08001b40                CAN1_TX_IRQHandler
                0x08001b40                EXTI4_IRQHandler
                0x08001b40                FSMC_IRQHandler
                0x08001b40                ETH_IRQHandler
                0x08001b40                OTG_HS_EP1_OUT_IRQHandler
                0x08001b40                WWDG_IRQHandler
                0x08001b40                TIM2_IRQHandler
                0x08001b40                OTG_FS_WKUP_IRQHandler
                0x08001b40                TIM1_TRG_COM_TIM11_IRQHandler
                0x08001b40                OTG_HS_IRQHandler
                0x08001b40                EXTI1_IRQHandler
                0x08001b40                USART2_IRQHandler
                0x08001b40                I2C2_ER_IRQHandler
                0x08001b40                DMA2_Stream1_IRQHandler
                0x08001b40                CAN1_SCE_IRQHandler
                0x08001b40                FLASH_IRQHandler
                0x08001b40                DMA2_Stream4_IRQHandler
                0x08001b40                OTG_FS_IRQHandler
                0x08001b40                DMA1_Stream4_IRQHandler
                0x08001b40                I2C1_ER_IRQHandler
                0x08001b40                DMA2_Stream6_IRQHandler
                0x08001b40                DMA1_Stream3_IRQHandler
 *fill*         0x08001b42        0x2 
 .text.HAL_InitTick
                0x08001b44       0x4c CMakeFiles/QEA2.elf.dir/Drivers/STM32F4xx_HAL_Driver/Src/stm32f4xx_hal.c.obj
                0x08001b44                HAL_InitTick
 .text.HAL_Init
                0x08001b90       0x34 CMakeFiles/QEA2.elf.dir/Drivers/STM32F4xx_HAL_Driver/Src/stm32f4xx_hal.c.obj
                0x08001b90                HAL_Init
 .text.HAL_IncTick
                0x08001bc4       0x18 CMakeFiles/QEA2.elf.dir/Drivers/STM32F4xx_HAL_Driver/Src/stm32f4xx_hal.c.obj
                0x08001bc4                HAL_IncTick
 .text.HAL_GetTick
                0x08001bdc        0xc CMakeFiles/QEA2.elf.dir/Drivers/STM32F4xx_HAL_Driver/Src/stm32f4xx_hal.c.obj
                0x08001bdc                HAL_GetTick
 .text.HAL_Delay
                0x08001be8       0x28 CMakeFiles/QEA2.elf.dir/Drivers/STM32F4xx_HAL_Driver/Src/stm32f4xx_hal.c.obj
                0x08001be8                HAL_Delay
 .text.__NVIC_SetPriority
                0x08001c10       0x28 CMakeFiles/QEA2.elf.dir/Drivers/STM32F4xx_HAL_Driver/Src/stm32f4xx_hal_cortex.c.obj
 .text.NVIC_EncodePriority
                0x08001c38       0x3e CMakeFiles/QEA2.elf.dir/Drivers/STM32F4xx_HAL_Driver/Src/stm32f4xx_hal_cortex.c.obj
 *fill*         0x08001c76        0x2 
 .text.HAL_NVIC_SetPriorityGrouping
                0x08001c78       0x24 CMakeFiles/QEA2.elf.dir/Drivers/STM32F4xx_HAL_Driver/Src/stm32f4xx_hal_cortex.c.obj
                0x08001c78                HAL_NVIC_SetPriorityGrouping
 .text.HAL_NVIC_SetPriority
                0x08001c9c       0x20 CMakeFiles/QEA2.elf.dir/Drivers/STM32F4xx_HAL_Driver/Src/stm32f4xx_hal_cortex.c.obj
                0x08001c9c                HAL_NVIC_SetPriority
 .text.HAL_NVIC_EnableIRQ
                0x08001cbc       0x1c CMakeFiles/QEA2.elf.dir/Drivers/STM32F4xx_HAL_Driver/Src/stm32f4xx_hal_cortex.c.obj
                0x08001cbc                HAL_NVIC_EnableIRQ
 .text.HAL_SYSTICK_Config
                0x08001cd8       0x28 CMakeFiles/QEA2.elf.dir/Drivers/STM32F4xx_HAL_Driver/Src/stm32f4xx_hal_cortex.c.obj
                0x08001cd8                HAL_SYSTICK_Config
 .text.DMA_CalcBaseAndBitshift
                0x08001d00       0x38 CMakeFiles/QEA2.elf.dir/Drivers/STM32F4xx_HAL_Driver/Src/stm32f4xx_hal_dma.c.obj
 .text.DMA_CheckFifoParam
                0x08001d38       0x8e CMakeFiles/QEA2.elf.dir/Drivers/STM32F4xx_HAL_Driver/Src/stm32f4xx_hal_dma.c.obj
 *fill*         0x08001dc6        0x2 
 .text.HAL_DMA_Init
                0x08001dc8       0xcc CMakeFiles/QEA2.elf.dir/Drivers/STM32F4xx_HAL_Driver/Src/stm32f4xx_hal_dma.c.obj
                0x08001dc8                HAL_DMA_Init
 .text.HAL_DMA_Abort
                0x08001e94       0x94 CMakeFiles/QEA2.elf.dir/Drivers/STM32F4xx_HAL_Driver/Src/stm32f4xx_hal_dma.c.obj
                0x08001e94                HAL_DMA_Abort
 .text.HAL_DMA_Abort_IT
                0x08001f28       0x26 CMakeFiles/QEA2.elf.dir/Drivers/STM32F4xx_HAL_Driver/Src/stm32f4xx_hal_dma.c.obj
                0x08001f28                HAL_DMA_Abort_IT
 *fill*         0x08001f4e        0x2 
 .text.HAL_DMA_IRQHandler
                0x08001f50      0x1dc CMakeFiles/QEA2.elf.dir/Drivers/STM32F4xx_HAL_Driver/Src/stm32f4xx_hal_dma.c.obj
                0x08001f50                HAL_DMA_IRQHandler
 .text.HAL_GPIO_Init
                0x0800212c      0x1f4 CMakeFiles/QEA2.elf.dir/Drivers/STM32F4xx_HAL_Driver/Src/stm32f4xx_hal_gpio.c.obj
                0x0800212c                HAL_GPIO_Init
 .text.HAL_GPIO_WritePin
                0x08002320        0xc CMakeFiles/QEA2.elf.dir/Drivers/STM32F4xx_HAL_Driver/Src/stm32f4xx_hal_gpio.c.obj
                0x08002320                HAL_GPIO_WritePin
 .text.HAL_GPIO_EXTI_IRQHandler
                0x0800232c       0x1c CMakeFiles/QEA2.elf.dir/Drivers/STM32F4xx_HAL_Driver/Src/stm32f4xx_hal_gpio.c.obj
                0x0800232c                HAL_GPIO_EXTI_IRQHandler
 .text.HAL_RCC_OscConfig
                0x08002348      0x3f8 CMakeFiles/QEA2.elf.dir/Drivers/STM32F4xx_HAL_Driver/Src/stm32f4xx_hal_rcc.c.obj
                0x08002348                HAL_RCC_OscConfig
 .text.HAL_RCC_GetSysClockFreq
                0x08002740       0xdc CMakeFiles/QEA2.elf.dir/Drivers/STM32F4xx_HAL_Driver/Src/stm32f4xx_hal_rcc.c.obj
                0x08002740                HAL_RCC_GetSysClockFreq
 .text.HAL_RCC_ClockConfig
                0x0800281c      0x160 CMakeFiles/QEA2.elf.dir/Drivers/STM32F4xx_HAL_Driver/Src/stm32f4xx_hal_rcc.c.obj
                0x0800281c                HAL_RCC_ClockConfig
 .text.HAL_RCC_GetHCLKFreq
                0x0800297c        0xc CMakeFiles/QEA2.elf.dir/Drivers/STM32F4xx_HAL_Driver/Src/stm32f4xx_hal_rcc.c.obj
                0x0800297c                HAL_RCC_GetHCLKFreq
 .text.HAL_RCC_GetPCLK1Freq
                0x08002988       0x20 CMakeFiles/QEA2.elf.dir/Drivers/STM32F4xx_HAL_Driver/Src/stm32f4xx_hal_rcc.c.obj
                0x08002988                HAL_RCC_GetPCLK1Freq
 .text.HAL_RCC_GetPCLK2Freq
                0x080029a8       0x20 CMakeFiles/QEA2.elf.dir/Drivers/STM32F4xx_HAL_Driver/Src/stm32f4xx_hal_rcc.c.obj
                0x080029a8                HAL_RCC_GetPCLK2Freq
 .text.SPI_WaitFlagStateUntilTimeout
                0x080029c8       0xc8 CMakeFiles/QEA2.elf.dir/Drivers/STM32F4xx_HAL_Driver/Src/stm32f4xx_hal_spi.c.obj
 .text.SPI_EndRxTxTransaction
                0x08002a90       0x68 CMakeFiles/QEA2.elf.dir/Drivers/STM32F4xx_HAL_Driver/Src/stm32f4xx_hal_spi.c.obj
 .text.HAL_SPI_Init
                0x08002af8       0xbe CMakeFiles/QEA2.elf.dir/Drivers/STM32F4xx_HAL_Driver/Src/stm32f4xx_hal_spi.c.obj
                0x08002af8                HAL_SPI_Init
 .text.HAL_SPI_TransmitReceive
                0x08002bb6      0x238 CMakeFiles/QEA2.elf.dir/Drivers/STM32F4xx_HAL_Driver/Src/stm32f4xx_hal_spi.c.obj
                0x08002bb6                HAL_SPI_TransmitReceive
 .text.HAL_SPI_ErrorCallback
                0x08002dee        0x2 CMakeFiles/QEA2.elf.dir/Drivers/STM32F4xx_HAL_Driver/Src/stm32f4xx_hal_spi.c.obj
                0x08002dee                HAL_SPI_ErrorCallback
 .text.HAL_SPI_IRQHandler
                0x08002df0      0x124 CMakeFiles/QEA2.elf.dir/Drivers/STM32F4xx_HAL_Driver/Src/stm32f4xx_hal_spi.c.obj
                0x08002df0                HAL_SPI_IRQHandler
 .text.SPI_DMAAbortOnError
                0x08002f14       0x10 CMakeFiles/QEA2.elf.dir/Drivers/STM32F4xx_HAL_Driver/Src/stm32f4xx_hal_spi.c.obj
 .text.UART_EndRxTransfer
                0x08002f24       0x5c CMakeFiles/QEA2.elf.dir/Drivers/STM32F4xx_HAL_Driver/Src/stm32f4xx_hal_uart.c.obj
 .text.UART_Transmit_IT
                0x08002f80       0x60 CMakeFiles/QEA2.elf.dir/Drivers/STM32F4xx_HAL_Driver/Src/stm32f4xx_hal_uart.c.obj
 .text.UART_SetConfig
                0x08002fe0      0x110 CMakeFiles/QEA2.elf.dir/Drivers/STM32F4xx_HAL_Driver/Src/stm32f4xx_hal_uart.c.obj
 .text.UART_WaitOnFlagUntilTimeout
                0x080030f0       0x84 CMakeFiles/QEA2.elf.dir/Drivers/STM32F4xx_HAL_Driver/Src/stm32f4xx_hal_uart.c.obj
 .text.HAL_UART_Init
                0x08003174       0x5e CMakeFiles/QEA2.elf.dir/Drivers/STM32F4xx_HAL_Driver/Src/stm32f4xx_hal_uart.c.obj
                0x08003174                HAL_UART_Init
 .text.HAL_UART_Transmit
                0x080031d2       0xd8 CMakeFiles/QEA2.elf.dir/Drivers/STM32F4xx_HAL_Driver/Src/stm32f4xx_hal_uart.c.obj
                0x080031d2                HAL_UART_Transmit
 .text.HAL_UART_TxCpltCallback
                0x080032aa        0x2 CMakeFiles/QEA2.elf.dir/Drivers/STM32F4xx_HAL_Driver/Src/stm32f4xx_hal_uart.c.obj
                0x080032aa                HAL_UART_TxCpltCallback
 .text.UART_EndTransmit_IT
                0x080032ac       0x1a CMakeFiles/QEA2.elf.dir/Drivers/STM32F4xx_HAL_Driver/Src/stm32f4xx_hal_uart.c.obj
 .text.HAL_UART_RxCpltCallback
                0x080032c6        0x2 CMakeFiles/QEA2.elf.dir/Drivers/STM32F4xx_HAL_Driver/Src/stm32f4xx_hal_uart.c.obj
                0x080032c6                HAL_UART_RxCpltCallback
 .text.HAL_UART_ErrorCallback
                0x080032c8        0x2 CMakeFiles/QEA2.elf.dir/Drivers/STM32F4xx_HAL_Driver/Src/stm32f4xx_hal_uart.c.obj
                0x080032c8                HAL_UART_ErrorCallback
 .text.UART_DMAAbortOnError
                0x080032ca       0x10 CMakeFiles/QEA2.elf.dir/Drivers/STM32F4xx_HAL_Driver/Src/stm32f4xx_hal_uart.c.obj
 .text.HAL_UARTEx_RxEventCallback
                0x080032da        0x2 CMakeFiles/QEA2.elf.dir/Drivers/STM32F4xx_HAL_Driver/Src/stm32f4xx_hal_uart.c.obj
                0x080032da                HAL_UARTEx_RxEventCallback
 .text.UART_Receive_IT
                0x080032dc       0xe2 CMakeFiles/QEA2.elf.dir/Drivers/STM32F4xx_HAL_Driver/Src/stm32f4xx_hal_uart.c.obj
 *fill*         0x080033be        0x2 
 .text.HAL_UART_IRQHandler
                0x080033c0      0x27c CMakeFiles/QEA2.elf.dir/Drivers/STM32F4xx_HAL_Driver/Src/stm32f4xx_hal_uart.c.obj
                0x080033c0                HAL_UART_IRQHandler
 .text.__udivmoddi4
                0x0800363c      0x2bc E:/Program Files (x86)/Arm GNU Toolchain arm-none-eabi/13.2 Rel1/bin/../lib/gcc/arm-none-eabi/13.2.1/thumb/v7e-m/nofp\libgcc.a(_udivmoddi4.o)
                0x0800363c                __udivmoddi4
 .text.stdio_exit_handler
                0x080038f8       0x18 E:/Program Files (x86)/Arm GNU Toolchain arm-none-eabi/13.2 Rel1/bin/../lib/gcc/arm-none-eabi/13.2.1/thumb/v7e-m/nofp\libg.a(libc_a-findfp.o)
 .text.cleanup_stdio
                0x08003910       0x40 E:/Program Files (x86)/Arm GNU Toolchain arm-none-eabi/13.2 Rel1/bin/../lib/gcc/arm-none-eabi/13.2.1/thumb/v7e-m/nofp\libg.a(libc_a-findfp.o)
 .text.global_stdio_init.part.0
                0x08003950       0xf0 E:/Program Files (x86)/Arm GNU Toolchain arm-none-eabi/13.2 Rel1/bin/../lib/gcc/arm-none-eabi/13.2.1/thumb/v7e-m/nofp\libg.a(libc_a-findfp.o)
 .text.__sinit  0x08003a40       0x3c E:/Program Files (x86)/Arm GNU Toolchain arm-none-eabi/13.2 Rel1/bin/../lib/gcc/arm-none-eabi/13.2.1/thumb/v7e-m/nofp\libg.a(libc_a-findfp.o)
                0x08003a40                __sinit
 .text.__sfp_lock_acquire
                0x08003a7c        0xc E:/Program Files (x86)/Arm GNU Toolchain arm-none-eabi/13.2 Rel1/bin/../lib/gcc/arm-none-eabi/13.2.1/thumb/v7e-m/nofp\libg.a(libc_a-findfp.o)
                0x08003a7c                __sfp_lock_acquire
 .text.__sfp_lock_release
                0x08003a88        0xc E:/Program Files (x86)/Arm GNU Toolchain arm-none-eabi/13.2 Rel1/bin/../lib/gcc/arm-none-eabi/13.2.1/thumb/v7e-m/nofp\libg.a(libc_a-findfp.o)
                0x08003a88                __sfp_lock_release
 .text._fwalk_sglue
                0x08003a94       0x44 E:/Program Files (x86)/Arm GNU Toolchain arm-none-eabi/13.2 Rel1/bin/../lib/gcc/arm-none-eabi/13.2.1/thumb/v7e-m/nofp\libg.a(libc_a-fwalk.o)
                0x08003a94                _fwalk_sglue
 .text.printf   0x08003ad8       0x28 E:/Program Files (x86)/Arm GNU Toolchain arm-none-eabi/13.2 Rel1/bin/../lib/gcc/arm-none-eabi/13.2.1/thumb/v7e-m/nofp\libg.a(libc_a-printf.o)
                0x08003ad8                printf
 .text._puts_r  0x08003b00       0x98 E:/Program Files (x86)/Arm GNU Toolchain arm-none-eabi/13.2 Rel1/bin/../lib/gcc/arm-none-eabi/13.2.1/thumb/v7e-m/nofp\libg.a(libc_a-puts.o)
                0x08003b00                _puts_r
 .text.puts     0x08003b98       0x10 E:/Program Files (x86)/Arm GNU Toolchain arm-none-eabi/13.2 Rel1/bin/../lib/gcc/arm-none-eabi/13.2.1/thumb/v7e-m/nofp\libg.a(libc_a-puts.o)
                0x08003b98                puts
 .text.__sread  0x08003ba8       0x24 E:/Program Files (x86)/Arm GNU Toolchain arm-none-eabi/13.2 Rel1/bin/../lib/gcc/arm-none-eabi/13.2.1/thumb/v7e-m/nofp\libg.a(libc_a-stdio.o)
                0x08003ba8                __sread
 .text.__swrite
                0x08003bcc       0x40 E:/Program Files (x86)/Arm GNU Toolchain arm-none-eabi/13.2 Rel1/bin/../lib/gcc/arm-none-eabi/13.2.1/thumb/v7e-m/nofp\libg.a(libc_a-stdio.o)
                0x08003bcc                __swrite
 .text.__sseek  0x08003c0c       0x24 E:/Program Files (x86)/Arm GNU Toolchain arm-none-eabi/13.2 Rel1/bin/../lib/gcc/arm-none-eabi/13.2.1/thumb/v7e-m/nofp\libg.a(libc_a-stdio.o)
                0x08003c0c                __sseek
 .text.__sclose
                0x08003c30        0x8 E:/Program Files (x86)/Arm GNU Toolchain arm-none-eabi/13.2 Rel1/bin/../lib/gcc/arm-none-eabi/13.2.1/thumb/v7e-m/nofp\libg.a(libc_a-stdio.o)
                0x08003c30                __sclose
 .text.memset   0x08003c38       0xa4 E:/Program Files (x86)/Arm GNU Toolchain arm-none-eabi/13.2 Rel1/bin/../lib/gcc/arm-none-eabi/13.2.1/thumb/v7e-m/nofp\libg.a(libc_a-memset.o)
                0x08003c38                memset
 .text._close_r
                0x08003cdc       0x24 E:/Program Files (x86)/Arm GNU Toolchain arm-none-eabi/13.2 Rel1/bin/../lib/gcc/arm-none-eabi/13.2.1/thumb/v7e-m/nofp\libg.a(libc_a-closer.o)
                0x08003cdc                _close_r
 .text._lseek_r
                0x08003d00       0x2c E:/Program Files (x86)/Arm GNU Toolchain arm-none-eabi/13.2 Rel1/bin/../lib/gcc/arm-none-eabi/13.2.1/thumb/v7e-m/nofp\libg.a(libc_a-lseekr.o)
                0x08003d00                _lseek_r
 .text._read_r  0x08003d2c       0x2c E:/Program Files (x86)/Arm GNU Toolchain arm-none-eabi/13.2 Rel1/bin/../lib/gcc/arm-none-eabi/13.2.1/thumb/v7e-m/nofp\libg.a(libc_a-readr.o)
                0x08003d2c                _read_r
 .text._write_r
                0x08003d58       0x2c E:/Program Files (x86)/Arm GNU Toolchain arm-none-eabi/13.2 Rel1/bin/../lib/gcc/arm-none-eabi/13.2.1/thumb/v7e-m/nofp\libg.a(libc_a-writer.o)
                0x08003d58                _write_r
 .text.__errno  0x08003d84        0xc E:/Program Files (x86)/Arm GNU Toolchain arm-none-eabi/13.2 Rel1/bin/../lib/gcc/arm-none-eabi/13.2.1/thumb/v7e-m/nofp\libg.a(libc_a-errno.o)
                0x08003d84                __errno
 .text.__libc_init_array
                0x08003d90       0x50 E:/Program Files (x86)/Arm GNU Toolchain arm-none-eabi/13.2 Rel1/bin/../lib/gcc/arm-none-eabi/13.2.1/thumb/v7e-m/nofp\libg.a(libc_a-init.o)
                0x08003d90                __libc_init_array
 .text.__retarget_lock_init_recursive
                0x08003de0        0x4 E:/Program Files (x86)/Arm GNU Toolchain arm-none-eabi/13.2 Rel1/bin/../lib/gcc/arm-none-eabi/13.2.1/thumb/v7e-m/nofp\libg.a(libc_a-lock.o)
                0x08003de0                __retarget_lock_init_recursive
 .text.__retarget_lock_close_recursive
                0x08003de4        0x4 E:/Program Files (x86)/Arm GNU Toolchain arm-none-eabi/13.2 Rel1/bin/../lib/gcc/arm-none-eabi/13.2.1/thumb/v7e-m/nofp\libg.a(libc_a-lock.o)
                0x08003de4                __retarget_lock_close_recursive
 .text.__retarget_lock_acquire_recursive
                0x08003de8        0x4 E:/Program Files (x86)/Arm GNU Toolchain arm-none-eabi/13.2 Rel1/bin/../lib/gcc/arm-none-eabi/13.2.1/thumb/v7e-m/nofp\libg.a(libc_a-lock.o)
                0x08003de8                __retarget_lock_acquire_recursive
 .text.__retarget_lock_release_recursive
                0x08003dec        0x4 E:/Program Files (x86)/Arm GNU Toolchain arm-none-eabi/13.2 Rel1/bin/../lib/gcc/arm-none-eabi/13.2.1/thumb/v7e-m/nofp\libg.a(libc_a-lock.o)
                0x08003dec                __retarget_lock_release_recursive
 .text.startup.register_fini
                0x08003df0       0x14 E:/Program Files (x86)/Arm GNU Toolchain arm-none-eabi/13.2 Rel1/bin/../lib/gcc/arm-none-eabi/13.2.1/thumb/v7e-m/nofp\libg.a(libc_a-__call_atexit.o)
 .text.atexit   0x08003e04        0xc E:/Program Files (x86)/Arm GNU Toolchain arm-none-eabi/13.2 Rel1/bin/../lib/gcc/arm-none-eabi/13.2.1/thumb/v7e-m/nofp\libg.a(libc_a-atexit.o)
                0x08003e04                atexit
 .text._malloc_trim_r
                0x08003e10       0xb8 E:/Program Files (x86)/Arm GNU Toolchain arm-none-eabi/13.2 Rel1/bin/../lib/gcc/arm-none-eabi/13.2.1/thumb/v7e-m/nofp\libg.a(libc_a-freer.o)
                0x08003e10                _malloc_trim_r
 .text._free_r  0x08003ec8      0x1f8 E:/Program Files (x86)/Arm GNU Toolchain arm-none-eabi/13.2 Rel1/bin/../lib/gcc/arm-none-eabi/13.2.1/thumb/v7e-m/nofp\libg.a(libc_a-freer.o)
                0x08003ec8                _free_r
 .text._malloc_r
                0x080040c0      0x564 E:/Program Files (x86)/Arm GNU Toolchain arm-none-eabi/13.2 Rel1/bin/../lib/gcc/arm-none-eabi/13.2.1/thumb/v7e-m/nofp\libg.a(libc_a-mallocr.o)
                0x080040c0                _malloc_r
 .text.__malloc_lock
                0x08004624        0xc E:/Program Files (x86)/Arm GNU Toolchain arm-none-eabi/13.2 Rel1/bin/../lib/gcc/arm-none-eabi/13.2.1/thumb/v7e-m/nofp\libg.a(libc_a-mlock.o)
                0x08004624                __malloc_lock
 .text.__malloc_unlock
                0x08004630        0xc E:/Program Files (x86)/Arm GNU Toolchain arm-none-eabi/13.2 Rel1/bin/../lib/gcc/arm-none-eabi/13.2.1/thumb/v7e-m/nofp\libg.a(libc_a-mlock.o)
                0x08004630                __malloc_unlock
 .text._vfprintf_r
                0x0800463c     0x1c30 E:/Program Files (x86)/Arm GNU Toolchain arm-none-eabi/13.2 Rel1/bin/../lib/gcc/arm-none-eabi/13.2.1/thumb/v7e-m/nofp\libg.a(libc_a-vfprintf.o)
                0x0800463c                _vfprintf_r
 .text.__sbprintf
                0x0800626c       0x80 E:/Program Files (x86)/Arm GNU Toolchain arm-none-eabi/13.2 Rel1/bin/../lib/gcc/arm-none-eabi/13.2.1/thumb/v7e-m/nofp\libg.a(libc_a-vfprintf.o)
 .text.__sprint_r.part.0
                0x080062ec       0x78 E:/Program Files (x86)/Arm GNU Toolchain arm-none-eabi/13.2 Rel1/bin/../lib/gcc/arm-none-eabi/13.2.1/thumb/v7e-m/nofp\libg.a(libc_a-vfiprintf.o)
 .text.__sprint_r
                0x08006364       0x14 E:/Program Files (x86)/Arm GNU Toolchain arm-none-eabi/13.2 Rel1/bin/../lib/gcc/arm-none-eabi/13.2.1/thumb/v7e-m/nofp\libg.a(libc_a-vfiprintf.o)
                0x08006364                __sprint_r
 .text._vfiprintf_r
                0x08006378     0x100c E:/Program Files (x86)/Arm GNU Toolchain arm-none-eabi/13.2 Rel1/bin/../lib/gcc/arm-none-eabi/13.2.1/thumb/v7e-m/nofp\libg.a(libc_a-vfiprintf.o)
                0x08006378                _vfiprintf_r
 .text.__sbprintf
                0x08007384       0x80 E:/Program Files (x86)/Arm GNU Toolchain arm-none-eabi/13.2 Rel1/bin/../lib/gcc/arm-none-eabi/13.2.1/thumb/v7e-m/nofp\libg.a(libc_a-vfiprintf.o)
 .text._fclose_r
                0x08007404       0xc0 E:/Program Files (x86)/Arm GNU Toolchain arm-none-eabi/13.2 Rel1/bin/../lib/gcc/arm-none-eabi/13.2.1/thumb/v7e-m/nofp\libg.a(libc_a-fclose.o)
                0x08007404                _fclose_r
 .text.__sflush_r
                0x080074c4      0x128 E:/Program Files (x86)/Arm GNU Toolchain arm-none-eabi/13.2 Rel1/bin/../lib/gcc/arm-none-eabi/13.2.1/thumb/v7e-m/nofp\libg.a(libc_a-fflush.o)
                0x080074c4                __sflush_r
 .text._fflush_r
                0x080075ec       0x54 E:/Program Files (x86)/Arm GNU Toolchain arm-none-eabi/13.2 Rel1/bin/../lib/gcc/arm-none-eabi/13.2.1/thumb/v7e-m/nofp\libg.a(libc_a-fflush.o)
                0x080075ec                _fflush_r
 .text.__sfvwrite_r
                0x08007640      0x2f8 E:/Program Files (x86)/Arm GNU Toolchain arm-none-eabi/13.2 Rel1/bin/../lib/gcc/arm-none-eabi/13.2.1/thumb/v7e-m/nofp\libg.a(libc_a-fvwrite.o)
                0x08007640                __sfvwrite_r
 .text.__swbuf_r
                0x08007938       0xac E:/Program Files (x86)/Arm GNU Toolchain arm-none-eabi/13.2 Rel1/bin/../lib/gcc/arm-none-eabi/13.2.1/thumb/v7e-m/nofp\libg.a(libc_a-wbuf.o)
                0x08007938                __swbuf_r
 .text.__swsetup_r
                0x080079e4       0xc4 E:/Program Files (x86)/Arm GNU Toolchain arm-none-eabi/13.2 Rel1/bin/../lib/gcc/arm-none-eabi/13.2.1/thumb/v7e-m/nofp\libg.a(libc_a-wsetup.o)
                0x080079e4                __swsetup_r
 .text.__fputwc
                0x08007aa8       0x7c E:/Program Files (x86)/Arm GNU Toolchain arm-none-eabi/13.2 Rel1/bin/../lib/gcc/arm-none-eabi/13.2.1/thumb/v7e-m/nofp\libg.a(libc_a-fputwc.o)
                0x08007aa8                __fputwc
 .text._fputwc_r
                0x08007b24       0x60 E:/Program Files (x86)/Arm GNU Toolchain arm-none-eabi/13.2 Rel1/bin/../lib/gcc/arm-none-eabi/13.2.1/thumb/v7e-m/nofp\libg.a(libc_a-fputwc.o)
                0x08007b24                _fputwc_r
 .text.memmove  0x08007b84      0x100 E:/Program Files (x86)/Arm GNU Toolchain arm-none-eabi/13.2 Rel1/bin/../lib/gcc/arm-none-eabi/13.2.1/thumb/v7e-m/nofp\libg.a(libc_a-memmove.o)
                0x08007b84                memmove
 .text.strncpy  0x08007c84       0x68 E:/Program Files (x86)/Arm GNU Toolchain arm-none-eabi/13.2 Rel1/bin/../lib/gcc/arm-none-eabi/13.2.1/thumb/v7e-m/nofp\libg.a(libc_a-strncpy.o)
                0x08007c84                strncpy
 .text.__locale_mb_cur_max
                0x08007cec        0xc E:/Program Files (x86)/Arm GNU Toolchain arm-none-eabi/13.2 Rel1/bin/../lib/gcc/arm-none-eabi/13.2.1/thumb/v7e-m/nofp\libg.a(libc_a-locale.o)
                0x08007cec                __locale_mb_cur_max
 .text._localeconv_r
                0x08007cf8        0x8 E:/Program Files (x86)/Arm GNU Toolchain arm-none-eabi/13.2 Rel1/bin/../lib/gcc/arm-none-eabi/13.2.1/thumb/v7e-m/nofp\libg.a(libc_a-localeconv.o)
                0x08007cf8                _localeconv_r
 .text._sbrk_r  0x08007d00       0x24 E:/Program Files (x86)/Arm GNU Toolchain arm-none-eabi/13.2 Rel1/bin/../lib/gcc/arm-none-eabi/13.2.1/thumb/v7e-m/nofp\libg.a(libc_a-sbrkr.o)
                0x08007d00                _sbrk_r
 .text.__libc_fini_array
                0x08007d24       0x28 E:/Program Files (x86)/Arm GNU Toolchain arm-none-eabi/13.2 Rel1/bin/../lib/gcc/arm-none-eabi/13.2.1/thumb/v7e-m/nofp\libg.a(libc_a-fini.o)
                0x08007d24                __libc_fini_array
 .text.sysconf  0x08007d4c       0x1c E:/Program Files (x86)/Arm GNU Toolchain arm-none-eabi/13.2 Rel1/bin/../lib/gcc/arm-none-eabi/13.2.1/thumb/v7e-m/nofp\libg.a(libc_a-sysconf.o)
                0x08007d4c                sysconf
 .text.frexp    0x08007d68       0x6c E:/Program Files (x86)/Arm GNU Toolchain arm-none-eabi/13.2 Rel1/bin/../lib/gcc/arm-none-eabi/13.2.1/thumb/v7e-m/nofp\libg.a(libm_a-s_frexp.o)
                0x08007d68                frexp
 .text.__register_exitproc
                0x08007dd4       0x80 E:/Program Files (x86)/Arm GNU Toolchain arm-none-eabi/13.2 Rel1/bin/../lib/gcc/arm-none-eabi/13.2.1/thumb/v7e-m/nofp\libg.a(libc_a-__atexit.o)
                0x08007dd4                __register_exitproc
 .text.quorem   0x08007e54      0x12c E:/Program Files (x86)/Arm GNU Toolchain arm-none-eabi/13.2 Rel1/bin/../lib/gcc/arm-none-eabi/13.2.1/thumb/v7e-m/nofp\libg.a(libc_a-dtoa.o)
 .text._dtoa_r  0x08007f80      0xe80 E:/Program Files (x86)/Arm GNU Toolchain arm-none-eabi/13.2 Rel1/bin/../lib/gcc/arm-none-eabi/13.2.1/thumb/v7e-m/nofp\libg.a(libc_a-dtoa.o)
                0x08007f80                _dtoa_r
 .text.__ascii_mbtowc
                0x08008e00       0x2c E:/Program Files (x86)/Arm GNU Toolchain arm-none-eabi/13.2 Rel1/bin/../lib/gcc/arm-none-eabi/13.2.1/thumb/v7e-m/nofp\libg.a(libc_a-mbtowc_r.o)
                0x08008e00                __ascii_mbtowc
 .text._Balloc  0x08008e2c       0x4c E:/Program Files (x86)/Arm GNU Toolchain arm-none-eabi/13.2 Rel1/bin/../lib/gcc/arm-none-eabi/13.2.1/thumb/v7e-m/nofp\libg.a(libc_a-mprec.o)
                0x08008e2c                _Balloc
 .text._Bfree   0x08008e78       0x14 E:/Program Files (x86)/Arm GNU Toolchain arm-none-eabi/13.2 Rel1/bin/../lib/gcc/arm-none-eabi/13.2.1/thumb/v7e-m/nofp\libg.a(libc_a-mprec.o)
                0x08008e78                _Bfree
 .text.__multadd
                0x08008e8c       0xa0 E:/Program Files (x86)/Arm GNU Toolchain arm-none-eabi/13.2 Rel1/bin/../lib/gcc/arm-none-eabi/13.2.1/thumb/v7e-m/nofp\libg.a(libc_a-mprec.o)
                0x08008e8c                __multadd
 .text.__hi0bits
                0x08008f2c       0x44 E:/Program Files (x86)/Arm GNU Toolchain arm-none-eabi/13.2 Rel1/bin/../lib/gcc/arm-none-eabi/13.2.1/thumb/v7e-m/nofp\libg.a(libc_a-mprec.o)
                0x08008f2c                __hi0bits
 .text.__lo0bits
                0x08008f70       0x60 E:/Program Files (x86)/Arm GNU Toolchain arm-none-eabi/13.2 Rel1/bin/../lib/gcc/arm-none-eabi/13.2.1/thumb/v7e-m/nofp\libg.a(libc_a-mprec.o)
                0x08008f70                __lo0bits
 .text.__i2b    0x08008fd0       0x5c E:/Program Files (x86)/Arm GNU Toolchain arm-none-eabi/13.2 Rel1/bin/../lib/gcc/arm-none-eabi/13.2.1/thumb/v7e-m/nofp\libg.a(libc_a-mprec.o)
                0x08008fd0                __i2b
 .text.__multiply
                0x0800902c      0x16c E:/Program Files (x86)/Arm GNU Toolchain arm-none-eabi/13.2 Rel1/bin/../lib/gcc/arm-none-eabi/13.2.1/thumb/v7e-m/nofp\libg.a(libc_a-mprec.o)
                0x0800902c                __multiply
 .text.__pow5mult
                0x08009198       0xb4 E:/Program Files (x86)/Arm GNU Toolchain arm-none-eabi/13.2 Rel1/bin/../lib/gcc/arm-none-eabi/13.2.1/thumb/v7e-m/nofp\libg.a(libc_a-mprec.o)
                0x08009198                __pow5mult
 .text.__lshift
                0x0800924c       0xf0 E:/Program Files (x86)/Arm GNU Toolchain arm-none-eabi/13.2 Rel1/bin/../lib/gcc/arm-none-eabi/13.2.1/thumb/v7e-m/nofp\libg.a(libc_a-mprec.o)
                0x0800924c                __lshift
 .text.__mcmp   0x0800933c       0x40 E:/Program Files (x86)/Arm GNU Toolchain arm-none-eabi/13.2 Rel1/bin/../lib/gcc/arm-none-eabi/13.2.1/thumb/v7e-m/nofp\libg.a(libc_a-mprec.o)
                0x0800933c                __mcmp
 .text.__mdiff  0x0800937c      0x178 E:/Program Files (x86)/Arm GNU Toolchain arm-none-eabi/13.2 Rel1/bin/../lib/gcc/arm-none-eabi/13.2.1/thumb/v7e-m/nofp\libg.a(libc_a-mprec.o)
                0x0800937c                __mdiff
 .text.__d2b    0x080094f4       0xbc E:/Program Files (x86)/Arm GNU Toolchain arm-none-eabi/13.2 Rel1/bin/../lib/gcc/arm-none-eabi/13.2.1/thumb/v7e-m/nofp\libg.a(libc_a-mprec.o)
                0x080094f4                __d2b
 .text._realloc_r
                0x080095b0      0x344 E:/Program Files (x86)/Arm GNU Toolchain arm-none-eabi/13.2 Rel1/bin/../lib/gcc/arm-none-eabi/13.2.1/thumb/v7e-m/nofp\libg.a(libc_a-reallocr.o)
                0x080095b0                _realloc_r
 .text.__ascii_wctomb
                0x080098f4       0x1c E:/Program Files (x86)/Arm GNU Toolchain arm-none-eabi/13.2 Rel1/bin/../lib/gcc/arm-none-eabi/13.2.1/thumb/v7e-m/nofp\libg.a(libc_a-wctomb_r.o)
                0x080098f4                __ascii_wctomb
 .text._wcrtomb_r
                0x08009910       0x4c E:/Program Files (x86)/Arm GNU Toolchain arm-none-eabi/13.2 Rel1/bin/../lib/gcc/arm-none-eabi/13.2.1/thumb/v7e-m/nofp\libg.a(libc_a-wcrtomb.o)
                0x08009910                _wcrtomb_r
 .text._wcsrtombs_r
                0x0800995c       0x1c E:/Program Files (x86)/Arm GNU Toolchain arm-none-eabi/13.2 Rel1/bin/../lib/gcc/arm-none-eabi/13.2.1/thumb/v7e-m/nofp\libg.a(libc_a-wcsrtombs.o)
                0x0800995c                _wcsrtombs_r
 .text.__smakebuf_r
                0x08009978       0xdc E:/Program Files (x86)/Arm GNU Toolchain arm-none-eabi/13.2 Rel1/bin/../lib/gcc/arm-none-eabi/13.2.1/thumb/v7e-m/nofp\libg.a(libc_a-makebuf.o)
                0x08009978                __smakebuf_r
 .text._fstat_r
                0x08009a54       0x2c E:/Program Files (x86)/Arm GNU Toolchain arm-none-eabi/13.2 Rel1/bin/../lib/gcc/arm-none-eabi/13.2.1/thumb/v7e-m/nofp\libg.a(libc_a-fstatr.o)
                0x08009a54                _fstat_r
 .text._isatty_r
                0x08009a80       0x24 E:/Program Files (x86)/Arm GNU Toolchain arm-none-eabi/13.2 Rel1/bin/../lib/gcc/arm-none-eabi/13.2.1/thumb/v7e-m/nofp\libg.a(libc_a-isattyr.o)
                0x08009a80                _isatty_r
 .text.__assert_func
                0x08009aa4       0x40 E:/Program Files (x86)/Arm GNU Toolchain arm-none-eabi/13.2 Rel1/bin/../lib/gcc/arm-none-eabi/13.2.1/thumb/v7e-m/nofp\libg.a(libc_a-assert.o)
                0x08009aa4                __assert_func
 .text._calloc_r
                0x08009ae4       0x6c E:/Program Files (x86)/Arm GNU Toolchain arm-none-eabi/13.2 Rel1/bin/../lib/gcc/arm-none-eabi/13.2.1/thumb/v7e-m/nofp\libg.a(libc_a-callocr.o)
                0x08009ae4                _calloc_r
 .text._wcsnrtombs_l
                0x08009b50       0xec E:/Program Files (x86)/Arm GNU Toolchain arm-none-eabi/13.2 Rel1/bin/../lib/gcc/arm-none-eabi/13.2.1/thumb/v7e-m/nofp\libg.a(libc_a-wcsnrtombs.o)
                0x08009b50                _wcsnrtombs_l
 .text._wcsnrtombs_r
                0x08009c3c       0x24 E:/Program Files (x86)/Arm GNU Toolchain arm-none-eabi/13.2 Rel1/bin/../lib/gcc/arm-none-eabi/13.2.1/thumb/v7e-m/nofp\libg.a(libc_a-wcsnrtombs.o)
                0x08009c3c                _wcsnrtombs_r
 .text.fiprintf
                0x08009c60       0x28 E:/Program Files (x86)/Arm GNU Toolchain arm-none-eabi/13.2 Rel1/bin/../lib/gcc/arm-none-eabi/13.2.1/thumb/v7e-m/nofp\libg.a(libc_a-fiprintf.o)
                0x08009c60                fiprintf
 .text.abort    0x08009c88       0x10 E:/Program Files (x86)/Arm GNU Toolchain arm-none-eabi/13.2 Rel1/bin/../lib/gcc/arm-none-eabi/13.2.1/thumb/v7e-m/nofp\libg.a(libc_a-abort.o)
                0x08009c88                abort
 .text.raise    0x08009c98       0x58 E:/Program Files (x86)/Arm GNU Toolchain arm-none-eabi/13.2 Rel1/bin/../lib/gcc/arm-none-eabi/13.2.1/thumb/v7e-m/nofp\libg.a(libc_a-signal.o)
                0x08009c98                raise
 .text._kill_r  0x08009cf0       0x2c E:/Program Files (x86)/Arm GNU Toolchain arm-none-eabi/13.2 Rel1/bin/../lib/gcc/arm-none-eabi/13.2.1/thumb/v7e-m/nofp\libg.a(libc_a-signalr.o)
                0x08009cf0                _kill_r
 .text._getpid_r
                0x08009d1c        0x4 E:/Program Files (x86)/Arm GNU Toolchain arm-none-eabi/13.2 Rel1/bin/../lib/gcc/arm-none-eabi/13.2.1/thumb/v7e-m/nofp\libg.a(libc_a-signalr.o)
                0x08009d1c                _getpid_r
 *(.glue_7)
 .glue_7        0x08009d20        0x0 linker stubs
 *(.glue_7t)
 .glue_7t       0x08009d20        0x0 linker stubs
 *(.eh_frame)
 .eh_frame      0x08009d20        0x0 E:/Program Files (x86)/Arm GNU Toolchain arm-none-eabi/13.2 Rel1/bin/../lib/gcc/arm-none-eabi/13.2.1/thumb/v7e-m/nofp/crtbegin.o
 *(.init)
 .init          0x08009d20        0x4 E:/Program Files (x86)/Arm GNU Toolchain arm-none-eabi/13.2 Rel1/bin/../lib/gcc/arm-none-eabi/13.2.1/thumb/v7e-m/nofp/crti.o
                0x08009d20                _init
 .init          0x08009d24        0x8 E:/Program Files (x86)/Arm GNU Toolchain arm-none-eabi/13.2 Rel1/bin/../lib/gcc/arm-none-eabi/13.2.1/thumb/v7e-m/nofp/crtn.o
 *(.fini)
 .fini          0x08009d2c        0x4 E:/Program Files (x86)/Arm GNU Toolchain arm-none-eabi/13.2 Rel1/bin/../lib/gcc/arm-none-eabi/13.2.1/thumb/v7e-m/nofp/crti.o
                0x08009d2c                _fini
 .fini          0x08009d30        0x8 E:/Program Files (x86)/Arm GNU Toolchain arm-none-eabi/13.2 Rel1/bin/../lib/gcc/arm-none-eabi/13.2.1/thumb/v7e-m/nofp/crtn.o
                0x08009d38                        . = ALIGN (0x4)
                0x08009d38                        _etext = .

.vfp11_veneer   0x08009d38        0x0
 .vfp11_veneer  0x08009d38        0x0 linker stubs

.v4_bx          0x08009d38        0x0
 .v4_bx         0x08009d38        0x0 linker stubs

.iplt           0x08009d38        0x0
 .iplt          0x08009d38        0x0 E:/Program Files (x86)/Arm GNU Toolchain arm-none-eabi/13.2 Rel1/bin/../lib/gcc/arm-none-eabi/13.2.1/thumb/v7e-m/nofp/crtbegin.o

.rodata         0x08009d38      0x49c
                0x08009d38                        . = ALIGN (0x4)
 *(.rodata)
 *(.rodata*)
 .rodata.ADS1292RegisterReadSingle.str1.4
                0x08009d38      0x237 CMakeFiles/QEA2.elf.dir/Core/Src/ADS1292.c.obj
                                 0x1f (size before relaxing)
 .rodata.ADS1292RegisterWriteSingle.str1.4
                0x08009f6f       0x27 CMakeFiles/QEA2.elf.dir/Core/Src/ADS1292.c.obj
 .rodata.ADS1292Init.str1.4
                0x08009f6f       0x42 CMakeFiles/QEA2.elf.dir/Core/Src/ADS1292.c.obj
 .rodata.IIRFilter.str1.4
                0x08009f6f        0x4 CMakeFiles/QEA2.elf.dir/Core/Src/IIRFilter.c.obj
 *fill*         0x08009f6f        0x1 
 .rodata.APBPrescTable
                0x08009f70        0x8 CMakeFiles/QEA2.elf.dir/Core/Src/system_stm32f4xx.c.obj
                0x08009f70                APBPrescTable
 .rodata.AHBPrescTable
                0x08009f78       0x10 CMakeFiles/QEA2.elf.dir/Core/Src/system_stm32f4xx.c.obj
                0x08009f78                AHBPrescTable
 .rodata.flagBitshiftOffset.0
                0x08009f88        0x8 CMakeFiles/QEA2.elf.dir/Drivers/STM32F4xx_HAL_Driver/Src/stm32f4xx_hal_dma.c.obj
 .rodata._puts_r.str1.4
                0x08009f90        0x2 E:/Program Files (x86)/Arm GNU Toolchain arm-none-eabi/13.2 Rel1/bin/../lib/gcc/arm-none-eabi/13.2.1/thumb/v7e-m/nofp\libg.a(libc_a-puts.o)
 .rodata._vfprintf_r.str1.4
                0x08009f90       0x42 E:/Program Files (x86)/Arm GNU Toolchain arm-none-eabi/13.2 Rel1/bin/../lib/gcc/arm-none-eabi/13.2.1/thumb/v7e-m/nofp\libg.a(libc_a-vfprintf.o)
 .rodata.zeroes.0
                0x08009f90       0x10 E:/Program Files (x86)/Arm GNU Toolchain arm-none-eabi/13.2 Rel1/bin/../lib/gcc/arm-none-eabi/13.2.1/thumb/v7e-m/nofp\libg.a(libc_a-vfprintf.o)
 .rodata.blanks.1
                0x08009fa0       0x10 E:/Program Files (x86)/Arm GNU Toolchain arm-none-eabi/13.2 Rel1/bin/../lib/gcc/arm-none-eabi/13.2.1/thumb/v7e-m/nofp\libg.a(libc_a-vfprintf.o)
 .rodata._vfiprintf_r.str1.4
                0x08009fb0       0x2f E:/Program Files (x86)/Arm GNU Toolchain arm-none-eabi/13.2 Rel1/bin/../lib/gcc/arm-none-eabi/13.2.1/thumb/v7e-m/nofp\libg.a(libc_a-vfiprintf.o)
 .rodata.zeroes.0
                0x08009fb0       0x10 E:/Program Files (x86)/Arm GNU Toolchain arm-none-eabi/13.2 Rel1/bin/../lib/gcc/arm-none-eabi/13.2.1/thumb/v7e-m/nofp\libg.a(libc_a-vfiprintf.o)
 .rodata.blanks.1
                0x08009fc0       0x10 E:/Program Files (x86)/Arm GNU Toolchain arm-none-eabi/13.2 Rel1/bin/../lib/gcc/arm-none-eabi/13.2.1/thumb/v7e-m/nofp\libg.a(libc_a-vfiprintf.o)
 .rodata.str1.4
                0x08009fd0       0x4c E:/Program Files (x86)/Arm GNU Toolchain arm-none-eabi/13.2 Rel1/bin/../lib/gcc/arm-none-eabi/13.2.1/thumb/v7e-m/nofp\libg.a(libc_a-locale.o)
 .rodata._dtoa_r.str1.4
                0x08009fd0       0x81 E:/Program Files (x86)/Arm GNU Toolchain arm-none-eabi/13.2 Rel1/bin/../lib/gcc/arm-none-eabi/13.2.1/thumb/v7e-m/nofp\libg.a(libc_a-dtoa.o)
 .rodata.__multadd.str1.4
                0x08009fd0       0x6e E:/Program Files (x86)/Arm GNU Toolchain arm-none-eabi/13.2 Rel1/bin/../lib/gcc/arm-none-eabi/13.2.1/thumb/v7e-m/nofp\libg.a(libc_a-mprec.o)
 .rodata.p05.0  0x08009fd0        0xc E:/Program Files (x86)/Arm GNU Toolchain arm-none-eabi/13.2 Rel1/bin/../lib/gcc/arm-none-eabi/13.2.1/thumb/v7e-m/nofp\libg.a(libc_a-mprec.o)
 *fill*         0x08009fdc        0x4 
 .rodata.__mprec_bigtens
                0x08009fe0       0x28 E:/Program Files (x86)/Arm GNU Toolchain arm-none-eabi/13.2 Rel1/bin/../lib/gcc/arm-none-eabi/13.2.1/thumb/v7e-m/nofp\libg.a(libc_a-mprec.o)
                0x08009fe0                __mprec_bigtens
 .rodata.__mprec_tens
                0x0800a008       0xc8 E:/Program Files (x86)/Arm GNU Toolchain arm-none-eabi/13.2 Rel1/bin/../lib/gcc/arm-none-eabi/13.2.1/thumb/v7e-m/nofp\libg.a(libc_a-mprec.o)
                0x0800a008                __mprec_tens
 .rodata._ctype_
                0x0800a0d0      0x101 E:/Program Files (x86)/Arm GNU Toolchain arm-none-eabi/13.2 Rel1/bin/../lib/gcc/arm-none-eabi/13.2.1/thumb/v7e-m/nofp\libg.a(libc_a-ctype_.o)
                0x0800a0d0                _ctype_
 .rodata.__assert_func.str1.4
                0x0800a1d1       0x43 E:/Program Files (x86)/Arm GNU Toolchain arm-none-eabi/13.2 Rel1/bin/../lib/gcc/arm-none-eabi/13.2.1/thumb/v7e-m/nofp\libg.a(libc_a-assert.o)
                0x0800a214                        . = ALIGN (0x4)
 *fill*         0x0800a1d1        0x3 

.ARM.extab      0x0800a1d4        0x0
                0x0800a1d4                        . = ALIGN (0x4)
 *(.ARM.extab* .gnu.linkonce.armextab.*)
                0x0800a1d4                        . = ALIGN (0x4)

.ARM            0x0800a1d4        0x8
                0x0800a1d4                        . = ALIGN (0x4)
                0x0800a1d4                        __exidx_start = .
 *(.ARM.exidx*)
 .ARM.exidx     0x0800a1d4        0x8 E:/Program Files (x86)/Arm GNU Toolchain arm-none-eabi/13.2 Rel1/bin/../lib/gcc/arm-none-eabi/13.2.1/thumb/v7e-m/nofp\libg.a(libc_a-strlen.o)
 .ARM.exidx     0x0800a1dc        0x0 E:/Program Files (x86)/Arm GNU Toolchain arm-none-eabi/13.2 Rel1/bin/../lib/gcc/arm-none-eabi/13.2.1/thumb/v7e-m/nofp\libg.a(libc_a-memchr.o)
                                  0x8 (size before relaxing)
 .ARM.exidx     0x0800a1dc        0x0 E:/Program Files (x86)/Arm GNU Toolchain arm-none-eabi/13.2 Rel1/bin/../lib/gcc/arm-none-eabi/13.2.1/thumb/v7e-m/nofp\libg.a(libc_a-memcpy.o)
                                  0x8 (size before relaxing)
 .ARM.exidx.text.__udivmoddi4
                0x0800a1dc        0x0 E:/Program Files (x86)/Arm GNU Toolchain arm-none-eabi/13.2 Rel1/bin/../lib/gcc/arm-none-eabi/13.2.1/thumb/v7e-m/nofp\libgcc.a(_udivmoddi4.o)
                                  0x8 (size before relaxing)
                0x0800a1dc                        __exidx_end = .
                0x0800a1dc                        . = ALIGN (0x4)

.rel.dyn        0x0800a1dc        0x0
 .rel.iplt      0x0800a1dc        0x0 E:/Program Files (x86)/Arm GNU Toolchain arm-none-eabi/13.2 Rel1/bin/../lib/gcc/arm-none-eabi/13.2.1/thumb/v7e-m/nofp/crtbegin.o

.preinit_array  0x0800a1dc        0x0
                0x0800a1dc                        . = ALIGN (0x4)
                0x0800a1dc                        PROVIDE (__preinit_array_start = .)
 *(.preinit_array*)
                0x0800a1dc                        PROVIDE (__preinit_array_end = .)
                0x0800a1dc                        . = ALIGN (0x4)

.init_array     0x0800a1dc        0x8
                0x0800a1dc                        . = ALIGN (0x4)
                0x0800a1dc                        PROVIDE (__init_array_start = .)
 *(SORT_BY_NAME(.init_array.*))
 .init_array.00000
                0x0800a1dc        0x4 E:/Program Files (x86)/Arm GNU Toolchain arm-none-eabi/13.2 Rel1/bin/../lib/gcc/arm-none-eabi/13.2.1/thumb/v7e-m/nofp\libg.a(libc_a-__call_atexit.o)
 *(.init_array*)
 .init_array    0x0800a1e0        0x4 E:/Program Files (x86)/Arm GNU Toolchain arm-none-eabi/13.2 Rel1/bin/../lib/gcc/arm-none-eabi/13.2.1/thumb/v7e-m/nofp/crtbegin.o
                0x0800a1e4                        PROVIDE (__init_array_end = .)
                0x0800a1e4                        . = ALIGN (0x4)

.fini_array     0x0800a1e4        0x4
                0x0800a1e4                        . = ALIGN (0x4)
                0x0800a1e4                        PROVIDE (__fini_array_start = .)
 *(SORT_BY_NAME(.fini_array.*))
 *(.fini_array*)
 .fini_array    0x0800a1e4        0x4 E:/Program Files (x86)/Arm GNU Toolchain arm-none-eabi/13.2 Rel1/bin/../lib/gcc/arm-none-eabi/13.2.1/thumb/v7e-m/nofp/crtbegin.o
                0x0800a1e8                        PROVIDE (__fini_array_end = .)
                0x0800a1e8                        . = ALIGN (0x4)
                0x0800a1e8                        _sidata = LOADADDR (.data)

.data           0x20000000      0x6c4 load address 0x0800a1e8
                0x20000000                        . = ALIGN (0x4)
                0x20000000                        _sdata = .
 *(.data)
 *(.data*)
 .data.a        0x20000000        0x4 CMakeFiles/QEA2.elf.dir/Core/Src/IIRFilter.c.obj
                0x20000000                a
 .data.SystemCoreClock
                0x20000004        0x4 CMakeFiles/QEA2.elf.dir/Core/Src/system_stm32f4xx.c.obj
                0x20000004                SystemCoreClock
 .data.uwTickFreq
                0x20000008        0x1 CMakeFiles/QEA2.elf.dir/Drivers/STM32F4xx_HAL_Driver/Src/stm32f4xx_hal.c.obj
                0x20000008                uwTickFreq
 *fill*         0x20000009        0x3 
 .data.uwTickPrio
                0x2000000c        0x4 CMakeFiles/QEA2.elf.dir/Drivers/STM32F4xx_HAL_Driver/Src/stm32f4xx_hal.c.obj
                0x2000000c                uwTickPrio
 .data.__sglue  0x20000010        0xc E:/Program Files (x86)/Arm GNU Toolchain arm-none-eabi/13.2 Rel1/bin/../lib/gcc/arm-none-eabi/13.2.1/thumb/v7e-m/nofp\libg.a(libc_a-findfp.o)
                0x20000010                __sglue
 .data._impure_ptr
                0x2000001c        0x4 E:/Program Files (x86)/Arm GNU Toolchain arm-none-eabi/13.2 Rel1/bin/../lib/gcc/arm-none-eabi/13.2.1/thumb/v7e-m/nofp\libg.a(libc_a-impure.o)
                0x2000001c                _impure_ptr
 .data._impure_data
                0x20000020      0x120 E:/Program Files (x86)/Arm GNU Toolchain arm-none-eabi/13.2 Rel1/bin/../lib/gcc/arm-none-eabi/13.2.1/thumb/v7e-m/nofp\libg.a(libc_a-impure.o)
                0x20000020                _impure_data
 .data.__atexit_recursive_mutex
                0x20000140        0x4 E:/Program Files (x86)/Arm GNU Toolchain arm-none-eabi/13.2 Rel1/bin/../lib/gcc/arm-none-eabi/13.2.1/thumb/v7e-m/nofp\libg.a(libc_a-__call_atexit.o)
                0x20000140                __atexit_recursive_mutex
 .data.__malloc_sbrk_base
                0x20000144        0x4 E:/Program Files (x86)/Arm GNU Toolchain arm-none-eabi/13.2 Rel1/bin/../lib/gcc/arm-none-eabi/13.2.1/thumb/v7e-m/nofp\libg.a(libc_a-mallocr.o)
                0x20000144                __malloc_sbrk_base
 .data.__malloc_trim_threshold
                0x20000148        0x4 E:/Program Files (x86)/Arm GNU Toolchain arm-none-eabi/13.2 Rel1/bin/../lib/gcc/arm-none-eabi/13.2.1/thumb/v7e-m/nofp\libg.a(libc_a-mallocr.o)
                0x20000148                __malloc_trim_threshold
 *fill*         0x2000014c        0x4 
 .data.__malloc_av_
                0x20000150      0x408 E:/Program Files (x86)/Arm GNU Toolchain arm-none-eabi/13.2 Rel1/bin/../lib/gcc/arm-none-eabi/13.2.1/thumb/v7e-m/nofp\libg.a(libc_a-mallocr.o)
                0x20000150                __malloc_av_
 .data.__global_locale
                0x20000558      0x16c E:/Program Files (x86)/Arm GNU Toolchain arm-none-eabi/13.2 Rel1/bin/../lib/gcc/arm-none-eabi/13.2.1/thumb/v7e-m/nofp\libg.a(libc_a-locale.o)
                0x20000558                __global_locale
 *(.RamFunc)
 *(.RamFunc*)
                0x200006c4                        . = ALIGN (0x4)
                0x200006c4                        _edata = .
                0x0800a8ac                        _siccmram = LOADADDR (.ccmram)

.tm_clone_table
                0x200006c4        0x0 load address 0x0800a8ac
 .tm_clone_table
                0x200006c4        0x0 E:/Program Files (x86)/Arm GNU Toolchain arm-none-eabi/13.2 Rel1/bin/../lib/gcc/arm-none-eabi/13.2.1/thumb/v7e-m/nofp/crtbegin.o
 .tm_clone_table
                0x200006c4        0x0 E:/Program Files (x86)/Arm GNU Toolchain arm-none-eabi/13.2 Rel1/bin/../lib/gcc/arm-none-eabi/13.2.1/thumb/v7e-m/nofp/crtend.o

.igot.plt       0x200006c4        0x0 load address 0x0800a8ac
 .igot.plt      0x200006c4        0x0 E:/Program Files (x86)/Arm GNU Toolchain arm-none-eabi/13.2 Rel1/bin/../lib/gcc/arm-none-eabi/13.2.1/thumb/v7e-m/nofp/crtbegin.o

.ccmram         0x10000000        0x0 load address 0x0800a8ac
                0x10000000                        . = ALIGN (0x4)
                0x10000000                        _sccmram = .
 *(.ccmram)
 *(.ccmram*)
                0x10000000                        . = ALIGN (0x4)
                0x10000000                        _eccmram = .
                0x10000000                        . = ALIGN (0x4)

.bss            0x200006c4      0x4c4
                0x200006c4                        _sbss = .
                0x200006c4                        __bss_start__ = _sbss
 *(.bss)
 *(.bss*)
 .bss.completed.1
                0x200006c4        0x1 E:/Program Files (x86)/Arm GNU Toolchain arm-none-eabi/13.2 Rel1/bin/../lib/gcc/arm-none-eabi/13.2.1/thumb/v7e-m/nofp/crtbegin.o
 *fill*         0x200006c5        0x3 
 .bss.object.0  0x200006c8       0x18 E:/Program Files (x86)/Arm GNU Toolchain arm-none-eabi/13.2 Rel1/bin/../lib/gcc/arm-none-eabi/13.2.1/thumb/v7e-m/nofp/crtbegin.o
 .bss.ECGRawData
                0x200006e0        0x4 CMakeFiles/QEA2.elf.dir/Core/Src/ADS1292.c.obj
                0x200006e0                ECGRawData
 .bss.ADS1292R_ECG_BUFFER
                0x200006e4        0x8 CMakeFiles/QEA2.elf.dir/Core/Src/ADS1292.c.obj
                0x200006e4                ADS1292R_ECG_BUFFER
 .bss.device_id
                0x200006ec        0x1 CMakeFiles/QEA2.elf.dir/Core/Src/ADS1292.c.obj
                0x200006ec                device_id
 *fill*         0x200006ed        0x3 
 .bss.ads1292r_data_buff
                0x200006f0        0x9 CMakeFiles/QEA2.elf.dir/Core/Src/ADS1292.c.obj
                0x200006f0                ads1292r_data_buff
 *fill*         0x200006f9        0x1 
 .bss.heartRawData
                0x200006fa        0x2 CMakeFiles/QEA2.elf.dir/Core/Src/ADS1292.c.obj
                0x200006fa                heartRawData
 .bss.IIR_Result
                0x200006fc        0x2 CMakeFiles/QEA2.elf.dir/Core/Src/IIRFilter.c.obj
                0x200006fc                IIR_Result
 *fill*         0x200006fe        0x2 
 .bss.cur_output
                0x20000700        0x4 CMakeFiles/QEA2.elf.dir/Core/Src/IIRFilter.c.obj
                0x20000700                cur_output
 .bss.cur_input
                0x20000704        0x2 CMakeFiles/QEA2.elf.dir/Core/Src/IIRFilter.c.obj
                0x20000704                cur_input
 *fill*         0x20000706        0x2 
 .bss.last_output
                0x20000708        0x4 CMakeFiles/QEA2.elf.dir/Core/Src/IIRFilter.c.obj
                0x20000708                last_output
 .bss.last_input
                0x2000070c        0x4 CMakeFiles/QEA2.elf.dir/Core/Src/IIRFilter.c.obj
                0x2000070c                last_input
 .bss.hspi3     0x20000710       0x58 CMakeFiles/QEA2.elf.dir/Core/Src/spi.c.obj
                0x20000710                hspi3
 .bss.__sbrk_heap_end
                0x20000768        0x4 CMakeFiles/QEA2.elf.dir/Core/Src/sysmem.c.obj
 .bss.hdma_usart1_tx
                0x2000076c       0x60 CMakeFiles/QEA2.elf.dir/Core/Src/usart.c.obj
                0x2000076c                hdma_usart1_tx
 .bss.hdma_usart1_rx
                0x200007cc       0x60 CMakeFiles/QEA2.elf.dir/Core/Src/usart.c.obj
                0x200007cc                hdma_usart1_rx
 .bss.huart1    0x2000082c       0x44 CMakeFiles/QEA2.elf.dir/Core/Src/usart.c.obj
                0x2000082c                huart1
 .bss.uwTick    0x20000870        0x4 CMakeFiles/QEA2.elf.dir/Drivers/STM32F4xx_HAL_Driver/Src/stm32f4xx_hal.c.obj
                0x20000870                uwTick
 .bss.__sf      0x20000874      0x138 E:/Program Files (x86)/Arm GNU Toolchain arm-none-eabi/13.2 Rel1/bin/../lib/gcc/arm-none-eabi/13.2.1/thumb/v7e-m/nofp\libg.a(libc_a-findfp.o)
                0x20000874                __sf
 .bss.__stdio_exit_handler
                0x200009ac        0x4 E:/Program Files (x86)/Arm GNU Toolchain arm-none-eabi/13.2 Rel1/bin/../lib/gcc/arm-none-eabi/13.2.1/thumb/v7e-m/nofp\libg.a(libc_a-findfp.o)
                0x200009ac                __stdio_exit_handler
 .bss.errno     0x200009b0        0x4 E:/Program Files (x86)/Arm GNU Toolchain arm-none-eabi/13.2 Rel1/bin/../lib/gcc/arm-none-eabi/13.2.1/thumb/v7e-m/nofp\libg.a(libc_a-reent.o)
                0x200009b0                errno
 .bss.__lock___malloc_recursive_mutex
                0x200009b4        0x1 E:/Program Files (x86)/Arm GNU Toolchain arm-none-eabi/13.2 Rel1/bin/../lib/gcc/arm-none-eabi/13.2.1/thumb/v7e-m/nofp\libg.a(libc_a-lock.o)
                0x200009b4                __lock___malloc_recursive_mutex
 *fill*         0x200009b5        0x3 
 .bss.__lock___atexit_recursive_mutex
                0x200009b8        0x1 E:/Program Files (x86)/Arm GNU Toolchain arm-none-eabi/13.2 Rel1/bin/../lib/gcc/arm-none-eabi/13.2.1/thumb/v7e-m/nofp\libg.a(libc_a-lock.o)
                0x200009b8                __lock___atexit_recursive_mutex
 *fill*         0x200009b9        0x3 
 .bss.__lock___sfp_recursive_mutex
                0x200009bc        0x1 E:/Program Files (x86)/Arm GNU Toolchain arm-none-eabi/13.2 Rel1/bin/../lib/gcc/arm-none-eabi/13.2.1/thumb/v7e-m/nofp\libg.a(libc_a-lock.o)
                0x200009bc                __lock___sfp_recursive_mutex
 *fill*         0x200009bd        0x3 
 .bss.__atexit  0x200009c0        0x4 E:/Program Files (x86)/Arm GNU Toolchain arm-none-eabi/13.2 Rel1/bin/../lib/gcc/arm-none-eabi/13.2.1/thumb/v7e-m/nofp\libg.a(libc_a-__call_atexit.o)
                0x200009c0                __atexit
 .bss.__malloc_current_mallinfo
                0x200009c4       0x28 E:/Program Files (x86)/Arm GNU Toolchain arm-none-eabi/13.2 Rel1/bin/../lib/gcc/arm-none-eabi/13.2.1/thumb/v7e-m/nofp\libg.a(libc_a-mallocr.o)
                0x200009c4                __malloc_current_mallinfo
 .bss.__malloc_max_total_mem
                0x200009ec        0x4 E:/Program Files (x86)/Arm GNU Toolchain arm-none-eabi/13.2 Rel1/bin/../lib/gcc/arm-none-eabi/13.2.1/thumb/v7e-m/nofp\libg.a(libc_a-mallocr.o)
                0x200009ec                __malloc_max_total_mem
 .bss.__malloc_max_sbrked_mem
                0x200009f0        0x4 E:/Program Files (x86)/Arm GNU Toolchain arm-none-eabi/13.2 Rel1/bin/../lib/gcc/arm-none-eabi/13.2.1/thumb/v7e-m/nofp\libg.a(libc_a-mallocr.o)
                0x200009f0                __malloc_max_sbrked_mem
 .bss.__malloc_top_pad
                0x200009f4        0x4 E:/Program Files (x86)/Arm GNU Toolchain arm-none-eabi/13.2 Rel1/bin/../lib/gcc/arm-none-eabi/13.2.1/thumb/v7e-m/nofp\libg.a(libc_a-mallocr.o)
                0x200009f4                __malloc_top_pad
 .bss.__atexit0
                0x200009f8      0x190 E:/Program Files (x86)/Arm GNU Toolchain arm-none-eabi/13.2 Rel1/bin/../lib/gcc/arm-none-eabi/13.2.1/thumb/v7e-m/nofp\libg.a(libc_a-__atexit.o)
                0x200009f8                __atexit0
 *(COMMON)
                0x20000b88                        . = ALIGN (0x4)
                0x20000b88                        _ebss = .
                0x20000b88                        __bss_end__ = _ebss

._user_heap_stack
                0x20000b88      0x600
                0x20000b88                        . = ALIGN (0x8)
                [!provide]                        PROVIDE (end = .)
                0x20000b88                        PROVIDE (_end = .)
                0x20000d88                        . = (. + _Min_Heap_Size)
 *fill*         0x20000b88      0x200 
                0x20001188                        . = (. + _Min_Stack_Size)
 *fill*         0x20000d88      0x400 
                0x20001188                        . = ALIGN (0x8)

/DISCARD/
 libc.a(*)
 libm.a(*)
 libgcc.a(*)

.ARM.attributes
                0x00000000       0x2a
 *(.ARM.attributes)
 .ARM.attributes
                0x00000000       0x1e E:/Program Files (x86)/Arm GNU Toolchain arm-none-eabi/13.2 Rel1/bin/../lib/gcc/arm-none-eabi/13.2.1/thumb/v7e-m/nofp/crti.o
 .ARM.attributes
                0x0000001e       0x2e E:/Program Files (x86)/Arm GNU Toolchain arm-none-eabi/13.2 Rel1/bin/../lib/gcc/arm-none-eabi/13.2.1/thumb/v7e-m/nofp/crtbegin.o
 .ARM.attributes
                0x0000004c       0x2e CMakeFiles/QEA2.elf.dir/Core/Src/ADS1292.c.obj
 .ARM.attributes
                0x0000007a       0x2e CMakeFiles/QEA2.elf.dir/Core/Src/IIRFilter.c.obj
 .ARM.attributes
                0x000000a8       0x2e CMakeFiles/QEA2.elf.dir/Core/Src/dma.c.obj
 .ARM.attributes
                0x000000d6       0x2e CMakeFiles/QEA2.elf.dir/Core/Src/gpio.c.obj
 .ARM.attributes
                0x00000104       0x2e CMakeFiles/QEA2.elf.dir/Core/Src/main.c.obj
 .ARM.attributes
                0x00000132       0x2e CMakeFiles/QEA2.elf.dir/Core/Src/spi.c.obj
 .ARM.attributes
                0x00000160       0x2e CMakeFiles/QEA2.elf.dir/Core/Src/stm32f4xx_hal_msp.c.obj
 .ARM.attributes
                0x0000018e       0x2e CMakeFiles/QEA2.elf.dir/Core/Src/stm32f4xx_it.c.obj
 .ARM.attributes
                0x000001bc       0x2e CMakeFiles/QEA2.elf.dir/Core/Src/syscalls.c.obj
 .ARM.attributes
                0x000001ea       0x2e CMakeFiles/QEA2.elf.dir/Core/Src/sysmem.c.obj
 .ARM.attributes
                0x00000218       0x2e CMakeFiles/QEA2.elf.dir/Core/Src/system_stm32f4xx.c.obj
 .ARM.attributes
                0x00000246       0x2e CMakeFiles/QEA2.elf.dir/Core/Src/usart.c.obj
 .ARM.attributes
                0x00000274       0x21 CMakeFiles/QEA2.elf.dir/Core/Startup/startup_stm32f407zgtx.s.obj
 .ARM.attributes
                0x00000295       0x2e CMakeFiles/QEA2.elf.dir/Drivers/STM32F4xx_HAL_Driver/Src/stm32f4xx_hal.c.obj
 .ARM.attributes
                0x000002c3       0x2e CMakeFiles/QEA2.elf.dir/Drivers/STM32F4xx_HAL_Driver/Src/stm32f4xx_hal_cortex.c.obj
 .ARM.attributes
                0x000002f1       0x2e CMakeFiles/QEA2.elf.dir/Drivers/STM32F4xx_HAL_Driver/Src/stm32f4xx_hal_dma.c.obj
 .ARM.attributes
                0x0000031f       0x2e CMakeFiles/QEA2.elf.dir/Drivers/STM32F4xx_HAL_Driver/Src/stm32f4xx_hal_gpio.c.obj
 .ARM.attributes
                0x0000034d       0x2e CMakeFiles/QEA2.elf.dir/Drivers/STM32F4xx_HAL_Driver/Src/stm32f4xx_hal_rcc.c.obj
 .ARM.attributes
                0x0000037b       0x2e CMakeFiles/QEA2.elf.dir/Drivers/STM32F4xx_HAL_Driver/Src/stm32f4xx_hal_spi.c.obj
 .ARM.attributes
                0x000003a9       0x2e CMakeFiles/QEA2.elf.dir/Drivers/STM32F4xx_HAL_Driver/Src/stm32f4xx_hal_uart.c.obj
 .ARM.attributes
                0x000003d7       0x1e E:/Program Files (x86)/Arm GNU Toolchain arm-none-eabi/13.2 Rel1/bin/../lib/gcc/arm-none-eabi/13.2.1/thumb/v7e-m/nofp\libgcc.a(_arm_mulsf3.o)
 .ARM.attributes
                0x000003f5       0x1e E:/Program Files (x86)/Arm GNU Toolchain arm-none-eabi/13.2 Rel1/bin/../lib/gcc/arm-none-eabi/13.2.1/thumb/v7e-m/nofp\libgcc.a(_arm_addsubsf3.o)
 .ARM.attributes
                0x00000413       0x1e E:/Program Files (x86)/Arm GNU Toolchain arm-none-eabi/13.2 Rel1/bin/../lib/gcc/arm-none-eabi/13.2.1/thumb/v7e-m/nofp\libgcc.a(_arm_fixsfsi.o)
 .ARM.attributes
                0x00000431       0x1e E:/Program Files (x86)/Arm GNU Toolchain arm-none-eabi/13.2 Rel1/bin/../lib/gcc/arm-none-eabi/13.2.1/thumb/v7e-m/nofp\libgcc.a(_aeabi_uldivmod.o)
 .ARM.attributes
                0x0000044f       0x2e E:/Program Files (x86)/Arm GNU Toolchain arm-none-eabi/13.2 Rel1/bin/../lib/gcc/arm-none-eabi/13.2.1/thumb/v7e-m/nofp\libgcc.a(_udivmoddi4.o)
 .ARM.attributes
                0x0000047d       0x1e E:/Program Files (x86)/Arm GNU Toolchain arm-none-eabi/13.2 Rel1/bin/../lib/gcc/arm-none-eabi/13.2.1/thumb/v7e-m/nofp\libgcc.a(_dvmd_tls.o)
 .ARM.attributes
                0x0000049b       0x2e E:/Program Files (x86)/Arm GNU Toolchain arm-none-eabi/13.2 Rel1/bin/../lib/gcc/arm-none-eabi/13.2.1/thumb/v7e-m/nofp\libg.a(libc_a-findfp.o)
 .ARM.attributes
                0x000004c9       0x2e E:/Program Files (x86)/Arm GNU Toolchain arm-none-eabi/13.2 Rel1/bin/../lib/gcc/arm-none-eabi/13.2.1/thumb/v7e-m/nofp\libg.a(libc_a-fwalk.o)
 .ARM.attributes
                0x000004f7       0x2e E:/Program Files (x86)/Arm GNU Toolchain arm-none-eabi/13.2 Rel1/bin/../lib/gcc/arm-none-eabi/13.2.1/thumb/v7e-m/nofp\libg.a(libc_a-printf.o)
 .ARM.attributes
                0x00000525       0x2e E:/Program Files (x86)/Arm GNU Toolchain arm-none-eabi/13.2 Rel1/bin/../lib/gcc/arm-none-eabi/13.2.1/thumb/v7e-m/nofp\libg.a(libc_a-puts.o)
 .ARM.attributes
                0x00000553       0x2e E:/Program Files (x86)/Arm GNU Toolchain arm-none-eabi/13.2 Rel1/bin/../lib/gcc/arm-none-eabi/13.2.1/thumb/v7e-m/nofp\libg.a(libc_a-stdio.o)
 .ARM.attributes
                0x00000581       0x2e E:/Program Files (x86)/Arm GNU Toolchain arm-none-eabi/13.2 Rel1/bin/../lib/gcc/arm-none-eabi/13.2.1/thumb/v7e-m/nofp\libg.a(libc_a-memset.o)
 .ARM.attributes
                0x000005af       0x2e E:/Program Files (x86)/Arm GNU Toolchain arm-none-eabi/13.2 Rel1/bin/../lib/gcc/arm-none-eabi/13.2.1/thumb/v7e-m/nofp\libg.a(libc_a-closer.o)
 .ARM.attributes
                0x000005dd       0x2e E:/Program Files (x86)/Arm GNU Toolchain arm-none-eabi/13.2 Rel1/bin/../lib/gcc/arm-none-eabi/13.2.1/thumb/v7e-m/nofp\libg.a(libc_a-reent.o)
 .ARM.attributes
                0x0000060b       0x2e E:/Program Files (x86)/Arm GNU Toolchain arm-none-eabi/13.2 Rel1/bin/../lib/gcc/arm-none-eabi/13.2.1/thumb/v7e-m/nofp\libg.a(libc_a-impure.o)
 .ARM.attributes
                0x00000639       0x2e E:/Program Files (x86)/Arm GNU Toolchain arm-none-eabi/13.2 Rel1/bin/../lib/gcc/arm-none-eabi/13.2.1/thumb/v7e-m/nofp\libg.a(libc_a-lseekr.o)
 .ARM.attributes
                0x00000667       0x2e E:/Program Files (x86)/Arm GNU Toolchain arm-none-eabi/13.2 Rel1/bin/../lib/gcc/arm-none-eabi/13.2.1/thumb/v7e-m/nofp\libg.a(libc_a-readr.o)
 .ARM.attributes
                0x00000695       0x2e E:/Program Files (x86)/Arm GNU Toolchain arm-none-eabi/13.2 Rel1/bin/../lib/gcc/arm-none-eabi/13.2.1/thumb/v7e-m/nofp\libg.a(libc_a-writer.o)
 .ARM.attributes
                0x000006c3       0x2e E:/Program Files (x86)/Arm GNU Toolchain arm-none-eabi/13.2 Rel1/bin/../lib/gcc/arm-none-eabi/13.2.1/thumb/v7e-m/nofp\libg.a(libc_a-errno.o)
 .ARM.attributes
                0x000006f1       0x2e E:/Program Files (x86)/Arm GNU Toolchain arm-none-eabi/13.2 Rel1/bin/../lib/gcc/arm-none-eabi/13.2.1/thumb/v7e-m/nofp\libg.a(libc_a-init.o)
 .ARM.attributes
                0x0000071f       0x2e E:/Program Files (x86)/Arm GNU Toolchain arm-none-eabi/13.2 Rel1/bin/../lib/gcc/arm-none-eabi/13.2.1/thumb/v7e-m/nofp\libg.a(libc_a-lock.o)
 .ARM.attributes
                0x0000074d       0x1c E:/Program Files (x86)/Arm GNU Toolchain arm-none-eabi/13.2 Rel1/bin/../lib/gcc/arm-none-eabi/13.2.1/thumb/v7e-m/nofp\libg.a(libc_a-strlen.o)
 .ARM.attributes
                0x00000769       0x2e E:/Program Files (x86)/Arm GNU Toolchain arm-none-eabi/13.2 Rel1/bin/../lib/gcc/arm-none-eabi/13.2.1/thumb/v7e-m/nofp\libg.a(libc_a-__call_atexit.o)
 .ARM.attributes
                0x00000797       0x2e E:/Program Files (x86)/Arm GNU Toolchain arm-none-eabi/13.2 Rel1/bin/../lib/gcc/arm-none-eabi/13.2.1/thumb/v7e-m/nofp\libg.a(libc_a-atexit.o)
 .ARM.attributes
                0x000007c5       0x2e E:/Program Files (x86)/Arm GNU Toolchain arm-none-eabi/13.2 Rel1/bin/../lib/gcc/arm-none-eabi/13.2.1/thumb/v7e-m/nofp\libg.a(libc_a-freer.o)
 .ARM.attributes
                0x000007f3       0x2e E:/Program Files (x86)/Arm GNU Toolchain arm-none-eabi/13.2 Rel1/bin/../lib/gcc/arm-none-eabi/13.2.1/thumb/v7e-m/nofp\libg.a(libc_a-mallocr.o)
 .ARM.attributes
                0x00000821       0x2e E:/Program Files (x86)/Arm GNU Toolchain arm-none-eabi/13.2 Rel1/bin/../lib/gcc/arm-none-eabi/13.2.1/thumb/v7e-m/nofp\libg.a(libc_a-mlock.o)
 .ARM.attributes
                0x0000084f       0x2e E:/Program Files (x86)/Arm GNU Toolchain arm-none-eabi/13.2 Rel1/bin/../lib/gcc/arm-none-eabi/13.2.1/thumb/v7e-m/nofp\libg.a(libc_a-vfprintf.o)
 .ARM.attributes
                0x0000087d       0x2e E:/Program Files (x86)/Arm GNU Toolchain arm-none-eabi/13.2 Rel1/bin/../lib/gcc/arm-none-eabi/13.2.1/thumb/v7e-m/nofp\libg.a(libc_a-vfiprintf.o)
 .ARM.attributes
                0x000008ab       0x2e E:/Program Files (x86)/Arm GNU Toolchain arm-none-eabi/13.2 Rel1/bin/../lib/gcc/arm-none-eabi/13.2.1/thumb/v7e-m/nofp\libg.a(libc_a-fclose.o)
 .ARM.attributes
                0x000008d9       0x2e E:/Program Files (x86)/Arm GNU Toolchain arm-none-eabi/13.2 Rel1/bin/../lib/gcc/arm-none-eabi/13.2.1/thumb/v7e-m/nofp\libg.a(libc_a-fflush.o)
 .ARM.attributes
                0x00000907       0x2e E:/Program Files (x86)/Arm GNU Toolchain arm-none-eabi/13.2 Rel1/bin/../lib/gcc/arm-none-eabi/13.2.1/thumb/v7e-m/nofp\libg.a(libc_a-fvwrite.o)
 .ARM.attributes
                0x00000935       0x2e E:/Program Files (x86)/Arm GNU Toolchain arm-none-eabi/13.2 Rel1/bin/../lib/gcc/arm-none-eabi/13.2.1/thumb/v7e-m/nofp\libg.a(libc_a-wbuf.o)
 .ARM.attributes
                0x00000963       0x2e E:/Program Files (x86)/Arm GNU Toolchain arm-none-eabi/13.2 Rel1/bin/../lib/gcc/arm-none-eabi/13.2.1/thumb/v7e-m/nofp\libg.a(libc_a-wsetup.o)
 .ARM.attributes
                0x00000991       0x2e E:/Program Files (x86)/Arm GNU Toolchain arm-none-eabi/13.2 Rel1/bin/../lib/gcc/arm-none-eabi/13.2.1/thumb/v7e-m/nofp\libg.a(libc_a-fputwc.o)
 .ARM.attributes
                0x000009bf       0x2e E:/Program Files (x86)/Arm GNU Toolchain arm-none-eabi/13.2 Rel1/bin/../lib/gcc/arm-none-eabi/13.2.1/thumb/v7e-m/nofp\libg.a(libc_a-memmove.o)
 .ARM.attributes
                0x000009ed       0x2e E:/Program Files (x86)/Arm GNU Toolchain arm-none-eabi/13.2 Rel1/bin/../lib/gcc/arm-none-eabi/13.2.1/thumb/v7e-m/nofp\libg.a(libc_a-strncpy.o)
 .ARM.attributes
                0x00000a1b       0x2e E:/Program Files (x86)/Arm GNU Toolchain arm-none-eabi/13.2 Rel1/bin/../lib/gcc/arm-none-eabi/13.2.1/thumb/v7e-m/nofp\libg.a(libc_a-locale.o)
 .ARM.attributes
                0x00000a49       0x2e E:/Program Files (x86)/Arm GNU Toolchain arm-none-eabi/13.2 Rel1/bin/../lib/gcc/arm-none-eabi/13.2.1/thumb/v7e-m/nofp\libg.a(libc_a-localeconv.o)
 .ARM.attributes
                0x00000a77       0x2e E:/Program Files (x86)/Arm GNU Toolchain arm-none-eabi/13.2 Rel1/bin/../lib/gcc/arm-none-eabi/13.2.1/thumb/v7e-m/nofp\libg.a(libc_a-sbrkr.o)
 .ARM.attributes
                0x00000aa5       0x2e E:/Program Files (x86)/Arm GNU Toolchain arm-none-eabi/13.2 Rel1/bin/../lib/gcc/arm-none-eabi/13.2.1/thumb/v7e-m/nofp\libg.a(libc_a-fini.o)
 .ARM.attributes
                0x00000ad3       0x2e E:/Program Files (x86)/Arm GNU Toolchain arm-none-eabi/13.2 Rel1/bin/../lib/gcc/arm-none-eabi/13.2.1/thumb/v7e-m/nofp\libg.a(libc_a-sysconf.o)
 .ARM.attributes
                0x00000b01       0x1c E:/Program Files (x86)/Arm GNU Toolchain arm-none-eabi/13.2 Rel1/bin/../lib/gcc/arm-none-eabi/13.2.1/thumb/v7e-m/nofp\libg.a(libc_a-memchr.o)
 .ARM.attributes
                0x00000b1d       0x1c E:/Program Files (x86)/Arm GNU Toolchain arm-none-eabi/13.2 Rel1/bin/../lib/gcc/arm-none-eabi/13.2.1/thumb/v7e-m/nofp\libg.a(libc_a-memcpy.o)
 .ARM.attributes
                0x00000b39       0x2e E:/Program Files (x86)/Arm GNU Toolchain arm-none-eabi/13.2 Rel1/bin/../lib/gcc/arm-none-eabi/13.2.1/thumb/v7e-m/nofp\libg.a(libm_a-s_frexp.o)
 .ARM.attributes
                0x00000b67       0x2e E:/Program Files (x86)/Arm GNU Toolchain arm-none-eabi/13.2 Rel1/bin/../lib/gcc/arm-none-eabi/13.2.1/thumb/v7e-m/nofp\libg.a(libc_a-__atexit.o)
 .ARM.attributes
                0x00000b95       0x2e E:/Program Files (x86)/Arm GNU Toolchain arm-none-eabi/13.2 Rel1/bin/../lib/gcc/arm-none-eabi/13.2.1/thumb/v7e-m/nofp\libg.a(libc_a-dtoa.o)
 .ARM.attributes
                0x00000bc3       0x2e E:/Program Files (x86)/Arm GNU Toolchain arm-none-eabi/13.2 Rel1/bin/../lib/gcc/arm-none-eabi/13.2.1/thumb/v7e-m/nofp\libg.a(libc_a-mbtowc_r.o)
 .ARM.attributes
                0x00000bf1       0x2e E:/Program Files (x86)/Arm GNU Toolchain arm-none-eabi/13.2 Rel1/bin/../lib/gcc/arm-none-eabi/13.2.1/thumb/v7e-m/nofp\libg.a(libc_a-mprec.o)
 .ARM.attributes
                0x00000c1f       0x2e E:/Program Files (x86)/Arm GNU Toolchain arm-none-eabi/13.2 Rel1/bin/../lib/gcc/arm-none-eabi/13.2.1/thumb/v7e-m/nofp\libg.a(libc_a-reallocr.o)
 .ARM.attributes
                0x00000c4d       0x2e E:/Program Files (x86)/Arm GNU Toolchain arm-none-eabi/13.2 Rel1/bin/../lib/gcc/arm-none-eabi/13.2.1/thumb/v7e-m/nofp\libg.a(libc_a-wctomb_r.o)
 .ARM.attributes
                0x00000c7b       0x2e E:/Program Files (x86)/Arm GNU Toolchain arm-none-eabi/13.2 Rel1/bin/../lib/gcc/arm-none-eabi/13.2.1/thumb/v7e-m/nofp\libg.a(libc_a-wcrtomb.o)
 .ARM.attributes
                0x00000ca9       0x2e E:/Program Files (x86)/Arm GNU Toolchain arm-none-eabi/13.2 Rel1/bin/../lib/gcc/arm-none-eabi/13.2.1/thumb/v7e-m/nofp\libg.a(libc_a-wcsrtombs.o)
 .ARM.attributes
                0x00000cd7       0x2e E:/Program Files (x86)/Arm GNU Toolchain arm-none-eabi/13.2 Rel1/bin/../lib/gcc/arm-none-eabi/13.2.1/thumb/v7e-m/nofp\libg.a(libc_a-ctype_.o)
 .ARM.attributes
                0x00000d05       0x2e E:/Program Files (x86)/Arm GNU Toolchain arm-none-eabi/13.2 Rel1/bin/../lib/gcc/arm-none-eabi/13.2.1/thumb/v7e-m/nofp\libg.a(libc_a-makebuf.o)
 .ARM.attributes
                0x00000d33       0x2e E:/Program Files (x86)/Arm GNU Toolchain arm-none-eabi/13.2 Rel1/bin/../lib/gcc/arm-none-eabi/13.2.1/thumb/v7e-m/nofp\libg.a(libc_a-fstatr.o)
 .ARM.attributes
                0x00000d61       0x2e E:/Program Files (x86)/Arm GNU Toolchain arm-none-eabi/13.2 Rel1/bin/../lib/gcc/arm-none-eabi/13.2.1/thumb/v7e-m/nofp\libg.a(libc_a-isattyr.o)
 .ARM.attributes
                0x00000d8f       0x2e E:/Program Files (x86)/Arm GNU Toolchain arm-none-eabi/13.2 Rel1/bin/../lib/gcc/arm-none-eabi/13.2.1/thumb/v7e-m/nofp\libg.a(libc_a-assert.o)
 .ARM.attributes
                0x00000dbd       0x2e E:/Program Files (x86)/Arm GNU Toolchain arm-none-eabi/13.2 Rel1/bin/../lib/gcc/arm-none-eabi/13.2.1/thumb/v7e-m/nofp\libg.a(libc_a-callocr.o)
 .ARM.attributes
                0x00000deb       0x2e E:/Program Files (x86)/Arm GNU Toolchain arm-none-eabi/13.2 Rel1/bin/../lib/gcc/arm-none-eabi/13.2.1/thumb/v7e-m/nofp\libg.a(libc_a-wcsnrtombs.o)
 .ARM.attributes
                0x00000e19       0x2e E:/Program Files (x86)/Arm GNU Toolchain arm-none-eabi/13.2 Rel1/bin/../lib/gcc/arm-none-eabi/13.2.1/thumb/v7e-m/nofp\libg.a(libc_a-fiprintf.o)
 .ARM.attributes
                0x00000e47       0x2e E:/Program Files (x86)/Arm GNU Toolchain arm-none-eabi/13.2 Rel1/bin/../lib/gcc/arm-none-eabi/13.2.1/thumb/v7e-m/nofp\libg.a(libc_a-abort.o)
 .ARM.attributes
                0x00000e75       0x2e E:/Program Files (x86)/Arm GNU Toolchain arm-none-eabi/13.2 Rel1/bin/../lib/gcc/arm-none-eabi/13.2.1/thumb/v7e-m/nofp\libg.a(libc_a-signal.o)
 .ARM.attributes
                0x00000ea3       0x2e E:/Program Files (x86)/Arm GNU Toolchain arm-none-eabi/13.2 Rel1/bin/../lib/gcc/arm-none-eabi/13.2.1/thumb/v7e-m/nofp\libg.a(libc_a-signalr.o)
 .ARM.attributes
                0x00000ed1       0x1e E:/Program Files (x86)/Arm GNU Toolchain arm-none-eabi/13.2 Rel1/bin/../lib/gcc/arm-none-eabi/13.2.1/thumb/v7e-m/nofp\libgcc.a(_arm_addsubdf3.o)
 .ARM.attributes
                0x00000eef       0x1e E:/Program Files (x86)/Arm GNU Toolchain arm-none-eabi/13.2 Rel1/bin/../lib/gcc/arm-none-eabi/13.2.1/thumb/v7e-m/nofp\libgcc.a(_arm_muldivdf3.o)
 .ARM.attributes
                0x00000f0d       0x1e E:/Program Files (x86)/Arm GNU Toolchain arm-none-eabi/13.2 Rel1/bin/../lib/gcc/arm-none-eabi/13.2.1/thumb/v7e-m/nofp\libgcc.a(_arm_cmpdf2.o)
 .ARM.attributes
                0x00000f2b       0x1e E:/Program Files (x86)/Arm GNU Toolchain arm-none-eabi/13.2 Rel1/bin/../lib/gcc/arm-none-eabi/13.2.1/thumb/v7e-m/nofp\libgcc.a(_arm_unorddf2.o)
 .ARM.attributes
                0x00000f49       0x1e E:/Program Files (x86)/Arm GNU Toolchain arm-none-eabi/13.2 Rel1/bin/../lib/gcc/arm-none-eabi/13.2.1/thumb/v7e-m/nofp\libgcc.a(_arm_fixdfsi.o)
 .ARM.attributes
                0x00000f67       0x2e E:/Program Files (x86)/Arm GNU Toolchain arm-none-eabi/13.2 Rel1/bin/../lib/gcc/arm-none-eabi/13.2.1/thumb/v7e-m/nofp/crtend.o
 .ARM.attributes
                0x00000f95       0x1e E:/Program Files (x86)/Arm GNU Toolchain arm-none-eabi/13.2 Rel1/bin/../lib/gcc/arm-none-eabi/13.2.1/thumb/v7e-m/nofp/crtn.o
OUTPUT(QEA2.elf elf32-littlearm)
LOAD linker stubs
LOAD E:/Program Files (x86)/Arm GNU Toolchain arm-none-eabi/13.2 Rel1/bin/../lib/gcc/arm-none-eabi/13.2.1/thumb/v7e-m/nofp\libc.a
LOAD E:/Program Files (x86)/Arm GNU Toolchain arm-none-eabi/13.2 Rel1/bin/../lib/gcc/arm-none-eabi/13.2.1/thumb/v7e-m/nofp\libm.a
LOAD E:/Program Files (x86)/Arm GNU Toolchain arm-none-eabi/13.2 Rel1/bin/../lib/gcc/arm-none-eabi/13.2.1/thumb/v7e-m/nofp\libgcc.a

.debug_info     0x00000000     0xf684
 .debug_info    0x00000000      0xf5a CMakeFiles/QEA2.elf.dir/Core/Src/ADS1292.c.obj
 .debug_info    0x00000f5a      0x1c8 CMakeFiles/QEA2.elf.dir/Core/Src/IIRFilter.c.obj
 .debug_info    0x00001122      0x518 CMakeFiles/QEA2.elf.dir/Core/Src/dma.c.obj
 .debug_info    0x0000163a      0x748 CMakeFiles/QEA2.elf.dir/Core/Src/gpio.c.obj
 .debug_info    0x00001d82     0x1288 CMakeFiles/QEA2.elf.dir/Core/Src/main.c.obj
 .debug_info    0x0000300a      0xc60 CMakeFiles/QEA2.elf.dir/Core/Src/spi.c.obj
 .debug_info    0x00003c6a      0x26c CMakeFiles/QEA2.elf.dir/Core/Src/stm32f4xx_hal_msp.c.obj
 .debug_info    0x00003ed6      0x97e CMakeFiles/QEA2.elf.dir/Core/Src/stm32f4xx_it.c.obj
 .debug_info    0x00004854      0x789 CMakeFiles/QEA2.elf.dir/Core/Src/syscalls.c.obj
 .debug_info    0x00004fdd      0x171 CMakeFiles/QEA2.elf.dir/Core/Src/sysmem.c.obj
 .debug_info    0x0000514e      0x334 CMakeFiles/QEA2.elf.dir/Core/Src/system_stm32f4xx.c.obj
 .debug_info    0x00005482      0xd35 CMakeFiles/QEA2.elf.dir/Core/Src/usart.c.obj
 .debug_info    0x000061b7       0x30 CMakeFiles/QEA2.elf.dir/Core/Startup/startup_stm32f407zgtx.s.obj
 .debug_info    0x000061e7      0x9e6 CMakeFiles/QEA2.elf.dir/Drivers/STM32F4xx_HAL_Driver/Src/stm32f4xx_hal.c.obj
 .debug_info    0x00006bcd      0xfa9 CMakeFiles/QEA2.elf.dir/Drivers/STM32F4xx_HAL_Driver/Src/stm32f4xx_hal_cortex.c.obj
 .debug_info    0x00007b76      0xad9 CMakeFiles/QEA2.elf.dir/Drivers/STM32F4xx_HAL_Driver/Src/stm32f4xx_hal_dma.c.obj
 .debug_info    0x0000864f      0x704 CMakeFiles/QEA2.elf.dir/Drivers/STM32F4xx_HAL_Driver/Src/stm32f4xx_hal_gpio.c.obj
 .debug_info    0x00008d53      0xa6f CMakeFiles/QEA2.elf.dir/Drivers/STM32F4xx_HAL_Driver/Src/stm32f4xx_hal_rcc.c.obj
 .debug_info    0x000097c2     0x1dac CMakeFiles/QEA2.elf.dir/Drivers/STM32F4xx_HAL_Driver/Src/stm32f4xx_hal_spi.c.obj
 .debug_info    0x0000b56e     0x4116 CMakeFiles/QEA2.elf.dir/Drivers/STM32F4xx_HAL_Driver/Src/stm32f4xx_hal_uart.c.obj

.debug_abbrev   0x00000000     0x278e
 .debug_abbrev  0x00000000      0x293 CMakeFiles/QEA2.elf.dir/Core/Src/ADS1292.c.obj
 .debug_abbrev  0x00000293       0xea CMakeFiles/QEA2.elf.dir/Core/Src/IIRFilter.c.obj
 .debug_abbrev  0x0000037d      0x12b CMakeFiles/QEA2.elf.dir/Core/Src/dma.c.obj
 .debug_abbrev  0x000004a8      0x186 CMakeFiles/QEA2.elf.dir/Core/Src/gpio.c.obj
 .debug_abbrev  0x0000062e      0x30f CMakeFiles/QEA2.elf.dir/Core/Src/main.c.obj
 .debug_abbrev  0x0000093d      0x230 CMakeFiles/QEA2.elf.dir/Core/Src/spi.c.obj
 .debug_abbrev  0x00000b6d       0xd6 CMakeFiles/QEA2.elf.dir/Core/Src/stm32f4xx_hal_msp.c.obj
 .debug_abbrev  0x00000c43      0x1d2 CMakeFiles/QEA2.elf.dir/Core/Src/stm32f4xx_it.c.obj
 .debug_abbrev  0x00000e15      0x1c1 CMakeFiles/QEA2.elf.dir/Core/Src/syscalls.c.obj
 .debug_abbrev  0x00000fd6       0xea CMakeFiles/QEA2.elf.dir/Core/Src/sysmem.c.obj
 .debug_abbrev  0x000010c0      0x120 CMakeFiles/QEA2.elf.dir/Core/Src/system_stm32f4xx.c.obj
 .debug_abbrev  0x000011e0      0x27d CMakeFiles/QEA2.elf.dir/Core/Src/usart.c.obj
 .debug_abbrev  0x0000145d       0x24 CMakeFiles/QEA2.elf.dir/Core/Startup/startup_stm32f407zgtx.s.obj
 .debug_abbrev  0x00001481      0x23f CMakeFiles/QEA2.elf.dir/Drivers/STM32F4xx_HAL_Driver/Src/stm32f4xx_hal.c.obj