Archive member included to satisfy reference by file (symbol)

E:/Program Files (x86)/Arm GNU Toolchain arm-none-eabi/13.2 Rel1/bin/../lib/gcc/arm-none-eabi/13.2.1/thumb/v7e-m/nofp\libgcc.a(_arm_muldf3.o)
                              CMakeFiles/QEA2.elf.dir/Core/Src/FIRFilter.c.obj (__aeabi_dmul)
E:/Program Files (x86)/Arm GNU Toolchain arm-none-eabi/13.2 Rel1/bin/../lib/gcc/arm-none-eabi/13.2.1/thumb/v7e-m/nofp\libgcc.a(_arm_mulsf3.o)
                              CMakeFiles/QEA2.elf.dir/Core/Src/IIRFilter.c.obj (__aeabi_fmul)
E:/Program Files (x86)/Arm GNU Toolchain arm-none-eabi/13.2 Rel1/bin/../lib/gcc/arm-none-eabi/13.2.1/thumb/v7e-m/nofp\libgcc.a(_arm_addsubdf3.o)
                              CMakeFiles/QEA2.elf.dir/Core/Src/FIRFilter.c.obj (__aeabi_dadd)
E:/Program Files (x86)/Arm GNU Toolchain arm-none-eabi/13.2 Rel1/bin/../lib/gcc/arm-none-eabi/13.2.1/thumb/v7e-m/nofp\libgcc.a(_arm_fixdfsi.o)
                              CMakeFiles/QEA2.elf.dir/Core/Src/FIRFilter.c.obj (__aeabi_d2iz)
E:/Program Files (x86)/Arm GNU Toolchain arm-none-eabi/13.2 Rel1/bin/../lib/gcc/arm-none-eabi/13.2.1/thumb/v7e-m/nofp\libgcc.a(_arm_addsubsf3.o)
                              CMakeFiles/QEA2.elf.dir/Core/Src/IIRFilter.c.obj (__aeabi_fadd)
E:/Program Files (x86)/Arm GNU Toolchain arm-none-eabi/13.2 Rel1/bin/../lib/gcc/arm-none-eabi/13.2.1/thumb/v7e-m/nofp\libgcc.a(_arm_fixsfsi.o)
                              CMakeFiles/QEA2.elf.dir/Core/Src/IIRFilter.c.obj (__aeabi_f2iz)
E:/Program Files (x86)/Arm GNU Toolchain arm-none-eabi/13.2 Rel1/bin/../lib/gcc/arm-none-eabi/13.2.1/thumb/v7e-m/nofp\libgcc.a(_aeabi_uldivmod.o)
                              CMakeFiles/QEA2.elf.dir/Drivers/STM32F4xx_HAL_Driver/Src/stm32f4xx_hal_rcc.c.obj (__aeabi_uldivmod)
E:/Program Files (x86)/Arm GNU Toolchain arm-none-eabi/13.2 Rel1/bin/../lib/gcc/arm-none-eabi/13.2.1/thumb/v7e-m/nofp\libgcc.a(_udivmoddi4.o)
                              E:/Program Files (x86)/Arm GNU Toolchain arm-none-eabi/13.2 Rel1/bin/../lib/gcc/arm-none-eabi/13.2.1/thumb/v7e-m/nofp\libgcc.a(_aeabi_uldivmod.o) (__udivmoddi4)
E:/Program Files (x86)/Arm GNU Toolchain arm-none-eabi/13.2 Rel1/bin/../lib/gcc/arm-none-eabi/13.2.1/thumb/v7e-m/nofp\libgcc.a(_dvmd_tls.o)
                              E:/Program Files (x86)/Arm GNU Toolchain arm-none-eabi/13.2 Rel1/bin/../lib/gcc/arm-none-eabi/13.2.1/thumb/v7e-m/nofp\libgcc.a(_aeabi_uldivmod.o) (__aeabi_ldiv0)
E:/Program Files (x86)/Arm GNU Toolchain arm-none-eabi/13.2 Rel1/bin/../lib/gcc/arm-none-eabi/13.2.1/thumb/v7e-m/nofp\libg.a(libc_a-exit.o)
                              E:/Program Files (x86)/Arm GNU Toolchain arm-none-eabi/13.2 Rel1/bin/../lib/gcc/arm-none-eabi/13.2.1/thumb/v7e-m/nofp/crt0.o (exit)
E:/Program Files (x86)/Arm GNU Toolchain arm-none-eabi/13.2 Rel1/bin/../lib/gcc/arm-none-eabi/13.2.1/thumb/v7e-m/nofp\libg.a(libc_a-findfp.o)
                              E:/Program Files (x86)/Arm GNU Toolchain arm-none-eabi/13.2 Rel1/bin/../lib/gcc/arm-none-eabi/13.2.1/thumb/v7e-m/nofp\libg.a(libc_a-exit.o) (__stdio_exit_handler)
E:/Program Files (x86)/Arm GNU Toolchain arm-none-eabi/13.2 Rel1/bin/../lib/gcc/arm-none-eabi/13.2.1/thumb/v7e-m/nofp\libg.a(libc_a-fwalk.o)
                              E:/Program Files (x86)/Arm GNU Toolchain arm-none-eabi/13.2 Rel1/bin/../lib/gcc/arm-none-eabi/13.2.1/thumb/v7e-m/nofp\libg.a(libc_a-findfp.o) (_fwalk_sglue)
E:/Program Files (x86)/Arm GNU Toolchain arm-none-eabi/13.2 Rel1/bin/../lib/gcc/arm-none-eabi/13.2.1/thumb/v7e-m/nofp\libg.a(libc_a-printf.o)
                              CMakeFiles/QEA2.elf.dir/Core/Src/ADS1292.c.obj (printf)
E:/Program Files (x86)/Arm GNU Toolchain arm-none-eabi/13.2 Rel1/bin/../lib/gcc/arm-none-eabi/13.2.1/thumb/v7e-m/nofp\libg.a(libc_a-putchar.o)
                              CMakeFiles/QEA2.elf.dir/Core/Src/ADS1292.c.obj (putchar)
E:/Program Files (x86)/Arm GNU Toolchain arm-none-eabi/13.2 Rel1/bin/../lib/gcc/arm-none-eabi/13.2.1/thumb/v7e-m/nofp\libg.a(libc_a-puts.o)
                              CMakeFiles/QEA2.elf.dir/Core/Src/ADS1292.c.obj (puts)
E:/Program Files (x86)/Arm GNU Toolchain arm-none-eabi/13.2 Rel1/bin/../lib/gcc/arm-none-eabi/13.2.1/thumb/v7e-m/nofp\libg.a(libc_a-stdio.o)
                              E:/Program Files (x86)/Arm GNU Toolchain arm-none-eabi/13.2 Rel1/bin/../lib/gcc/arm-none-eabi/13.2.1/thumb/v7e-m/nofp\libg.a(libc_a-findfp.o) (__sread)
E:/Program Files (x86)/Arm GNU Toolchain arm-none-eabi/13.2 Rel1/bin/../lib/gcc/arm-none-eabi/13.2.1/thumb/v7e-m/nofp\libg.a(libc_a-memset.o)
                              E:/Program Files (x86)/Arm GNU Toolchain arm-none-eabi/13.2 Rel1/bin/../lib/gcc/arm-none-eabi/13.2.1/thumb/v7e-m/nofp/crt0.o (memset)
E:/Program Files (x86)/Arm GNU Toolchain arm-none-eabi/13.2 Rel1/bin/../lib/gcc/arm-none-eabi/13.2.1/thumb/v7e-m/nofp\libg.a(libc_a-closer.o)
[...]
Memory Configuration

Name             Origin             Length             Attributes
CCMRAM           0x10000000         0x00010000         xrw
RAM              0x20000000         0x00020000         xrw
FLASH            0x08000000         0x00100000         xr
*default*        0x00000000         0xffffffff

Linker script and memory map

LOAD E:/Program Files (x86)/Arm GNU Toolchain arm-none-eabi/13.2 Rel1/bin/../lib/gcc/arm-none-eabi/13.2.1/thumb/v7e-m/nofp/crti.o
LOAD E:/Program Files (x86)/Arm GNU Toolchain arm-none-eabi/13.2 Rel1/bin/../lib/gcc/arm-none-eabi/13.2.1/thumb/v7e-m/nofp/crtbegin.o
LOAD E:/Program Files (x86)/Arm GNU Toolchain arm-none-eabi/13.2 Rel1/bin/../lib/gcc/arm-none-eabi/13.2.1/thumb/v7e-m/nofp/crt0.o
LOAD CMakeFiles/QEA2.elf.dir/Core/Src/ADS1292.c.obj
LOAD CMakeFiles/QEA2.elf.dir/Core/Src/FIRFilter.c.obj
LOAD CMakeFiles/QEA2.elf.dir/Core/Src/IIRFilter.c.obj
LOAD CMakeFiles/QEA2.elf.dir/Core/Src/dma.c.obj
LOAD CMakeFiles/QEA2.elf.dir/Core/Src/gpio.c.obj
LOAD CMakeFiles/QEA2.elf.dir/Core/Src/main.c.obj
LOAD CMakeFiles/QEA2.elf.dir/Core/Src/queue.c.obj
LOAD CMakeFiles/QEA2.elf.dir/Core/Src/spi.c.obj
LOAD CMakeFiles/QEA2.elf.dir/Core/Src/stm32f4xx_hal_msp.c.obj
LOAD CMakeFiles/QEA2.elf.dir/Core/Src/stm32f4xx_it.c.obj
LOAD CMakeFiles/QEA2.elf.dir/Core/Src/syscalls.c.obj
LOAD CMakeFiles/QEA2.elf.dir/Core/Src/sysmem.c.obj
LOAD CMakeFiles/QEA2.elf.dir/Core/Src/system_stm32f4xx.c.obj
LOAD CMakeFiles/QEA2.elf.dir/Core/Src/usart.c.obj
LOAD CMakeFiles/QEA2.elf.dir/Core/Startup/startup_stm32f407zgtx.s.obj
LOAD CMakeFiles/QEA2.elf.dir/Drivers/STM32F4xx_HAL_Driver/Src/stm32f4xx_hal.c.obj
LOAD CMakeFiles/QEA2.elf.dir/Drivers/STM32F4xx_HAL_Driver/Src/stm32f4xx_hal_cortex.c.obj
LOAD CMakeFiles/QEA2.elf.dir/Drivers/STM32F4xx_HAL_Driver/Src/stm32f4xx_hal_dma.c.obj
LOAD CMakeFiles/QEA2.elf.dir/Drivers/STM32F4xx_HAL_Driver/Src/stm32f4xx_hal_dma_ex.c.obj
LOAD CMakeFiles/QEA2.elf.dir/Drivers/STM32F4xx_HAL_Driver/Src/stm32f4xx_hal_exti.c.obj
LOAD CMakeFiles/QEA2.elf.dir/Drivers/STM32F4xx_HAL_Driver/Src/stm32f4xx_hal_flash.c.obj
LOAD CMakeFiles/QEA2.elf.dir/Drivers/STM32F4xx_HAL_Driver/Src/stm32f4xx_hal_flash_ex.c.obj
LOAD CMakeFiles/QEA2.elf.dir/Drivers/STM32F4xx_HAL_Driver/Src/stm32f4xx_hal_flash_ramfunc.c.obj
LOAD CMakeFiles/QEA2.elf.dir/Drivers/STM32F4xx_HAL_Driver/Src/stm32f4xx_hal_gpio.c.obj
LOAD CMakeFiles/QEA2.elf.dir/Drivers/STM32F4xx_HAL_Driver/Src/stm32f4xx_hal_pwr.c.obj
LOAD CMakeFiles/QEA2.elf.dir/Drivers/STM32F4xx_HAL_Driver/Src/stm32f4xx_hal_pwr_ex.c.obj
LOAD CMakeFiles/QEA2.elf.dir/Drivers/STM32F4xx_HAL_Driver/Src/stm32f4xx_hal_rcc.c.obj
LOAD CMakeFiles/QEA2.elf.dir/Drivers/STM32F4xx_HAL_Driver/Src/stm32f4xx_hal_rcc_ex.c.obj
LOAD CMakeFiles/QEA2.elf.dir/Drivers/STM32F4xx_HAL_Driver/Src/stm32f4xx_hal_spi.c.obj
LOAD CMakeFiles/QEA2.elf.dir/Drivers/STM32F4xx_HAL_Driver/Src/stm32f4xx_hal_tim.c.obj
LOAD CMakeFiles/QEA2.elf.dir/Drivers/STM32F4xx_HAL_Driver/Src/stm32f4xx_hal_tim_ex.c.obj
LOAD CMakeFiles/QEA2.elf.dir/Drivers/STM32F4xx_HAL_Driver/Src/stm32f4xx_hal_uart.c.obj
START GROUP
LOAD E:/Program Files (x86)/Arm GNU Toolchain arm-none-eabi/13.2 Rel1/bin/../lib/gcc/arm-none-eabi/13.2.1/thumb/v7e-m/nofp\libgcc.a
LOAD E:/Program Files (x86)/Arm GNU Toolchain arm-none-eabi/13.2 Rel1/bin/../lib/gcc/arm-none-eabi/13.2.1/thumb/v7e-m/nofp\libg.a
LOAD E:/Program Files (x86)/Arm GNU Toolchain arm-none-eabi/13.2 Rel1/bin/../lib/gcc/arm-none-eabi/13.2.1/thumb/v7e-m/nofp\libc.a
END GROUP
LOAD E:/Program Files (x86)/Arm GNU Toolchain arm-none-eabi/13.2 Rel1/bin/../lib/gcc/arm-none-eabi/13.2.1/thumb/v7e-m/nofp/crtend.o
LOAD E:/Program Files (x86)/Arm GNU Toolchain arm-none-eabi/13.2 Rel1/bin/../lib/gcc/arm-none-eabi/13.2.1/thumb/v7e-m/nofp/crtn.o
                0x20020000                        _estack = (ORIGIN (RAM) + LENGTH (RAM))
                0x00000200                        _Min_Heap_Size = 0x200
                0x00000400                        _Min_Stack_Size = 0x400

.isr_vector     0x08000000      0x188
                0x08000000                        . = ALIGN (0x4)
 *(.isr_vector)
 .isr_vector    0x08000000      0x188 CMakeFiles/QEA2.elf.dir/Core/Startup/startup_stm32f407zgtx.s.obj
                0x08000000                g_pfnVectors
                0x08000188                        . = ALIGN (0x4)

.text           0x080001c0     0x9d60
                0x080001c0                        . = ALIGN (0x4)
 *(.text)
 .text          0x080001c0      0x168 E:/Program Files (x86)/Arm GNU Toolchain arm-none-eabi/13.2 Rel1/bin/../lib/gcc/arm-none-eabi/13.2.1/thumb/v7e-m/nofp\libgcc.a(_arm_mulsf3.o)
                0x080001c0                __aeabi_fmul
                0x080001c0                __mulsf3
 .text          0x08000328      0x378 E:/Program Files (x86)/Arm GNU Toolchain arm-none-eabi/13.2 Rel1/bin/../lib/gcc/arm-none-eabi/13.2.1/thumb/v7e-m/nofp\libgcc.a(_arm_addsubdf3.o)
                0x08000328                __aeabi_drsub
                0x08000330                __aeabi_dsub
                0x08000330                __subdf3
                0x08000334                __aeabi_dadd
                0x08000334                __adddf3
                0x080005ac                __floatunsidf
                0x080005ac                __aeabi_ui2d
                0x080005cc                __floatsidf
                0x080005cc                __aeabi_i2d
                0x080005f0                __aeabi_f2d
                0x080005f0                __extendsfdf2
                0x08000634                __floatundidf
                0x08000634                __aeabi_ul2d
                0x08000644                __floatdidf
                0x08000644                __aeabi_l2d
 .text          0x080006a0       0x50 E:/Program Files (x86)/Arm GNU Toolchain arm-none-eabi/13.2 Rel1/bin/../lib/gcc/arm-none-eabi/13.2.1/thumb/v7e-m/nofp\libgcc.a(_arm_fixdfsi.o)
                0x080006a0                __aeabi_d2iz
                0x080006a0                __fixdfsi
 .text          0x080006f0      0x21c E:/Program Files (x86)/Arm GNU Toolchain arm-none-eabi/13.2 Rel1/bin/../lib/gcc/arm-none-eabi/13.2.1/thumb/v7e-m/nofp\libgcc.a(_arm_addsubsf3.o)
                0x080006f0                __aeabi_frsub
                0x080006f8                __subsf3
                0x080006f8                __aeabi_fsub
                0x080006fc                __aeabi_fadd
                0x080006fc                __addsf3
                0x0800085c                __aeabi_ui2f
                0x0800085c                __floatunsisf
                0x08000864                __aeabi_i2f
                0x08000864                __floatsisf
                0x08000880                __aeabi_ul2f
                0x08000880                __floatundisf
                0x08000890                __aeabi_l2f
                0x08000890                __floatdisf
 .text          0x0800090c       0x4c E:/Program Files (x86)/Arm GNU Toolchain arm-none-eabi/13.2 Rel1/bin/../lib/gcc/arm-none-eabi/13.2.1/thumb/v7e-m/nofp\libgcc.a(_arm_fixsfsi.o)
                0x0800090c                __aeabi_f2iz
                0x0800090c                __fixsfsi
 .text          0x08000958       0x30 E:/Program Files (x86)/Arm GNU Toolchain arm-none-eabi/13.2 Rel1/bin/../lib/gcc/arm-none-eabi/13.2.1/thumb/v7e-m/nofp\libgcc.a(_aeabi_uldivmod.o)
                0x08000958                __aeabi_uldivmod
 .text          0x08000988        0x4 E:/Program Files (x86)/Arm GNU Toolchain arm-none-eabi/13.2 Rel1/bin/../lib/gcc/arm-none-eabi/13.2.1/thumb/v7e-m/nofp\libgcc.a(_dvmd_tls.o)
                0x08000988                __aeabi_idiv0
                0x08000988                __aeabi_ldiv0
 *fill*         0x0800098c       0x34 
 .text          0x080009c0       0xd8 E:/Program Files (x86)/Arm GNU Toolchain arm-none-eabi/13.2 Rel1/bin/../lib/gcc/arm-none-eabi/13.2.1/thumb/v7e-m/nofp\libg.a(libc_a-strlen.o)
                0x080009c0                strlen
 *fill*         0x08000a98        0x8 
 .text          0x08000aa0       0xa0 E:/Program Files (x86)/Arm GNU Toolchain arm-none-eabi/13.2 Rel1/bin/../lib/gcc/arm-none-eabi/13.2.1/thumb/v7e-m/nofp\libg.a(libc_a-memchr.o)
                0x08000aa0                memchr
 .text          0x08000b40      0x134 E:/Program Files (x86)/Arm GNU Toolchain arm-none-eabi/13.2 Rel1/bin/../lib/gcc/arm-none-eabi/13.2.1/thumb/v7e-m/nofp\libg.a(libc_a-memcpy.o)
                0x08000b40                memcpy
 .text          0x08000c74      0x424 E:/Program Files (x86)/Arm GNU Toolchain arm-none-eabi/13.2 Rel1/bin/../lib/gcc/arm-none-eabi/13.2.1/thumb/v7e-m/nofp\libgcc.a(_arm_muldivdf3.o)
                0x08000c74                __aeabi_dmul
                0x08000c74                __muldf3
                0x08000ec8                __divdf3
                0x08000ec8                __aeabi_ddiv
 .text          0x08001098      0x110 E:/Program Files (x86)/Arm GNU Toolchain arm-none-eabi/13.2 Rel1/bin/../lib/gcc/arm-none-eabi/13.2.1/thumb/v7e-m/nofp\libgcc.a(_arm_cmpdf2.o)
                0x08001098                __gtdf2
                0x08001098                __gedf2
                0x080010a0                __ltdf2
                0x080010a0                __ledf2
                0x080010a8                __nedf2
                0x080010a8                __eqdf2
                0x080010a8                __cmpdf2
                0x08001124                __aeabi_cdrcmple
                0x08001134                __aeabi_cdcmpeq
                0x08001134                __aeabi_cdcmple
                0x08001144                __aeabi_dcmpeq
                0x08001158                __aeabi_dcmplt
                0x0800116c                __aeabi_dcmple
                0x08001180                __aeabi_dcmpge
                0x08001194                __aeabi_dcmpgt
 .text          0x080011a8       0x2c E:/Program Files (x86)/Arm GNU Toolchain arm-none-eabi/13.2 Rel1/bin/../lib/gcc/arm-none-eabi/13.2.1/thumb/v7e-m/nofp\libgcc.a(_arm_unorddf2.o)
                0x080011a8                __unorddf2
                0x080011a8                __aeabi_dcmpun
 *(.text*)
 .text.deregister_tm_clones
                0x080011d4       0x1c E:/Program Files (x86)/Arm GNU Toolchain arm-none-eabi/13.2 Rel1/bin/../lib/gcc/arm-none-eabi/13.2.1/thumb/v7e-m/nofp/crtbegin.o
 .text.register_tm_clones
                0x080011f0       0x24 E:/Program Files (x86)/Arm GNU Toolchain arm-none-eabi/13.2 Rel1/bin/../lib/gcc/arm-none-eabi/13.2.1/thumb/v7e-m/nofp/crtbegin.o
 .text.__do_global_dtors_aux
                0x08001214       0x28 E:/Program Files (x86)/Arm GNU Toolchain arm-none-eabi/13.2 Rel1/bin/../lib/gcc/arm-none-eabi/13.2.1/thumb/v7e-m/nofp/crtbegin.o
 .text.frame_dummy
                0x0800123c       0x24 E:/Program Files (x86)/Arm GNU Toolchain arm-none-eabi/13.2 Rel1/bin/../lib/gcc/arm-none-eabi/13.2.1/thumb/v7e-m/nofp/crtbegin.o
 .text.SPI3_RWByte
                0x08001260       0x2c CMakeFiles/QEA2.elf.dir/Core/Src/ADS1292.c.obj
                0x08001260                SPI3_RWByte
 .text.ADS1292CmdTransmit
                0x0800128c       0x10 CMakeFiles/QEA2.elf.dir/Core/Src/ADS1292.c.obj
                0x0800128c                ADS1292CmdTransmit
 .text.ADS1292RegisterReadSingle
                0x0800129c       0x38 CMakeFiles/QEA2.elf.dir/Core/Src/ADS1292.c.obj
                0x0800129c                ADS1292RegisterReadSingle
 .text.ADS1292RegisterWriteSingle
                0x080012d4       0x4c CMakeFiles/QEA2.elf.dir/Core/Src/ADS1292.c.obj
                0x080012d4                ADS1292RegisterWriteSingle
 .text.ADS1292Init
                0x08001320      0x10c CMakeFiles/QEA2.elf.dir/Core/Src/ADS1292.c.obj
                0x08001320                ADS1292Init
 .text.ADS1292ReadData
                0x0800142c       0xb4 CMakeFiles/QEA2.elf.dir/Core/Src/ADS1292.c.obj
                0x0800142c                ADS1292ReadData
 .text.FIRInit  0x080014e0       0x64 CMakeFiles/QEA2.elf.dir/Core/Src/FIRFilter.c.obj
                0x080014e0                FIRInit
 .text.FIRFilter
                0x08001544      0x11c CMakeFiles/QEA2.elf.dir/Core/Src/FIRFilter.c.obj
                0x08001544                FIRFilter
 .text.IIRFilter
                0x08001660       0x60 CMakeFiles/QEA2.elf.dir/Core/Src/IIRFilter.c.obj
                0x08001660                IIRFilter
 .text.MX_DMA_Init
                0x080016c0       0x44 CMakeFiles/QEA2.elf.dir/Core/Src/dma.c.obj
                0x080016c0                MX_DMA_Init
 .text.MX_GPIO_Init
                0x08001704       0xf0 CMakeFiles/QEA2.elf.dir/Core/Src/gpio.c.obj
                0x08001704                MX_GPIO_Init
 .text.HAL_GPIO_EXTI_Callback
                0x080017f4       0x28 CMakeFiles/QEA2.elf.dir/Core/Src/main.c.obj
                0x080017f4                HAL_GPIO_EXTI_Callback
 .text.Error_Handler
                0x0800181c        0x4 CMakeFiles/QEA2.elf.dir/Core/Src/main.c.obj
                0x0800181c                Error_Handler
 .text.SystemClock_Config
                0x08001820       0xac CMakeFiles/QEA2.elf.dir/Core/Src/main.c.obj
                0x08001820                SystemClock_Config
 .text.main     0x080018cc       0x24 CMakeFiles/QEA2.elf.dir/Core/Src/main.c.obj
                0x080018cc                main
 .text.queueInit
                0x080018f0       0x12 CMakeFiles/QEA2.elf.dir/Core/Src/queue.c.obj
                0x080018f0                queueInit
 .text.queuePush
                0x08001902       0x26 CMakeFiles/QEA2.elf.dir/Core/Src/queue.c.obj
                0x08001902                queuePush
 .text.queuePop
                0x08001928       0x38 CMakeFiles/QEA2.elf.dir/Core/Src/queue.c.obj
                0x08001928                queuePop
 .text.MX_SPI3_Init
                0x08001960       0x44 CMakeFiles/QEA2.elf.dir/Core/Src/spi.c.obj
                0x08001960                MX_SPI3_Init
 .text.HAL_SPI_MspInit
                0x080019a4       0x80 CMakeFiles/QEA2.elf.dir/Core/Src/spi.c.obj
                0x080019a4                HAL_SPI_MspInit
 .text.HAL_MspInit
                0x08001a24       0x38 CMakeFiles/QEA2.elf.dir/Core/Src/stm32f4xx_hal_msp.c.obj
                0x08001a24                HAL_MspInit
 .text.NMI_Handler
                0x08001a5c        0x2 CMakeFiles/QEA2.elf.dir/Core/Src/stm32f4xx_it.c.obj
                0x08001a5c                NMI_Handler
 .text.HardFault_Handler
                0x08001a5e        0x2 CMakeFiles/QEA2.elf.dir/Core/Src/stm32f4xx_it.c.obj
                0x08001a5e                HardFault_Handler
 .text.MemManage_Handler
                0x08001a60        0x2 CMakeFiles/QEA2.elf.dir/Core/Src/stm32f4xx_it.c.obj
                0x08001a60                MemManage_Handler
 .text.BusFault_Handler
                0x08001a62        0x2 CMakeFiles/QEA2.elf.dir/Core/Src/stm32f4xx_it.c.obj
                0x08001a62                BusFault_Handler
 .text.UsageFault_Handler
                0x08001a64        0x2 CMakeFiles/QEA2.elf.dir/Core/Src/stm32f4xx_it.c.obj
                0x08001a64                UsageFault_Handler
 .text.SVC_Handler
                0x08001a66        0x2 CMakeFiles/QEA2.elf.dir/Core/Src/stm32f4xx_it.c.obj
                0x08001a66                SVC_Handler
 .text.DebugMon_Handler
                0x08001a68        0x2 CMakeFiles/QEA2.elf.dir/Core/Src/stm32f4xx_it.c.obj
                0x08001a68                DebugMon_Handler
 .text.PendSV_Handler
                0x08001a6a        0x2 CMakeFiles/QEA2.elf.dir/Core/Src/stm32f4xx_it.c.obj
                0x08001a6a                PendSV_Handler
 .text.SysTick_Handler
                0x08001a6c        0x8 CMakeFiles/QEA2.elf.dir/Core/Src/stm32f4xx_it.c.obj
                0x08001a6c                SysTick_Handler
 .text.EXTI9_5_IRQHandler
                0x08001a74        0xa CMakeFiles/QEA2.elf.dir/Core/Src/stm32f4xx_it.c.obj
                0x08001a74                EXTI9_5_IRQHandler
 *fill*         0x08001a7e        0x2 
 .text.USART1_IRQHandler
                0x08001a80       0x10 CMakeFiles/QEA2.elf.dir/Core/Src/stm32f4xx_it.c.obj
                0x08001a80                USART1_IRQHandler
 .text.SPI3_IRQHandler
                0x08001a90       0x10 CMakeFiles/QEA2.elf.dir/Core/Src/stm32f4xx_it.c.obj
                0x08001a90                SPI3_IRQHandler
 .text.DMA2_Stream2_IRQHandler
                0x08001aa0       0x10 CMakeFiles/QEA2.elf.dir/Core/Src/stm32f4xx_it.c.obj
                0x08001aa0                DMA2_Stream2_IRQHandler
 .text.DMA2_Stream7_IRQHandler
                0x08001ab0       0x10 CMakeFiles/QEA2.elf.dir/Core/Src/stm32f4xx_it.c.obj
                0x08001ab0                DMA2_Stream7_IRQHandler
 .text._getpid  0x08001ac0        0x4 CMakeFiles/QEA2.elf.dir/Core/Src/syscalls.c.obj
                0x08001ac0                _getpid
 .text._kill    0x08001ac4       0x10 CMakeFiles/QEA2.elf.dir/Core/Src/syscalls.c.obj
                0x08001ac4                _kill
 .text._exit    0x08001ad4        0xc CMakeFiles/QEA2.elf.dir/Core/Src/syscalls.c.obj
                0x08001ad4                _exit
 .text._read    0x08001ae0       0x20 CMakeFiles/QEA2.elf.dir/Core/Src/syscalls.c.obj
                0x08001ae0                _read
 .text._write   0x08001b00       0x1c CMakeFiles/QEA2.elf.dir/Core/Src/syscalls.c.obj
                0x08001b00                _write
 .text._close   0x08001b1c        0x6 CMakeFiles/QEA2.elf.dir/Core/Src/syscalls.c.obj
                0x08001b1c                _close
 .text._fstat   0x08001b22        0xa CMakeFiles/QEA2.elf.dir/Core/Src/syscalls.c.obj
                0x08001b22                _fstat
 .text._isatty  0x08001b2c        0x4 CMakeFiles/QEA2.elf.dir/Core/Src/syscalls.c.obj
                0x08001b2c                _isatty
 .text._lseek   0x08001b30        0x4 CMakeFiles/QEA2.elf.dir/Core/Src/syscalls.c.obj
                0x08001b30                _lseek
 .text._sbrk    0x08001b34       0x48 CMakeFiles/QEA2.elf.dir/Core/Src/sysmem.c.obj
                0x08001b34                _sbrk
 .text.SystemInit
                0x08001b7c        0x2 CMakeFiles/QEA2.elf.dir/Core/Src/system_stm32f4xx.c.obj
                0x08001b7c                SystemInit
 *fill*         0x08001b7e        0x2 
 .text.MX_USART1_UART_Init
                0x08001b80       0x34 CMakeFiles/QEA2.elf.dir/Core/Src/usart.c.obj
                0x08001b80                MX_USART1_UART_Init
 .text.HAL_UART_MspInit
                0x08001bb4      0x104 CMakeFiles/QEA2.elf.dir/Core/Src/usart.c.obj
                0x08001bb4                HAL_UART_MspInit
 .text.__io_putchar
                0x08001cb8       0x20 CMakeFiles/QEA2.elf.dir/Core/Src/usart.c.obj
                0x08001cb8                __io_putchar
 .text.Reset_Handler
                0x08001cd8       0x50 CMakeFiles/QEA2.elf.dir/Core/Startup/startup_stm32f407zgtx.s.obj
                0x08001cd8                Reset_Handler
 .text.Default_Handler
                0x08001d28        0x2 CMakeFiles/QEA2.elf.dir/Core/Startup/startup_stm32f407zgtx.s.obj
                0x08001d28                RTC_Alarm_IRQHandler
                0x08001d28                HASH_RNG_IRQHandler
                0x08001d28                EXTI2_IRQHandler
                0x08001d28                TIM8_CC_IRQHandler
                0x08001d28                TIM1_CC_IRQHandler
                0x08001d28                DMA2_Stream5_IRQHandler
                0x08001d28                DMA1_Stream5_IRQHandler
                0x08001d28                PVD_IRQHandler
                0x08001d28                SDIO_IRQHandler
                0x08001d28                TAMP_STAMP_IRQHandler
                0x08001d28                CAN2_RX1_IRQHandler
                0x08001d28                EXTI3_IRQHandler
                0x08001d28                TIM8_TRG_COM_TIM14_IRQHandler
                0x08001d28                TIM1_UP_TIM10_IRQHandler
                0x08001d28                TIM8_UP_TIM13_IRQHandler
                0x08001d28                I2C3_ER_IRQHandler
                0x08001d28                EXTI0_IRQHandler
                0x08001d28                I2C2_EV_IRQHandler
                0x08001d28                DMA1_Stream2_IRQHandler
                0x08001d28                CAN1_RX0_IRQHandler
                0x08001d28                FPU_IRQHandler
                0x08001d28                OTG_HS_WKUP_IRQHandler
                0x08001d28                CAN2_SCE_IRQHandler
                0x08001d28                SPI1_IRQHandler
                0x08001d28                TIM6_DAC_IRQHandler
                0x08001d28                TIM1_BRK_TIM9_IRQHandler
                0x08001d28                DCMI_IRQHandler
                0x08001d28                CAN2_RX0_IRQHandler
                0x08001d28                DMA2_Stream3_IRQHandler
                0x08001d28                USART6_IRQHandler
                0x08001d28                USART3_IRQHandler
                0x08001d28                CAN1_RX1_IRQHandler
                0x08001d28                UART5_IRQHandler
                0x08001d28                DMA2_Stream0_IRQHandler
                0x08001d28                TIM4_IRQHandler
                0x08001d28                I2C1_EV_IRQHandler
                0x08001d28                DMA1_Stream6_IRQHandler
                0x08001d28                DMA1_Stream1_IRQHandler
                0x08001d28                UART4_IRQHandler
                0x08001d28                TIM3_IRQHandler
                0x08001d28                RCC_IRQHandler
                0x08001d28                TIM8_BRK_TIM12_IRQHandler
                0x08001d28                Default_Handler
                0x08001d28                EXTI15_10_IRQHandler
                0x08001d28                ADC_IRQHandler
                0x08001d28                DMA1_Stream7_IRQHandler
                0x08001d28                TIM7_IRQHandler
                0x08001d28                CAN2_TX_IRQHandler
                0x08001d28                TIM5_IRQHandler
                0x08001d28                I2C3_EV_IRQHandler
                0x08001d28                RTC_WKUP_IRQHandler
                0x08001d28                ETH_WKUP_IRQHandler
                0x08001d28                SPI2_IRQHandler
                0x08001d28                OTG_HS_EP1_IN_IRQHandler
                0x08001d28                DMA1_Stream0_IRQHandler
                0x08001d28                CAN1_TX_IRQHandler
                0x08001d28                EXTI4_IRQHandler
                0x08001d28                FSMC_IRQHandler
                0x08001d28                ETH_IRQHandler
                0x08001d28                OTG_HS_EP1_OUT_IRQHandler
                0x08001d28                WWDG_IRQHandler
                0x08001d28                TIM2_IRQHandler
                0x08001d28                OTG_FS_WKUP_IRQHandler
                0x08001d28                TIM1_TRG_COM_TIM11_IRQHandler
                0x08001d28                OTG_HS_IRQHandler
                0x08001d28                EXTI1_IRQHandler
                0x08001d28                USART2_IRQHandler
                0x08001d28                I2C2_ER_IRQHandler
                0x08001d28                DMA2_Stream1_IRQHandler
                0x08001d28                CAN1_SCE_IRQHandler
                0x08001d28                FLASH_IRQHandler
                0x08001d28                DMA2_Stream4_IRQHandler
                0x08001d28                OTG_FS_IRQHandler
                0x08001d28                DMA1_Stream4_IRQHandler
                0x08001d28                I2C1_ER_IRQHandler
                0x08001d28                DMA2_Stream6_IRQHandler
                0x08001d28                DMA1_Stream3_IRQHandler
 *fill*         0x08001d2a        0x2 
 .text.HAL_InitTick
                0x08001d2c       0x4c CMakeFiles/QEA2.elf.dir/Drivers/STM32F4xx_HAL_Driver/Src/stm32f4xx_hal.c.obj
                0x08001d2c                HAL_InitTick
 .text.HAL_Init
                0x08001d78       0x34 CMakeFiles/QEA2.elf.dir/Drivers/STM32F4xx_HAL_Driver/Src/stm32f4xx_hal.c.obj
                0x08001d78                HAL_Init
 .text.HAL_IncTick
                0x08001dac       0x18 CMakeFiles/QEA2.elf.dir/Drivers/STM32F4xx_HAL_Driver/Src/stm32f4xx_hal.c.obj
                0x08001dac                HAL_IncTick
 .text.HAL_GetTick
                0x08001dc4        0xc CMakeFiles/QEA2.elf.dir/Drivers/STM32F4xx_HAL_Driver/Src/stm32f4xx_hal.c.obj
                0x08001dc4                HAL_GetTick
 .text.HAL_Delay
                0x08001dd0       0x28 CMakeFiles/QEA2.elf.dir/Drivers/STM32F4xx_HAL_Driver/Src/stm32f4xx_hal.c.obj
                0x08001dd0                HAL_Delay
 .text.__NVIC_SetPriority
                0x08001df8       0x28 CMakeFiles/QEA2.elf.dir/Drivers/STM32F4xx_HAL_Driver/Src/stm32f4xx_hal_cortex.c.obj
 .text.NVIC_EncodePriority
                0x08001e20       0x3e CMakeFiles/QEA2.elf.dir/Drivers/STM32F4xx_HAL_Driver/Src/stm32f4xx_hal_cortex.c.obj
 *fill*         0x08001e5e        0x2 
 .text.HAL_NVIC_SetPriorityGrouping
                0x08001e60       0x24 CMakeFiles/QEA2.elf.dir/Drivers/STM32F4xx_HAL_Driver/Src/stm32f4xx_hal_cortex.c.obj
                0x08001e60                HAL_NVIC_SetPriorityGrouping
 .text.HAL_NVIC_SetPriority
                0x08001e84       0x20 CMakeFiles/QEA2.elf.dir/Drivers/STM32F4xx_HAL_Driver/Src/stm32f4xx_hal_cortex.c.obj
                0x08001e84                HAL_NVIC_SetPriority
 .text.HAL_NVIC_EnableIRQ
                0x08001ea4       0x1c CMakeFiles/QEA2.elf.dir/Drivers/STM32F4xx_HAL_Driver/Src/stm32f4xx_hal_cortex.c.obj
                0x08001ea4                HAL_NVIC_EnableIRQ
 .text.HAL_SYSTICK_Config
                0x08001ec0       0x28 CMakeFiles/QEA2.elf.dir/Drivers/STM32F4xx_HAL_Driver/Src/stm32f4xx_hal_cortex.c.obj
                0x08001ec0                HAL_SYSTICK_Config
 .text.DMA_CalcBaseAndBitshift
                0x08001ee8       0x38 CMakeFiles/QEA2.elf.dir/Drivers/STM32F4xx_HAL_Driver/Src/stm32f4xx_hal_dma.c.obj
 .text.DMA_CheckFifoParam
                0x08001f20       0x8e CMakeFiles/QEA2.elf.dir/Drivers/STM32F4xx_HAL_Driver/Src/stm32f4xx_hal_dma.c.obj
 *fill*         0x08001fae        0x2 
 .text.HAL_DMA_Init
                0x08001fb0       0xcc CMakeFiles/QEA2.elf.dir/Drivers/STM32F4xx_HAL_Driver/Src/stm32f4xx_hal_dma.c.obj
                0x08001fb0                HAL_DMA_Init
 .text.HAL_DMA_Abort
                0x0800207c       0x94 CMakeFiles/QEA2.elf.dir/Drivers/STM32F4xx_HAL_Driver/Src/stm32f4xx_hal_dma.c.obj
                0x0800207c                HAL_DMA_Abort
 .text.HAL_DMA_Abort_IT
                0x08002110       0x26 CMakeFiles/QEA2.elf.dir/Drivers/STM32F4xx_HAL_Driver/Src/stm32f4xx_hal_dma.c.obj
                0x08002110                HAL_DMA_Abort_IT
 *fill*         0x08002136        0x2 
 .text.HAL_DMA_IRQHandler
                0x08002138      0x1dc CMakeFiles/QEA2.elf.dir/Drivers/STM32F4xx_HAL_Driver/Src/stm32f4xx_hal_dma.c.obj
                0x08002138                HAL_DMA_IRQHandler
 .text.HAL_GPIO_Init
                0x08002314      0x1f4 CMakeFiles/QEA2.elf.dir/Drivers/STM32F4xx_HAL_Driver/Src/stm32f4xx_hal_gpio.c.obj
                0x08002314                HAL_GPIO_Init
 .text.HAL_GPIO_WritePin
                0x08002508        0xc CMakeFiles/QEA2.elf.dir/Drivers/STM32F4xx_HAL_Driver/Src/stm32f4xx_hal_gpio.c.obj
                0x08002508                HAL_GPIO_WritePin
 .text.HAL_GPIO_EXTI_IRQHandler
                0x08002514       0x1c CMakeFiles/QEA2.elf.dir/Drivers/STM32F4xx_HAL_Driver/Src/stm32f4xx_hal_gpio.c.obj
                0x08002514                HAL_GPIO_EXTI_IRQHandler
 .text.HAL_RCC_OscConfig
                0x08002530      0x3f8 CMakeFiles/QEA2.elf.dir/Drivers/STM32F4xx_HAL_Driver/Src/stm32f4xx_hal_rcc.c.obj
                0x08002530                HAL_RCC_OscConfig
 .text.HAL_RCC_GetSysClockFreq
                0x08002928       0xdc CMakeFiles/QEA2.elf.dir/Drivers/STM32F4xx_HAL_Driver/Src/stm32f4xx_hal_rcc.c.obj
                0x08002928                HAL_RCC_GetSysClockFreq
 .text.HAL_RCC_ClockConfig
                0x08002a04      0x160 CMakeFiles/QEA2.elf.dir/Drivers/STM32F4xx_HAL_Driver/Src/stm32f4xx_hal_rcc.c.obj
                0x08002a04                HAL_RCC_ClockConfig
 .text.HAL_RCC_GetHCLKFreq
                0x08002b64        0xc CMakeFiles/QEA2.elf.dir/Drivers/STM32F4xx_HAL_Driver/Src/stm32f4xx_hal_rcc.c.obj
                0x08002b64                HAL_RCC_GetHCLKFreq
 .text.HAL_RCC_GetPCLK1Freq
                0x08002b70       0x20 CMakeFiles/QEA2.elf.dir/Drivers/STM32F4xx_HAL_Driver/Src/stm32f4xx_hal_rcc.c.obj
                0x08002b70                HAL_RCC_GetPCLK1Freq
 .text.HAL_RCC_GetPCLK2Freq
                0x08002b90       0x20 CMakeFiles/QEA2.elf.dir/Drivers/STM32F4xx_HAL_Driver/Src/stm32f4xx_hal_rcc.c.obj
                0x08002b90                HAL_RCC_GetPCLK2Freq
 .text.SPI_WaitFlagStateUntilTimeout
                0x08002bb0       0xc8 CMakeFiles/QEA2.elf.dir/Drivers/STM32F4xx_HAL_Driver/Src/stm32f4xx_hal_spi.c.obj
 .text.SPI_EndRxTxTransaction
                0x08002c78       0x68 CMakeFiles/QEA2.elf.dir/Drivers/STM32F4xx_HAL_Driver/Src/stm32f4xx_hal_spi.c.obj
 .text.HAL_SPI_Init
                0x08002ce0       0xbe CMakeFiles/QEA2.elf.dir/Drivers/STM32F4xx_HAL_Driver/Src/stm32f4xx_hal_spi.c.obj
                0x08002ce0                HAL_SPI_Init
 .text.HAL_SPI_TransmitReceive
                0x08002d9e      0x238 CMakeFiles/QEA2.elf.dir/Drivers/STM32F4xx_HAL_Driver/Src/stm32f4xx_hal_spi.c.obj
                0x08002d9e                HAL_SPI_TransmitReceive
 .text.HAL_SPI_ErrorCallback
                0x08002fd6        0x2 CMakeFiles/QEA2.elf.dir/Drivers/STM32F4xx_HAL_Driver/Src/stm32f4xx_hal_spi.c.obj
                0x08002fd6                HAL_SPI_ErrorCallback
 .text.HAL_SPI_IRQHandler
                0x08002fd8      0x124 CMakeFiles/QEA2.elf.dir/Drivers/STM32F4xx_HAL_Driver/Src/stm32f4xx_hal_spi.c.obj
                0x08002fd8                HAL_SPI_IRQHandler
 .text.SPI_DMAAbortOnError
                0x080030fc       0x10 CMakeFiles/QEA2.elf.dir/Drivers/STM32F4xx_HAL_Driver/Src/stm32f4xx_hal_spi.c.obj
 .text.UART_EndRxTransfer
                0x0800310c       0x5c CMakeFiles/QEA2.elf.dir/Drivers/STM32F4xx_HAL_Driver/Src/stm32f4xx_hal_uart.c.obj
 .text.UART_Transmit_IT
                0x08003168       0x60 CMakeFiles/QEA2.elf.dir/Drivers/STM32F4xx_HAL_Driver/Src/stm32f4xx_hal_uart.c.obj
 .text.UART_SetConfig
                0x080031c8      0x110 CMakeFiles/QEA2.elf.dir/Drivers/STM32F4xx_HAL_Driver/Src/stm32f4xx_hal_uart.c.obj
 .text.UART_WaitOnFlagUntilTimeout
                0x080032d8       0x84 CMakeFiles/QEA2.elf.dir/Drivers/STM32F4xx_HAL_Driver/Src/stm32f4xx_hal_uart.c.obj
 .text.HAL_UART_Init
                0x0800335c       0x5e CMakeFiles/QEA2.elf.dir/Drivers/STM32F4xx_HAL_Driver/Src/stm32f4xx_hal_uart.c.obj
                0x0800335c                HAL_UART_Init
 .text.HAL_UART_Transmit
                0x080033ba       0xd8 CMakeFiles/QEA2.elf.dir/Drivers/STM32F4xx_HAL_Driver/Src/stm32f4xx_hal_uart.c.obj
                0x080033ba                HAL_UART_Transmit
 .text.HAL_UART_TxCpltCallback
                0x08003492        0x2 CMakeFiles/QEA2.elf.dir/Drivers/STM32F4xx_HAL_Driver/Src/stm32f4xx_hal_uart.c.obj
                0x08003492                HAL_UART_TxCpltCallback
 .text.UART_EndTransmit_IT
                0x08003494       0x1a CMakeFiles/QEA2.elf.dir/Drivers/STM32F4xx_HAL_Driver/Src/stm32f4xx_hal_uart.c.obj
 .text.HAL_UART_RxCpltCallback
                0x080034ae        0x2 CMakeFiles/QEA2.elf.dir/Drivers/STM32F4xx_HAL_Driver/Src/stm32f4xx_hal_uart.c.obj
                0x080034ae                HAL_UART_RxCpltCallback
 .text.HAL_UART_ErrorCallback
                0x080034b0        0x2 CMakeFiles/QEA2.elf.dir/Drivers/STM32F4xx_HAL_Driver/Src/stm32f4xx_hal_uart.c.obj
                0x080034b0                HAL_UART_ErrorCallback
 .text.UART_DMAAbortOnError
                0x080034b2       0x10 CMakeFiles/QEA2.elf.dir/Drivers/STM32F4xx_HAL_Driver/Src/stm32f4xx_hal_uart.c.obj
 .text.HAL_UARTEx_RxEventCallback
                0x080034c2        0x2 CMakeFiles/QEA2.elf.dir/Drivers/STM32F4xx_HAL_Driver/Src/stm32f4xx_hal_uart.c.obj
                0x080034c2                HAL_UARTEx_RxEventCallback
 .text.UART_Receive_IT
                0x080034c4       0xe2 CMakeFiles/QEA2.elf.dir/Drivers/STM32F4xx_HAL_Driver/Src/stm32f4xx_hal_uart.c.obj
 *fill*         0x080035a6        0x2 
 .text.HAL_UART_IRQHandler
                0x080035a8      0x27c CMakeFiles/QEA2.elf.dir/Drivers/STM32F4xx_HAL_Driver/Src/stm32f4xx_hal_uart.c.obj
                0x080035a8                HAL_UART_IRQHandler
 .text.__udivmoddi4
                0x08003824      0x2bc E:/Program Files (x86)/Arm GNU Toolchain arm-none-eabi/13.2 Rel1/bin/../lib/gcc/arm-none-eabi/13.2.1/thumb/v7e-m/nofp\libgcc.a(_udivmoddi4.o)
                0x08003824                __udivmoddi4
 .text.stdio_exit_handler
                0x08003ae0       0x18 E:/Program Files (x86)/Arm GNU Toolchain arm-none-eabi/13.2 Rel1/bin/../lib/gcc/arm-none-eabi/13.2.1/thumb/v7e-m/nofp\libg.a(libc_a-findfp.o)
 .text.cleanup_stdio
                0x08003af8       0x40 E:/Program Files (x86)/Arm GNU Toolchain arm-none-eabi/13.2 Rel1/bin/../lib/gcc/arm-none-eabi/13.2.1/thumb/v7e-m/nofp\libg.a(libc_a-findfp.o)
 .text.global_stdio_init.part.0
                0x08003b38       0xf0 E:/Program Files (x86)/Arm GNU Toolchain arm-none-eabi/13.2 Rel1/bin/../lib/gcc/arm-none-eabi/13.2.1/thumb/v7e-m/nofp\libg.a(libc_a-findfp.o)
 .text.__sinit  0x08003c28       0x3c E:/Program Files (x86)/Arm GNU Toolchain arm-none-eabi/13.2 Rel1/bin/../lib/gcc/arm-none-eabi/13.2.1/thumb/v7e-m/nofp\libg.a(libc_a-findfp.o)
                0x08003c28                __sinit
 .text.__sfp_lock_acquire
                0x08003c64        0xc E:/Program Files (x86)/Arm GNU Toolchain arm-none-eabi/13.2 Rel1/bin/../lib/gcc/arm-none-eabi/13.2.1/thumb/v7e-m/nofp\libg.a(libc_a-findfp.o)
                0x08003c64                __sfp_lock_acquire
 .text.__sfp_lock_release
                0x08003c70        0xc E:/Program Files (x86)/Arm GNU Toolchain arm-none-eabi/13.2 Rel1/bin/../lib/gcc/arm-none-eabi/13.2.1/thumb/v7e-m/nofp\libg.a(libc_a-findfp.o)
                0x08003c70                __sfp_lock_release
 .text._fwalk_sglue
                0x08003c7c       0x44 E:/Program Files (x86)/Arm GNU Toolchain arm-none-eabi/13.2 Rel1/bin/../lib/gcc/arm-none-eabi/13.2.1/thumb/v7e-m/nofp\libg.a(libc_a-fwalk.o)
                0x08003c7c                _fwalk_sglue
 .text.printf   0x08003cc0       0x28 E:/Program Files (x86)/Arm GNU Toolchain arm-none-eabi/13.2 Rel1/bin/../lib/gcc/arm-none-eabi/13.2.1/thumb/v7e-m/nofp\libg.a(libc_a-printf.o)
                0x08003cc0                printf
 .text._puts_r  0x08003ce8       0x98 E:/Program Files (x86)/Arm GNU Toolchain arm-none-eabi/13.2 Rel1/bin/../lib/gcc/arm-none-eabi/13.2.1/thumb/v7e-m/nofp\libg.a(libc_a-puts.o)
                0x08003ce8                _puts_r
 .text.puts     0x08003d80       0x10 E:/Program Files (x86)/Arm GNU Toolchain arm-none-eabi/13.2 Rel1/bin/../lib/gcc/arm-none-eabi/13.2.1/thumb/v7e-m/nofp\libg.a(libc_a-puts.o)
                0x08003d80                puts
 .text.__sread  0x08003d90       0x24 E:/Program Files (x86)/Arm GNU Toolchain arm-none-eabi/13.2 Rel1/bin/../lib/gcc/arm-none-eabi/13.2.1/thumb/v7e-m/nofp\libg.a(libc_a-stdio.o)
                0x08003d90                __sread
 .text.__swrite
                0x08003db4       0x40 E:/Program Files (x86)/Arm GNU Toolchain arm-none-eabi/13.2 Rel1/bin/../lib/gcc/arm-none-eabi/13.2.1/thumb/v7e-m/nofp\libg.a(libc_a-stdio.o)
                0x08003db4                __swrite
 .text.__sseek  0x08003df4       0x24 E:/Program Files (x86)/Arm GNU Toolchain arm-none-eabi/13.2 Rel1/bin/../lib/gcc/arm-none-eabi/13.2.1/thumb/v7e-m/nofp\libg.a(libc_a-stdio.o)
                0x08003df4                __sseek
 .text.__sclose
                0x08003e18        0x8 E:/Program Files (x86)/Arm GNU Toolchain arm-none-eabi/13.2 Rel1/bin/../lib/gcc/arm-none-eabi/13.2.1/thumb/v7e-m/nofp\libg.a(libc_a-stdio.o)
                0x08003e18                __sclose
 .text.memset   0x08003e20       0xa4 E:/Program Files (x86)/Arm GNU Toolchain arm-none-eabi/13.2 Rel1/bin/../lib/gcc/arm-none-eabi/13.2.1/thumb/v7e-m/nofp\libg.a(libc_a-memset.o)
                0x08003e20                memset
 .text._close_r
                0x08003ec4       0x24 E:/Program Files (x86)/Arm GNU Toolchain arm-none-eabi/13.2 Rel1/bin/../lib/gcc/arm-none-eabi/13.2.1/thumb/v7e-m/nofp\libg.a(libc_a-closer.o)
                0x08003ec4                _close_r
 .text._lseek_r
                0x08003ee8       0x2c E:/Program Files (x86)/Arm GNU Toolchain arm-none-eabi/13.2 Rel1/bin/../lib/gcc/arm-none-eabi/13.2.1/thumb/v7e-m/nofp\libg.a(libc_a-lseekr.o)
                0x08003ee8                _lseek_r
 .text._read_r  0x08003f14       0x2c E:/Program Files (x86)/Arm GNU Toolchain arm-none-eabi/13.2 Rel1/bin/../lib/gcc/arm-none-eabi/13.2.1/thumb/v7e-m/nofp\libg.a(libc_a-readr.o)
                0x08003f14                _read_r
 .text._write_r
                0x08003f40       0x2c E:/Program Files (x86)/Arm GNU Toolchain arm-none-eabi/13.2 Rel1/bin/../lib/gcc/arm-none-eabi/13.2.1/thumb/v7e-m/nofp\libg.a(libc_a-writer.o)
                0x08003f40                _write_r
 .text.__errno  0x08003f6c        0xc E:/Program Files (x86)/Arm GNU Toolchain arm-none-eabi/13.2 Rel1/bin/../lib/gcc/arm-none-eabi/13.2.1/thumb/v7e-m/nofp\libg.a(libc_a-errno.o)
                0x08003f6c                __errno
 .text.__libc_init_array
                0x08003f78       0x50 E:/Program Files (x86)/Arm GNU Toolchain arm-none-eabi/13.2 Rel1/bin/../lib/gcc/arm-none-eabi/13.2.1/thumb/v7e-m/nofp\libg.a(libc_a-init.o)
                0x08003f78                __libc_init_array
 .text.__retarget_lock_init_recursive
                0x08003fc8        0x4 E:/Program Files (x86)/Arm GNU Toolchain arm-none-eabi/13.2 Rel1/bin/../lib/gcc/arm-none-eabi/13.2.1/thumb/v7e-m/nofp\libg.a(libc_a-lock.o)
                0x08003fc8                __retarget_lock_init_recursive
 .text.__retarget_lock_close_recursive
                0x08003fcc        0x4 E:/Program Files (x86)/Arm GNU Toolchain arm-none-eabi/13.2 Rel1/bin/../lib/gcc/arm-none-eabi/13.2.1/thumb/v7e-m/nofp\libg.a(libc_a-lock.o)
                0x08003fcc                __retarget_lock_close_recursive
 .text.__retarget_lock_acquire_recursive
                0x08003fd0        0x4 E:/Program Files (x86)/Arm GNU Toolchain arm-none-eabi/13.2 Rel1/bin/../lib/gcc/arm-none-eabi/13.2.1/thumb/v7e-m/nofp\libg.a(libc_a-lock.o)
                0x08003fd0                __retarget_lock_acquire_recursive
 .text.__retarget_lock_release_recursive
                0x08003fd4        0x4 E:/Program Files (x86)/Arm GNU Toolchain arm-none-eabi/13.2 Rel1/bin/../lib/gcc/arm-none-eabi/13.2.1/thumb/v7e-m/nofp\libg.a(libc_a-lock.o)
                0x08003fd4                __retarget_lock_release_recursive
 .text.startup.register_fini
                0x08003fd8       0x14 E:/Program Files (x86)/Arm GNU Toolchain arm-none-eabi/13.2 Rel1/bin/../lib/gcc/arm-none-eabi/13.2.1/thumb/v7e-m/nofp\libg.a(libc_a-__call_atexit.o)
 .text.atexit   0x08003fec        0xc E:/Program Files (x86)/Arm GNU Toolchain arm-none-eabi/13.2 Rel1/bin/../lib/gcc/arm-none-eabi/13.2.1/thumb/v7e-m/nofp\libg.a(libc_a-atexit.o)
                0x08003fec                atexit
 .text._malloc_trim_r
                0x08003ff8       0xb8 E:/Program Files (x86)/Arm GNU Toolchain arm-none-eabi/13.2 Rel1/bin/../lib/gcc/arm-none-eabi/13.2.1/thumb/v7e-m/nofp\libg.a(libc_a-freer.o)
                0x08003ff8                _malloc_trim_r
 .text._free_r  0x080040b0      0x1f8 E:/Program Files (x86)/Arm GNU Toolchain arm-none-eabi/13.2 Rel1/bin/../lib/gcc/arm-none-eabi/13.2.1/thumb/v7e-m/nofp\libg.a(libc_a-freer.o)
                0x080040b0                _free_r
 .text._malloc_r
                0x080042a8      0x564 E:/Program Files (x86)/Arm GNU Toolchain arm-none-eabi/13.2 Rel1/bin/../lib/gcc/arm-none-eabi/13.2.1/thumb/v7e-m/nofp\libg.a(libc_a-mallocr.o)
                0x080042a8                _malloc_r
 .text.__malloc_lock
                0x0800480c        0xc E:/Program Files (x86)/Arm GNU Toolchain arm-none-eabi/13.2 Rel1/bin/../lib/gcc/arm-none-eabi/13.2.1/thumb/v7e-m/nofp\libg.a(libc_a-mlock.o)
                0x0800480c                __malloc_lock
 .text.__malloc_unlock
                0x08004818        0xc E:/Program Files (x86)/Arm GNU Toolchain arm-none-eabi/13.2 Rel1/bin/../lib/gcc/arm-none-eabi/13.2.1/thumb/v7e-m/nofp\libg.a(libc_a-mlock.o)
                0x08004818                __malloc_unlock
 .text._vfprintf_r
                0x08004824     0x1c30 E:/Program Files (x86)/Arm GNU Toolchain arm-none-eabi/13.2 Rel1/bin/../lib/gcc/arm-none-eabi/13.2.1/thumb/v7e-m/nofp\libg.a(libc_a-vfprintf.o)
                0x08004824                _vfprintf_r
 .text.__sbprintf
                0x08006454       0x80 E:/Program Files (x86)/Arm GNU Toolchain arm-none-eabi/13.2 Rel1/bin/../lib/gcc/arm-none-eabi/13.2.1/thumb/v7e-m/nofp\libg.a(libc_a-vfprintf.o)
 .text.__sprint_r.part.0
                0x080064d4       0x78 E:/Program Files (x86)/Arm GNU Toolchain arm-none-eabi/13.2 Rel1/bin/../lib/gcc/arm-none-eabi/13.2.1/thumb/v7e-m/nofp\libg.a(libc_a-vfiprintf.o)
 .text.__sprint_r
                0x0800654c       0x14 E:/Program Files (x86)/Arm GNU Toolchain arm-none-eabi/13.2 Rel1/bin/../lib/gcc/arm-none-eabi/13.2.1/thumb/v7e-m/nofp\libg.a(libc_a-vfiprintf.o)
                0x0800654c                __sprint_r
 .text._vfiprintf_r
                0x08006560     0x100c E:/Program Files (x86)/Arm GNU Toolchain arm-none-eabi/13.2 Rel1/bin/../lib/gcc/arm-none-eabi/13.2.1/thumb/v7e-m/nofp\libg.a(libc_a-vfiprintf.o)
                0x08006560                _vfiprintf_r
 .text.__sbprintf
                0x0800756c       0x80 E:/Program Files (x86)/Arm GNU Toolchain arm-none-eabi/13.2 Rel1/bin/../lib/gcc/arm-none-eabi/13.2.1/thumb/v7e-m/nofp\libg.a(libc_a-vfiprintf.o)
 .text._fclose_r
                0x080075ec       0xc0 E:/Program Files (x86)/Arm GNU Toolchain arm-none-eabi/13.2 Rel1/bin/../lib/gcc/arm-none-eabi/13.2.1/thumb/v7e-m/nofp\libg.a(libc_a-fclose.o)
                0x080075ec                _fclose_r
 .text.__sflush_r
                0x080076ac      0x128 E:/Program Files (x86)/Arm GNU Toolchain arm-none-eabi/13.2 Rel1/bin/../lib/gcc/arm-none-eabi/13.2.1/thumb/v7e-m/nofp\libg.a(libc_a-fflush.o)
                0x080076ac                __sflush_r
 .text._fflush_r
                0x080077d4       0x54 E:/Program Files (x86)/Arm GNU Toolchain arm-none-eabi/13.2 Rel1/bin/../lib/gcc/arm-none-eabi/13.2.1/thumb/v7e-m/nofp\libg.a(libc_a-fflush.o)
                0x080077d4                _fflush_r
 .text.__sfvwrite_r
                0x08007828      0x2f8 E:/Program Files (x86)/Arm GNU Toolchain arm-none-eabi/13.2 Rel1/bin/../lib/gcc/arm-none-eabi/13.2.1/thumb/v7e-m/nofp\libg.a(libc_a-fvwrite.o)
                0x08007828                __sfvwrite_r
 .text.__swbuf_r
                0x08007b20       0xac E:/Program Files (x86)/Arm GNU Toolchain arm-none-eabi/13.2 Rel1/bin/../lib/gcc/arm-none-eabi/13.2.1/thumb/v7e-m/nofp\libg.a(libc_a-wbuf.o)
                0x08007b20                __swbuf_r
 .text.__swsetup_r
                0x08007bcc       0xc4 E:/Program Files (x86)/Arm GNU Toolchain arm-none-eabi/13.2 Rel1/bin/../lib/gcc/arm-none-eabi/13.2.1/thumb/v7e-m/nofp\libg.a(libc_a-wsetup.o)
                0x08007bcc                __swsetup_r
 .text.__fputwc
                0x08007c90       0x7c E:/Program Files (x86)/Arm GNU Toolchain arm-none-eabi/13.2 Rel1/bin/../lib/gcc/arm-none-eabi/13.2.1/thumb/v7e-m/nofp\libg.a(libc_a-fputwc.o)
                0x08007c90                __fputwc
 .text._fputwc_r
                0x08007d0c       0x60 E:/Program Files (x86)/Arm GNU Toolchain arm-none-eabi/13.2 Rel1/bin/../lib/gcc/arm-none-eabi/13.2.1/thumb/v7e-m/nofp\libg.a(libc_a-fputwc.o)
                0x08007d0c                _fputwc_r
 .text.memmove  0x08007d6c      0x100 E:/Program Files (x86)/Arm GNU Toolchain arm-none-eabi/13.2 Rel1/bin/../lib/gcc/arm-none-eabi/13.2.1/thumb/v7e-m/nofp\libg.a(libc_a-memmove.o)
                0x08007d6c                memmove
 .text.strncpy  0x08007e6c       0x68 E:/Program Files (x86)/Arm GNU Toolchain arm-none-eabi/13.2 Rel1/bin/../lib/gcc/arm-none-eabi/13.2.1/thumb/v7e-m/nofp\libg.a(libc_a-strncpy.o)
                0x08007e6c                strncpy
 .text.__locale_mb_cur_max
                0x08007ed4        0xc E:/Program Files (x86)/Arm GNU Toolchain arm-none-eabi/13.2 Rel1/bin/../lib/gcc/arm-none-eabi/13.2.1/thumb/v7e-m/nofp\libg.a(libc_a-locale.o)
                0x08007ed4                __locale_mb_cur_max
 .text._localeconv_r
                0x08007ee0        0x8 E:/Program Files (x86)/Arm GNU Toolchain arm-none-eabi/13.2 Rel1/bin/../lib/gcc/arm-none-eabi/13.2.1/thumb/v7e-m/nofp\libg.a(libc_a-localeconv.o)
                0x08007ee0                _localeconv_r
 .text._sbrk_r  0x08007ee8       0x24 E:/Program Files (x86)/Arm GNU Toolchain arm-none-eabi/13.2 Rel1/bin/../lib/gcc/arm-none-eabi/13.2.1/thumb/v7e-m/nofp\libg.a(libc_a-sbrkr.o)
                0x08007ee8                _sbrk_r
 .text.__libc_fini_array
                0x08007f0c       0x28 E:/Program Files (x86)/Arm GNU Toolchain arm-none-eabi/13.2 Rel1/bin/../lib/gcc/arm-none-eabi/13.2.1/thumb/v7e-m/nofp\libg.a(libc_a-fini.o)
                0x08007f0c                __libc_fini_array
 .text.sysconf  0x08007f34       0x1c E:/Program Files (x86)/Arm GNU Toolchain arm-none-eabi/13.2 Rel1/bin/../lib/gcc/arm-none-eabi/13.2.1/thumb/v7e-m/nofp\libg.a(libc_a-sysconf.o)
                0x08007f34                sysconf
 .text.frexp    0x08007f50       0x6c E:/Program Files (x86)/Arm GNU Toolchain arm-none-eabi/13.2 Rel1/bin/../lib/gcc/arm-none-eabi/13.2.1/thumb/v7e-m/nofp\libg.a(libm_a-s_frexp.o)
                0x08007f50                frexp
 .text.__register_exitproc
                0x08007fbc       0x80 E:/Program Files (x86)/Arm GNU Toolchain arm-none-eabi/13.2 Rel1/bin/../lib/gcc/arm-none-eabi/13.2.1/thumb/v7e-m/nofp\libg.a(libc_a-__atexit.o)
                0x08007fbc                __register_exitproc
 .text.quorem   0x0800803c      0x12c E:/Program Files (x86)/Arm GNU Toolchain arm-none-eabi/13.2 Rel1/bin/../lib/gcc/arm-none-eabi/13.2.1/thumb/v7e-m/nofp\libg.a(libc_a-dtoa.o)
 .text._dtoa_r  0x08008168      0xe80 E:/Program Files (x86)/Arm GNU Toolchain arm-none-eabi/13.2 Rel1/bin/../lib/gcc/arm-none-eabi/13.2.1/thumb/v7e-m/nofp\libg.a(libc_a-dtoa.o)
                0x08008168                _dtoa_r
 .text.__ascii_mbtowc
                0x08008fe8       0x2c E:/Program Files (x86)/Arm GNU Toolchain arm-none-eabi/13.2 Rel1/bin/../lib/gcc/arm-none-eabi/13.2.1/thumb/v7e-m/nofp\libg.a(libc_a-mbtowc_r.o)
                0x08008fe8                __ascii_mbtowc
 .text._Balloc  0x08009014       0x4c E:/Program Files (x86)/Arm GNU Toolchain arm-none-eabi/13.2 Rel1/bin/../lib/gcc/arm-none-eabi/13.2.1/thumb/v7e-m/nofp\libg.a(libc_a-mprec.o)
                0x08009014                _Balloc
 .text._Bfree   0x08009060       0x14 E:/Program Files (x86)/Arm GNU Toolchain arm-none-eabi/13.2 Rel1/bin/../lib/gcc/arm-none-eabi/13.2.1/thumb/v7e-m/nofp\libg.a(libc_a-mprec.o)
                0x08009060                _Bfree
 .text.__multadd
                0x08009074       0xa0 E:/Program Files (x86)/Arm GNU Toolchain arm-none-eabi/13.2 Rel1/bin/../lib/gcc/arm-none-eabi/13.2.1/thumb/v7e-m/nofp\libg.a(libc_a-mprec.o)
                0x08009074                __multadd
 .text.__hi0bits
                0x08009114       0x44 E:/Program Files (x86)/Arm GNU Toolchain arm-none-eabi/13.2 Rel1/bin/../lib/gcc/arm-none-eabi/13.2.1/thumb/v7e-m/nofp\libg.a(libc_a-mprec.o)
                0x08009114                __hi0bits
 .text.__lo0bits
                0x08009158       0x60 E:/Program Files (x86)/Arm GNU Toolchain arm-none-eabi/13.2 Rel1/bin/../lib/gcc/arm-none-eabi/13.2.1/thumb/v7e-m/nofp\libg.a(libc_a-mprec.o)
                0x08009158                __lo0bits
 .text.__i2b    0x080091b8       0x5c E:/Program Files (x86)/Arm GNU Toolchain arm-none-eabi/13.2 Rel1/bin/../lib/gcc/arm-none-eabi/13.2.1/thumb/v7e-m/nofp\libg.a(libc_a-mprec.o)
                0x080091b8                __i2b
 .text.__multiply
                0x08009214      0x16c E:/Program Files (x86)/Arm GNU Toolchain arm-none-eabi/13.2 Rel1/bin/../lib/gcc/arm-none-eabi/13.2.1/thumb/v7e-m/nofp\libg.a(libc_a-mprec.o)
                0x08009214                __multiply
 .text.__pow5mult
                0x08009380       0xb4 E:/Program Files (x86)/Arm GNU Toolchain arm-none-eabi/13.2 Rel1/bin/../lib/gcc/arm-none-eabi/13.2.1/thumb/v7e-m/nofp\libg.a(libc_a-mprec.o)
                0x08009380                __pow5mult
 .text.__lshift
                0x08009434       0xf0 E:/Program Files (x86)/Arm GNU Toolchain arm-none-eabi/13.2 Rel1/bin/../lib/gcc/arm-none-eabi/13.2.1/thumb/v7e-m/nofp\libg.a(libc_a-mprec.o)
                0x08009434                __lshift
 .text.__mcmp   0x08009524       0x40 E:/Program Files (x86)/Arm GNU Toolchain arm-none-eabi/13.2 Rel1/bin/../lib/gcc/arm-none-eabi/13.2.1/thumb/v7e-m/nofp\libg.a(libc_a-mprec.o)
                0x08009524                __mcmp
 .text.__mdiff  0x08009564      0x178 E:/Program Files (x86)/Arm GNU Toolchain arm-none-eabi/13.2 Rel1/bin/../lib/gcc/arm-none-eabi/13.2.1/thumb/v7e-m/nofp\libg.a(libc_a-mprec.o)
                0x08009564                __mdiff
 .text.__d2b    0x080096dc       0xbc E:/Program Files (x86)/Arm GNU Toolchain arm-none-eabi/13.2 Rel1/bin/../lib/gcc/arm-none-eabi/13.2.1/thumb/v7e-m/nofp\libg.a(libc_a-mprec.o)
                0x080096dc                __d2b
 .text._realloc_r
                0x08009798      0x344 E:/Program Files (x86)/Arm GNU Toolchain arm-none-eabi/13.2 Rel1/bin/../lib/gcc/arm-none-eabi/13.2.1/thumb/v7e-m/nofp\libg.a(libc_a-reallocr.o)
                0x08009798                _realloc_r
 .text.__ascii_wctomb
                0x08009adc       0x1c E:/Program Files (x86)/Arm GNU Toolchain arm-none-eabi/13.2 Rel1/bin/../lib/gcc/arm-none-eabi/13.2.1/thumb/v7e-m/nofp\libg.a(libc_a-wctomb_r.o)
                0x08009adc                __ascii_wctomb
 .text._wcrtomb_r
                0x08009af8       0x4c E:/Program Files (x86)/Arm GNU Toolchain arm-none-eabi/13.2 Rel1/bin/../lib/gcc/arm-none-eabi/13.2.1/thumb/v7e-m/nofp\libg.a(libc_a-wcrtomb.o)
                0x08009af8                _wcrtomb_r
 .text._wcsrtombs_r
                0x08009b44       0x1c E:/Program Files (x86)/Arm GNU Toolchain arm-none-eabi/13.2 Rel1/bin/../lib/gcc/arm-none-eabi/13.2.1/thumb/v7e-m/nofp\libg.a(libc_a-wcsrtombs.o)
                0x08009b44                _wcsrtombs_r
 .text.__smakebuf_r
                0x08009b60       0xdc E:/Program Files (x86)/Arm GNU Toolchain arm-none-eabi/13.2 Rel1/bin/../lib/gcc/arm-none-eabi/13.2.1/thumb/v7e-m/nofp\libg.a(libc_a-makebuf.o)
                0x08009b60                __smakebuf_r
 .text._fstat_r
                0x08009c3c       0x2c E:/Program Files (x86)/Arm GNU Toolchain arm-none-eabi/13.2 Rel1/bin/../lib/gcc/arm-none-eabi/13.2.1/thumb/v7e-m/nofp\libg.a(libc_a-fstatr.o)
                0x08009c3c                _fstat_r
 .text._isatty_r
                0x08009c68       0x24 E:/Program Files (x86)/Arm GNU Toolchain arm-none-eabi/13.2 Rel1/bin/../lib/gcc/arm-none-eabi/13.2.1/thumb/v7e-m/nofp\libg.a(libc_a-isattyr.o)
                0x08009c68                _isatty_r
 .text.__assert_func
                0x08009c8c       0x40 E:/Program Files (x86)/Arm GNU Toolchain arm-none-eabi/13.2 Rel1/bin/../lib/gcc/arm-none-eabi/13.2.1/thumb/v7e-m/nofp\libg.a(libc_a-assert.o)
                0x08009c8c                __assert_func
 .text._calloc_r
                0x08009ccc       0x6c E:/Program Files (x86)/Arm GNU Toolchain arm-none-eabi/13.2 Rel1/bin/../lib/gcc/arm-none-eabi/13.2.1/thumb/v7e-m/nofp\libg.a(libc_a-callocr.o)
                0x08009ccc                _calloc_r
 .text._wcsnrtombs_l
                0x08009d38       0xec E:/Program Files (x86)/Arm GNU Toolchain arm-none-eabi/13.2 Rel1/bin/../lib/gcc/arm-none-eabi/13.2.1/thumb/v7e-m/nofp\libg.a(libc_a-wcsnrtombs.o)
                0x08009d38                _wcsnrtombs_l
 .text._wcsnrtombs_r
                0x08009e24       0x24 E:/Program Files (x86)/Arm GNU Toolchain arm-none-eabi/13.2 Rel1/bin/../lib/gcc/arm-none-eabi/13.2.1/thumb/v7e-m/nofp\libg.a(libc_a-wcsnrtombs.o)
                0x08009e24                _wcsnrtombs_r
 .text.fiprintf
                0x08009e48       0x28 E:/Program Files (x86)/Arm GNU Toolchain arm-none-eabi/13.2 Rel1/bin/../lib/gcc/arm-none-eabi/13.2.1/thumb/v7e-m/nofp\libg.a(libc_a-fiprintf.o)
                0x08009e48                fiprintf
 .text.abort    0x08009e70       0x10 E:/Program Files (x86)/Arm GNU Toolchain arm-none-eabi/13.2 Rel1/bin/../lib/gcc/arm-none-eabi/13.2.1/thumb/v7e-m/nofp\libg.a(libc_a-abort.o)
                0x08009e70                abort
 .text.raise    0x08009e80       0x58 E:/Program Files (x86)/Arm GNU Toolchain arm-none-eabi/13.2 Rel1/bin/../lib/gcc/arm-none-eabi/13.2.1/thumb/v7e-m/nofp\libg.a(libc_a-signal.o)
                0x08009e80                raise
 .text._kill_r  0x08009ed8       0x2c E:/Program Files (x86)/Arm GNU Toolchain arm-none-eabi/13.2 Rel1/bin/../lib/gcc/arm-none-eabi/13.2.1/thumb/v7e-m/nofp\libg.a(libc_a-signalr.o)
                0x08009ed8                _kill_r
 .text._getpid_r
                0x08009f04        0x4 E:/Program Files (x86)/Arm GNU Toolchain arm-none-eabi/13.2 Rel1/bin/../lib/gcc/arm-none-eabi/13.2.1/thumb/v7e-m/nofp\libg.a(libc_a-signalr.o)
                0x08009f04                _getpid_r
 *(.glue_7)
 .glue_7        0x08009f08        0x0 linker stubs
 *(.glue_7t)
 .glue_7t       0x08009f08        0x0 linker stubs
 *(.eh_frame)
 .eh_frame      0x08009f08        0x0 E:/Program Files (x86)/Arm GNU Toolchain arm-none-eabi/13.2 Rel1/bin/../lib/gcc/arm-none-eabi/13.2.1/thumb/v7e-m/nofp/crtbegin.o
 *(.init)
 .init          0x08009f08        0x4 E:/Program Files (x86)/Arm GNU Toolchain arm-none-eabi/13.2 Rel1/bin/../lib/gcc/arm-none-eabi/13.2.1/thumb/v7e-m/nofp/crti.o
                0x08009f08                _init
 .init          0x08009f0c        0x8 E:/Program Files (x86)/Arm GNU Toolchain arm-none-eabi/13.2 Rel1/bin/../lib/gcc/arm-none-eabi/13.2.1/thumb/v7e-m/nofp/crtn.o
 *(.fini)
 .fini          0x08009f14        0x4 E:/Program Files (x86)/Arm GNU Toolchain arm-none-eabi/13.2 Rel1/bin/../lib/gcc/arm-none-eabi/13.2.1/thumb/v7e-m/nofp/crti.o
                0x08009f14                _fini
 .fini          0x08009f18        0x8 E:/Program Files (x86)/Arm GNU Toolchain arm-none-eabi/13.2 Rel1/bin/../lib/gcc/arm-none-eabi/13.2.1/thumb/v7e-m/nofp/crtn.o
                0x08009f20                        . = ALIGN (0x4)
                0x08009f20                        _etext = .

.vfp11_veneer   0x08009f20        0x0
 .vfp11_veneer  0x08009f20        0x0 linker stubs

.v4_bx          0x08009f20        0x0
 .v4_bx         0x08009f20        0x0 linker stubs

.iplt           0x08009f20        0x0
 .iplt          0x08009f20        0x0 E:/Program Files (x86)/Arm GNU Toolchain arm-none-eabi/13.2 Rel1/bin/../lib/gcc/arm-none-eabi/13.2.1/thumb/v7e-m/nofp/crtbegin.o

.rodata         0x08009f20      0x9a4
                0x08009f20                        . = ALIGN (0x4)
 *(.rodata)
 *(.rodata*)
 .rodata.ADS1292RegisterReadSingle.str1.4
                0x08009f20      0x237 CMakeFiles/QEA2.elf.dir/Core/Src/ADS1292.c.obj
                                 0x1f (size before relaxing)
 .rodata.ADS1292RegisterWriteSingle.str1.4
                0x0800a157       0x27 CMakeFiles/QEA2.elf.dir/Core/Src/ADS1292.c.obj
 .rodata.ADS1292Init.str1.4
                0x0800a157       0x42 CMakeFiles/QEA2.elf.dir/Core/Src/ADS1292.c.obj
 .rodata.FIRFilter.str1.4
                0x0800a157        0x4 CMakeFiles/QEA2.elf.dir/Core/Src/FIRFilter.c.obj
 *fill*         0x0800a157        0x1 
 .rodata.B      0x0800a158      0x508 CMakeFiles/QEA2.elf.dir/Core/Src/FIRFilter.c.obj
                0x0800a158                B
 .rodata.APBPrescTable
                0x0800a660        0x8 CMakeFiles/QEA2.elf.dir/Core/Src/system_stm32f4xx.c.obj
                0x0800a660                APBPrescTable
 .rodata.AHBPrescTable
                0x0800a668       0x10 CMakeFiles/QEA2.elf.dir/Core/Src/system_stm32f4xx.c.obj
                0x0800a668                AHBPrescTable
 .rodata.flagBitshiftOffset.0
                0x0800a678        0x8 CMakeFiles/QEA2.elf.dir/Drivers/STM32F4xx_HAL_Driver/Src/stm32f4xx_hal_dma.c.obj
 .rodata._puts_r.str1.4
                0x0800a680        0x2 E:/Program Files (x86)/Arm GNU Toolchain arm-none-eabi/13.2 Rel1/bin/../lib/gcc/arm-none-eabi/13.2.1/thumb/v7e-m/nofp\libg.a(libc_a-puts.o)
 .rodata._vfprintf_r.str1.4
                0x0800a680       0x42 E:/Program Files (x86)/Arm GNU Toolchain arm-none-eabi/13.2 Rel1/bin/../lib/gcc/arm-none-eabi/13.2.1/thumb/v7e-m/nofp\libg.a(libc_a-vfprintf.o)
 .rodata.zeroes.0
                0x0800a680       0x10 E:/Program Files (x86)/Arm GNU Toolchain arm-none-eabi/13.2 Rel1/bin/../lib/gcc/arm-none-eabi/13.2.1/thumb/v7e-m/nofp\libg.a(libc_a-vfprintf.o)
 .rodata.blanks.1
                0x0800a690       0x10 E:/Program Files (x86)/Arm GNU Toolchain arm-none-eabi/13.2 Rel1/bin/../lib/gcc/arm-none-eabi/13.2.1/thumb/v7e-m/nofp\libg.a(libc_a-vfprintf.o)
 .rodata._vfiprintf_r.str1.4
                0x0800a6a0       0x2f E:/Program Files (x86)/Arm GNU Toolchain arm-none-eabi/13.2 Rel1/bin/../lib/gcc/arm-none-eabi/13.2.1/thumb/v7e-m/nofp\libg.a(libc_a-vfiprintf.o)
 .rodata.zeroes.0
                0x0800a6a0       0x10 E:/Program Files (x86)/Arm GNU Toolchain arm-none-eabi/13.2 Rel1/bin/../lib/gcc/arm-none-eabi/13.2.1/thumb/v7e-m/nofp\libg.a(libc_a-vfiprintf.o)
 .rodata.blanks.1
                0x0800a6b0       0x10 E:/Program Files (x86)/Arm GNU Toolchain arm-none-eabi/13.2 Rel1/bin/../lib/gcc/arm-none-eabi/13.2.1/thumb/v7e-m/nofp\libg.a(libc_a-vfiprintf.o)
 .rodata.str1.4
                0x0800a6c0       0x4c E:/Program Files (x86)/Arm GNU Toolchain arm-none-eabi/13.2 Rel1/bin/../lib/gcc/arm-none-eabi/13.2.1/thumb/v7e-m/nofp\libg.a(libc_a-locale.o)
 .rodata._dtoa_r.str1.4
                0x0800a6c0       0x81 E:/Program Files (x86)/Arm GNU Toolchain arm-none-eabi/13.2 Rel1/bin/../lib/gcc/arm-none-eabi/13.2.1/thumb/v7e-m/nofp\libg.a(libc_a-dtoa.o)
 .rodata.__multadd.str1.4
                0x0800a6c0       0x6e E:/Program Files (x86)/Arm GNU Toolchain arm-none-eabi/13.2 Rel1/bin/../lib/gcc/arm-none-eabi/13.2.1/thumb/v7e-m/nofp\libg.a(libc_a-mprec.o)
 .rodata.p05.0  0x0800a6c0        0xc E:/Program Files (x86)/Arm GNU Toolchain arm-none-eabi/13.2 Rel1/bin/../lib/gcc/arm-none-eabi/13.2.1/thumb/v7e-m/nofp\libg.a(libc_a-mprec.o)
 *fill*         0x0800a6cc        0x4 
 .rodata.__mprec_bigtens
                0x0800a6d0       0x28 E:/Program Files (x86)/Arm GNU Toolchain arm-none-eabi/13.2 Rel1/bin/../lib/gcc/arm-none-eabi/13.2.1/thumb/v7e-m/nofp\libg.a(libc_a-mprec.o)
                0x0800a6d0                __mprec_bigtens
 .rodata.__mprec_tens
                0x0800a6f8       0xc8 E:/Program Files (x86)/Arm GNU Toolchain arm-none-eabi/13.2 Rel1/bin/../lib/gcc/arm-none-eabi/13.2.1/thumb/v7e-m/nofp\libg.a(libc_a-mprec.o)
                0x0800a6f8                __mprec_tens
 .rodata._ctype_
                0x0800a7c0      0x101 E:/Program Files (x86)/Arm GNU Toolchain arm-none-eabi/13.2 Rel1/bin/../lib/gcc/arm-none-eabi/13.2.1/thumb/v7e-m/nofp\libg.a(libc_a-ctype_.o)
                0x0800a7c0                _ctype_
 .rodata.__assert_func.str1.4
                0x0800a8c1       0x43 E:/Program Files (x86)/Arm GNU Toolchain arm-none-eabi/13.2 Rel1/bin/../lib/gcc/arm-none-eabi/13.2.1/thumb/v7e-m/nofp\libg.a(libc_a-assert.o)
                0x0800a904                        . = ALIGN (0x4)
 *fill*         0x0800a8c1        0x3 

.ARM.extab      0x0800a8c4        0x0
                0x0800a8c4                        . = ALIGN (0x4)
 *(.ARM.extab* .gnu.linkonce.armextab.*)
                0x0800a8c4                        . = ALIGN (0x4)

.ARM            0x0800a8c4        0x8
                0x0800a8c4                        . = ALIGN (0x4)
                0x0800a8c4                        __exidx_start = .
 *(.ARM.exidx*)
 .ARM.exidx     0x0800a8c4        0x8 E:/Program Files (x86)/Arm GNU Toolchain arm-none-eabi/13.2 Rel1/bin/../lib/gcc/arm-none-eabi/13.2.1/thumb/v7e-m/nofp\libg.a(libc_a-strlen.o)
 .ARM.exidx     0x0800a8cc        0x0 E:/Program Files (x86)/Arm GNU Toolchain arm-none-eabi/13.2 Rel1/bin/../lib/gcc/arm-none-eabi/13.2.1/thumb/v7e-m/nofp\libg.a(libc_a-memchr.o)
                                  0x8 (size before relaxing)
 .ARM.exidx     0x0800a8cc        0x0 E:/Program Files (x86)/Arm GNU Toolchain arm-none-eabi/13.2 Rel1/bin/../lib/gcc/arm-none-eabi/13.2.1/thumb/v7e-m/nofp\libg.a(libc_a-memcpy.o)
                                  0x8 (size before relaxing)
 .ARM.exidx.text.__udivmoddi4
                0x0800a8cc        0x0 E:/Program Files (x86)/Arm GNU Toolchain arm-none-eabi/13.2 Rel1/bin/../lib/gcc/arm-none-eabi/13.2.1/thumb/v7e-m/nofp\libgcc.a(_udivmoddi4.o)
                                  0x8 (size before relaxing)
                0x0800a8cc                        __exidx_end = .
                0x0800a8cc                        . = ALIGN (0x4)

.rel.dyn        0x0800a8cc        0x0
 .rel.iplt      0x0800a8cc        0x0 E:/Program Files (x86)/Arm GNU Toolchain arm-none-eabi/13.2 Rel1/bin/../lib/gcc/arm-none-eabi/13.2.1/thumb/v7e-m/nofp/crtbegin.o

.preinit_array  0x0800a8cc        0x0
                0x0800a8cc                        . = ALIGN (0x4)
                0x0800a8cc                        PROVIDE (__preinit_array_start = .)
 *(.preinit_array*)
                0x0800a8cc                        PROVIDE (__preinit_array_end = .)
                0x0800a8cc                        . = ALIGN (0x4)

.init_array     0x0800a8cc        0x8
                0x0800a8cc                        . = ALIGN (0x4)
                0x0800a8cc                        PROVIDE (__init_array_start = .)
 *(SORT_BY_NAME(.init_array.*))
 .init_array.00000
                0x0800a8cc        0x4 E:/Program Files (x86)/Arm GNU Toolchain arm-none-eabi/13.2 Rel1/bin/../lib/gcc/arm-none-eabi/13.2.1/thumb/v7e-m/nofp\libg.a(libc_a-__call_atexit.o)
 *(.init_array*)
 .init_array    0x0800a8d0        0x4 E:/Program Files (x86)/Arm GNU Toolchain arm-none-eabi/13.2 Rel1/bin/../lib/gcc/arm-none-eabi/13.2.1/thumb/v7e-m/nofp/crtbegin.o
                0x0800a8d4                        PROVIDE (__init_array_end = .)
                0x0800a8d4                        . = ALIGN (0x4)

.fini_array     0x0800a8d4        0x4
                0x0800a8d4                        . = ALIGN (0x4)
                0x0800a8d4                        PROVIDE (__fini_array_start = .)
 *(SORT_BY_NAME(.fini_array.*))
 *(.fini_array*)
 .fini_array    0x0800a8d4        0x4 E:/Program Files (x86)/Arm GNU Toolchain arm-none-eabi/13.2 Rel1/bin/../lib/gcc/arm-none-eabi/13.2.1/thumb/v7e-m/nofp/crtbegin.o
                0x0800a8d8                        PROVIDE (__fini_array_end = .)
                0x0800a8d8                        . = ALIGN (0x4)
                0x0800a8d8                        _sidata = LOADADDR (.data)

.data           0x20000000      0x6c4 load address 0x0800a8d8
                0x20000000                        . = ALIGN (0x4)
                0x20000000                        _sdata = .
 *(.data)
 *(.data*)
 .data.a        0x20000000        0x4 CMakeFiles/QEA2.elf.dir/Core/Src/IIRFilter.c.obj
                0x20000000                a
 .data.SystemCoreClock
                0x20000004        0x4 CMakeFiles/QEA2.elf.dir/Core/Src/system_stm32f4xx.c.obj
                0x20000004                SystemCoreClock
 .data.uwTickFreq
                0x20000008        0x1 CMakeFiles/QEA2.elf.dir/Drivers/STM32F4xx_HAL_Driver/Src/stm32f4xx_hal.c.obj
                0x20000008                uwTickFreq
 *fill*         0x20000009        0x3 
 .data.uwTickPrio
                0x2000000c        0x4 CMakeFiles/QEA2.elf.dir/Drivers/STM32F4xx_HAL_Driver/Src/stm32f4xx_hal.c.obj
                0x2000000c                uwTickPrio
 .data.__sglue  0x20000010        0xc E:/Program Files (x86)/Arm GNU Toolchain arm-none-eabi/13.2 Rel1/bin/../lib/gcc/arm-none-eabi/13.2.1/thumb/v7e-m/nofp\libg.a(libc_a-findfp.o)
                0x20000010                __sglue
 .data._impure_ptr
                0x2000001c        0x4 E:/Program Files (x86)/Arm GNU Toolchain arm-none-eabi/13.2 Rel1/bin/../lib/gcc/arm-none-eabi/13.2.1/thumb/v7e-m/nofp\libg.a(libc_a-impure.o)
                0x2000001c                _impure_ptr
 .data._impure_data
                0x20000020      0x120 E:/Program Files (x86)/Arm GNU Toolchain arm-none-eabi/13.2 Rel1/bin/../lib/gcc/arm-none-eabi/13.2.1/thumb/v7e-m/nofp\libg.a(libc_a-impure.o)
                0x20000020                _impure_data
 .data.__atexit_recursive_mutex
                0x20000140        0x4 E:/Program Files (x86)/Arm GNU Toolchain arm-none-eabi/13.2 Rel1/bin/../lib/gcc/arm-none-eabi/13.2.1/thumb/v7e-m/nofp\libg.a(libc_a-__call_atexit.o)
                0x20000140                __atexit_recursive_mutex
 .data.__malloc_sbrk_base
                0x20000144        0x4 E:/Program Files (x86)/Arm GNU Toolchain arm-none-eabi/13.2 Rel1/bin/../lib/gcc/arm-none-eabi/13.2.1/thumb/v7e-m/nofp\libg.a(libc_a-mallocr.o)
                0x20000144                __malloc_sbrk_base
 .data.__malloc_trim_threshold
                0x20000148        0x4 E:/Program Files (x86)/Arm GNU Toolchain arm-none-eabi/13.2 Rel1/bin/../lib/gcc/arm-none-eabi/13.2.1/thumb/v7e-m/nofp\libg.a(libc_a-mallocr.o)
                0x20000148                __malloc_trim_threshold
 *fill*         0x2000014c        0x4 
 .data.__malloc_av_
                0x20000150      0x408 E:/Program Files (x86)/Arm GNU Toolchain arm-none-eabi/13.2 Rel1/bin/../lib/gcc/arm-none-eabi/13.2.1/thumb/v7e-m/nofp\libg.a(libc_a-mallocr.o)
                0x20000150                __malloc_av_
 .data.__global_locale
                0x20000558      0x16c E:/Program Files (x86)/Arm GNU Toolchain arm-none-eabi/13.2 Rel1/bin/../lib/gcc/arm-none-eabi/13.2.1/thumb/v7e-m/nofp\libg.a(libc_a-locale.o)
                0x20000558                __global_locale
 *(.RamFunc)
 *(.RamFunc*)
                0x200006c4                        . = ALIGN (0x4)
                0x200006c4                        _edata = .
                0x0800af9c                        _siccmram = LOADADDR (.ccmram)

.tm_clone_table
                0x200006c4        0x0 load address 0x0800af9c
 .tm_clone_table
                0x200006c4        0x0 E:/Program Files (x86)/Arm GNU Toolchain arm-none-eabi/13.2 Rel1/bin/../lib/gcc/arm-none-eabi/13.2.1/thumb/v7e-m/nofp/crtbegin.o
 .tm_clone_table
                0x200006c4        0x0 E:/Program Files (x86)/Arm GNU Toolchain arm-none-eabi/13.2 Rel1/bin/../lib/gcc/arm-none-eabi/13.2.1/thumb/v7e-m/nofp/crtend.o

.igot.plt       0x200006c4        0x0 load address 0x0800af9c
 .igot.plt      0x200006c4        0x0 E:/Program Files (x86)/Arm GNU Toolchain arm-none-eabi/13.2 Rel1/bin/../lib/gcc/arm-none-eabi/13.2.1/thumb/v7e-m/nofp/crtbegin.o

.ccmram         0x10000000        0x0 load address 0x0800af9c
                0x10000000                        . = ALIGN (0x4)
                0x10000000                        _sccmram = .
 *(.ccmram)
 *(.ccmram*)
                0x10000000                        . = ALIGN (0x4)
                0x10000000                        _eccmram = .
                0x10000000                        . = ALIGN (0x4)

.bss            0x200006c8      0xc68
                0x200006c8                        _sbss = .
                0x200006c8                        __bss_start__ = _sbss
 *(.bss)
 *(.bss*)
 .bss.completed.1
                0x200006c8        0x1 E:/Program Files (x86)/Arm GNU Toolchain arm-none-eabi/13.2 Rel1/bin/../lib/gcc/arm-none-eabi/13.2.1/thumb/v7e-m/nofp/crtbegin.o
 *fill*         0x200006c9        0x3 
 .bss.object.0  0x200006cc       0x18 E:/Program Files (x86)/Arm GNU Toolchain arm-none-eabi/13.2 Rel1/bin/../lib/gcc/arm-none-eabi/13.2.1/thumb/v7e-m/nofp/crtbegin.o
 .bss.ECGRawData
                0x200006e4        0x4 CMakeFiles/QEA2.elf.dir/Core/Src/ADS1292.c.obj
                0x200006e4                ECGRawData
 .bss.ADS1292R_ECG_BUFFER
                0x200006e8        0x8 CMakeFiles/QEA2.elf.dir/Core/Src/ADS1292.c.obj
                0x200006e8                ADS1292R_ECG_BUFFER
 .bss.device_id
                0x200006f0        0x1 CMakeFiles/QEA2.elf.dir/Core/Src/ADS1292.c.obj
                0x200006f0                device_id
 *fill*         0x200006f1        0x3 
 .bss.ads1292r_data_buff
                0x200006f4        0x9 CMakeFiles/QEA2.elf.dir/Core/Src/ADS1292.c.obj
                0x200006f4                ads1292r_data_buff
 *fill*         0x200006fd        0x1 
 .bss.heartRawData
                0x200006fe        0x2 CMakeFiles/QEA2.elf.dir/Core/Src/ADS1292.c.obj
                0x200006fe                heartRawData
 .bss.h         0x20000700      0x508 CMakeFiles/QEA2.elf.dir/Core/Src/FIRFilter.c.obj
                0x20000700                h
 .bss.FIRA      0x20000c08      0x284 CMakeFiles/QEA2.elf.dir/Core/Src/FIRFilter.c.obj
                0x20000c08                FIRA
 .bss.FIRResult
                0x20000e8c        0x2 CMakeFiles/QEA2.elf.dir/Core/Src/FIRFilter.c.obj
                0x20000e8c                FIRResult
 *fill*         0x20000e8e        0x2 
 .bss.FIRQueue  0x20000e90       0x14 CMakeFiles/QEA2.elf.dir/Core/Src/FIRFilter.c.obj
                0x20000e90                FIRQueue
 .bss.IIR_Result
                0x20000ea4        0x2 CMakeFiles/QEA2.elf.dir/Core/Src/IIRFilter.c.obj
                0x20000ea4                IIR_Result
 *fill*         0x20000ea6        0x2 
 .bss.cur_output
                0x20000ea8        0x4 CMakeFiles/QEA2.elf.dir/Core/Src/IIRFilter.c.obj
                0x20000ea8                cur_output
 .bss.cur_input
                0x20000eac        0x2 CMakeFiles/QEA2.elf.dir/Core/Src/IIRFilter.c.obj
                0x20000eac                cur_input
 *fill*         0x20000eae        0x2 
 .bss.last_output
                0x20000eb0        0x4 CMakeFiles/QEA2.elf.dir/Core/Src/IIRFilter.c.obj
                0x20000eb0                last_output
 .bss.last_input
                0x20000eb4        0x4 CMakeFiles/QEA2.elf.dir/Core/Src/IIRFilter.c.obj
                0x20000eb4                last_input
 .bss.hspi3     0x20000eb8       0x58 CMakeFiles/QEA2.elf.dir/Core/Src/spi.c.obj
                0x20000eb8                hspi3
 .bss.__sbrk_heap_end
                0x20000f10        0x4 CMakeFiles/QEA2.elf.dir/Core/Src/sysmem.c.obj
 .bss.hdma_usart1_tx
                0x20000f14       0x60 CMakeFiles/QEA2.elf.dir/Core/Src/usart.c.obj
                0x20000f14                hdma_usart1_tx
 .bss.hdma_usart1_rx
                0x20000f74       0x60 CMakeFiles/QEA2.elf.dir/Core/Src/usart.c.obj
                0x20000f74                hdma_usart1_rx
 .bss.huart1    0x20000fd4       0x44 CMakeFiles/QEA2.elf.dir/Core/Src/usart.c.obj
                0x20000fd4                huart1
 .bss.uwTick    0x20001018        0x4 CMakeFiles/QEA2.elf.dir/Drivers/STM32F4xx_HAL_Driver/Src/stm32f4xx_hal.c.obj
                0x20001018                uwTick
 .bss.__sf      0x2000101c      0x138 E:/Program Files (x86)/Arm GNU Toolchain arm-none-eabi/13.2 Rel1/bin/../lib/gcc/arm-none-eabi/13.2.1/thumb/v7e-m/nofp\libg.a(libc_a-findfp.o)
                0x2000101c                __sf
 .bss.__stdio_exit_handler
                0x20001154        0x4 E:/Program Files (x86)/Arm GNU Toolchain arm-none-eabi/13.2 Rel1/bin/../lib/gcc/arm-none-eabi/13.2.1/thumb/v7e-m/nofp\libg.a(libc_a-findfp.o)
                0x20001154                __stdio_exit_handler
 .bss.errno     0x20001158        0x4 E:/Program Files (x86)/Arm GNU Toolchain arm-none-eabi/13.2 Rel1/bin/../lib/gcc/arm-none-eabi/13.2.1/thumb/v7e-m/nofp\libg.a(libc_a-reent.o)
                0x20001158                errno
 .bss.__lock___malloc_recursive_mutex
                0x2000115c        0x1 E:/Program Files (x86)/Arm GNU Toolchain arm-none-eabi/13.2 Rel1/bin/../lib/gcc/arm-none-eabi/13.2.1/thumb/v7e-m/nofp\libg.a(libc_a-lock.o)
                0x2000115c                __lock___malloc_recursive_mutex
 *fill*         0x2000115d        0x3 
 .bss.__lock___atexit_recursive_mutex
                0x20001160        0x1 E:/Program Files (x86)/Arm GNU Toolchain arm-none-eabi/13.2 Rel1/bin/../lib/gcc/arm-none-eabi/13.2.1/thumb/v7e-m/nofp\libg.a(libc_a-lock.o)
                0x20001160                __lock___atexit_recursive_mutex
 *fill*         0x20001161        0x3 
 .bss.__lock___sfp_recursive_mutex
                0x20001164        0x1 E:/Program Files (x86)/Arm GNU Toolchain arm-none-eabi/13.2 Rel1/bin/../lib/gcc/arm-none-eabi/13.2.1/thumb/v7e-m/nofp\libg.a(libc_a-lock.o)
                0x20001164                __lock___sfp_recursive_mutex
 *fill*         0x20001165        0x3 
 .bss.__atexit  0x20001168        0x4 E:/Program Files (x86)/Arm GNU Toolchain arm-none-eabi/13.2 Rel1/bin/../lib/gcc/arm-none-eabi/13.2.1/thumb/v7e-m/nofp\libg.a(libc_a-__call_atexit.o)
                0x20001168                __atexit
 .bss.__malloc_current_mallinfo
                0x2000116c       0x28 E:/Program Files (x86)/Arm GNU Toolchain arm-none-eabi/13.2 Rel1/bin/../lib/gcc/arm-none-eabi/13.2.1/thumb/v7e-m/nofp\libg.a(libc_a-mallocr.o)
                0x2000116c                __malloc_current_mallinfo
 .bss.__malloc_max_total_mem
                0x20001194        0x4 E:/Program Files (x86)/Arm GNU Toolchain arm-none-eabi/13.2 Rel1/bin/../lib/gcc/arm-none-eabi/13.2.1/thumb/v7e-m/nofp\libg.a(libc_a-mallocr.o)
                0x20001194                __malloc_max_total_mem
 .bss.__malloc_max_sbrked_mem
                0x20001198        0x4 E:/Program Files (x86)/Arm GNU Toolchain arm-none-eabi/13.2 Rel1/bin/../lib/gcc/arm-none-eabi/13.2.1/thumb/v7e-m/nofp\libg.a(libc_a-mallocr.o)
                0x20001198                __malloc_max_sbrked_mem
 .bss.__malloc_top_pad
                0x2000119c        0x4 E:/Program Files (x86)/Arm GNU Toolchain arm-none-eabi/13.2 Rel1/bin/../lib/gcc/arm-none-eabi/13.2.1/thumb/v7e-m/nofp\libg.a(libc_a-mallocr.o)
                0x2000119c                __malloc_top_pad
 .bss.__atexit0
                0x200011a0      0x190 E:/Program Files (x86)/Arm GNU Toolchain arm-none-eabi/13.2 Rel1/bin/../lib/gcc/arm-none-eabi/13.2.1/thumb/v7e-m/nofp\libg.a(libc_a-__atexit.o)
                0x200011a0                __atexit0
 *(COMMON)
                0x20001330                        . = ALIGN (0x4)
                0x20001330                        _ebss = .
                0x20001330                        __bss_end__ = _ebss

._user_heap_stack
                0x20001330      0x600
                0x20001330                        . = ALIGN (0x8)
                [!provide]                        PROVIDE (end = .)
                0x20001330                        PROVIDE (_end = .)
                0x20001530                        . = (. + _Min_Heap_Size)
 *fill*         0x20001330      0x200 
                0x20001930                        . = (. + _Min_Stack_Size)
 *fill*         0x20001530      0x400 
                0x20001930                        . = ALIGN (0x8)

/DISCARD/
 libc.a(*)
 libm.a(*)
 libgcc.a(*)

.ARM.attributes
                0x00000000       0x2a
 *(.ARM.attributes)
 .ARM.attributes
                0x00000000       0x1e E:/Program Files (x86)/Arm GNU Toolchain arm-none-eabi/13.2 Rel1/bin/../lib/gcc/arm-none-eabi/13.2.1/thumb/v7e-m/nofp/crti.o
 .ARM.attributes
                0x0000001e       0x2e E:/Program Files (x86)/Arm GNU Toolchain arm-none-eabi/13.2 Rel1/bin/../lib/gcc/arm-none-eabi/13.2.1/thumb/v7e-m/nofp/crtbegin.o
 .ARM.attributes
                0x0000004c       0x2e CMakeFiles/QEA2.elf.dir/Core/Src/ADS1292.c.obj
 .ARM.attributes
                0x0000007a       0x2e CMakeFiles/QEA2.elf.dir/Core/Src/FIRFilter.c.obj
 .ARM.attributes
                0x000000a8       0x2e CMakeFiles/QEA2.elf.dir/Core/Src/IIRFilter.c.obj
 .ARM.attributes
                0x000000d6       0x2e CMakeFiles/QEA2.elf.dir/Core/Src/dma.c.obj
 .ARM.attributes
                0x00000104       0x2e CMakeFiles/QEA2.elf.dir/Core/Src/gpio.c.obj
 .ARM.attributes
                0x00000132       0x2e CMakeFiles/QEA2.elf.dir/Core/Src/main.c.obj
 .ARM.attributes
                0x00000160       0x2e CMakeFiles/QEA2.elf.dir/Core/Src/queue.c.obj
 .ARM.attributes
                0x0000018e       0x2e CMakeFiles/QEA2.elf.dir/Core/Src/spi.c.obj
 .ARM.attributes
                0x000001bc       0x2e CMakeFiles/QEA2.elf.dir/Core/Src/stm32f4xx_hal_msp.c.obj
 .ARM.attributes
                0x000001ea       0x2e CMakeFiles/QEA2.elf.dir/Core/Src/stm32f4xx_it.c.obj
 .ARM.attributes
                0x00000218       0x2e CMakeFiles/QEA2.elf.dir/Core/Src/syscalls.c.obj
 .ARM.attributes
                0x00000246       0x2e CMakeFiles/QEA2.elf.dir/Core/Src/sysmem.c.obj
 .ARM.attributes
                0x00000274       0x2e CMakeFiles/QEA2.elf.dir/Core/Src/system_stm32f4xx.c.obj
 .ARM.attributes
                0x000002a2       0x2e CMakeFiles/QEA2.elf.dir/Core/Src/usart.c.obj
 .ARM.attributes
                0x000002d0       0x21 CMakeFiles/QEA2.elf.dir/Core/Startup/startup_stm32f407zgtx.s.obj
 .ARM.attributes
                0x000002f1       0x2e CMakeFiles/QEA2.elf.dir/Drivers/STM32F4xx_HAL_Driver/Src/stm32f4xx_hal.c.obj
 .ARM.attributes
                0x0000031f       0x2e CMakeFiles/QEA2.elf.dir/Drivers/STM32F4xx_HAL_Driver/Src/stm32f4xx_hal_cortex.c.obj
 .ARM.attributes
                0x0000034d       0x2e CMakeFiles/QEA2.elf.dir/Drivers/STM32F4xx_HAL_Driver/Src/stm32f4xx_hal_dma.c.obj
 .ARM.attributes
                0x0000037b       0x2e CMakeFiles/QEA2.elf.dir/Drivers/STM32F4xx_HAL_Driver/Src/stm32f4xx_hal_gpio.c.obj
 .ARM.attributes
                0x000003a9       0x2e CMakeFiles/QEA2.elf.dir/Drivers/STM32F4xx_HAL_Driver/Src/stm32f4xx_hal_rcc.c.obj
 .ARM.attributes
                0x000003d7       0x2e CMakeFiles/QEA2.elf.dir/Drivers/STM32F4xx_HAL_Driver/Src/stm32f4xx_hal_spi.c.obj
 .ARM.attributes
                0x00000405       0x2e CMakeFiles/QEA2.elf.dir/Drivers/STM32F4xx_HAL_Driver/Src/stm32f4xx_hal_uart.c.obj
 .ARM.attributes
                0x00000433       0x1e E:/Program Files (x86)/Arm GNU Toolchain arm-none-eabi/13.2 Rel1/bin/../lib/gcc/arm-none-eabi/13.2.1/thumb/v7e-m/nofp\libgcc.a(_arm_mulsf3.o)
 .ARM.attributes
                0x00000451       0x1e E:/Program Files (x86)/Arm GNU Toolchain arm-none-eabi/13.2 Rel1/bin/../lib/gcc/arm-none-eabi/13.2.1/thumb/v7e-m/nofp\libgcc.a(_arm_addsubdf3.o)
 .ARM.attributes
                0x0000046f       0x1e E:/Program Files (x86)/Arm GNU Toolchain arm-none-eabi/13.2 Rel1/bin/../lib/gcc/arm-none-eabi/13.2.1/thumb/v7e-m/nofp\libgcc.a(_arm_fixdfsi.o)
 .ARM.attributes
                0x0000048d       0x1e E:/Program Files (x86)/Arm GNU Toolchain arm-none-eabi/13.2 Rel1/bin/../lib/gcc/arm-none-eabi/13.2.1/thumb/v7e-m/nofp\libgcc.a(_arm_addsubsf3.o)
 .ARM.attributes
                0x000004ab       0x1e E:/Program Files (x86)/Arm GNU Toolchain arm-none-eabi/13.2 Rel1/bin/../lib/gcc/arm-none-eabi/13.2.1/thumb/v7e-m/nofp\libgcc.a(_arm_fixsfsi.o)
 .ARM.attributes
                0x000004c9       0x1e E:/Program Files (x86)/Arm GNU Toolchain arm-none-eabi/13.2 Rel1/bin/../lib/gcc/arm-none-eabi/13.2.1/thumb/v7e-m/nofp\libgcc.a(_aeabi_uldivmod.o)
 .ARM.attributes
                0x000004e7       0x2e E:/Program Files (x86)/Arm GNU Toolchain arm-none-eabi/13.2 Rel1/bin/../lib/gcc/arm-none-eabi/13.2.1/thumb/v7e-m/nofp\libgcc.a(_udivmoddi4.o)
 .ARM.attributes
                0x00000515       0x1e E:/Program Files (x86)/Arm GNU Toolchain arm-none-eabi/13.2 Rel1/bin/../lib/gcc/arm-none-eabi/13.2.1/thumb/v7e-m/nofp\libgcc.a(_dvmd_tls.o)
 .ARM.attributes
                0x00000533       0x2e E:/Program Files (x86)/Arm GNU Toolchain arm-none-eabi/13.2 Rel1/bin/../lib/gcc/arm-none-eabi/13.2.1/thumb/v7e-m/nofp\libg.a(libc_a-findfp.o)
 .ARM.attributes
                0x00000561       0x2e E:/Program Files (x86)/Arm GNU Toolchain arm-none-eabi/13.2 Rel1/bin/../lib/gcc/arm-none-eabi/13.2.1/thumb/v7e-m/nofp\libg.a(libc_a-fwalk.o)
 .ARM.attributes
                0x0000058f       0x2e E:/Program Files (x86)/Arm GNU Toolchain arm-none-eabi/13.2 Rel1/bin/../lib/gcc/arm-none-eabi/13.2.1/thumb/v7e-m/nofp\libg.a(libc_a-printf.o)
 .ARM.attributes
                0x000005bd       0x2e E:/Program Files (x86)/Arm GNU Toolchain arm-none-eabi/13.2 Rel1/bin/../lib/gcc/arm-none-eabi/13.2.1/thumb/v7e-m/nofp\libg.a(libc_a-puts.o)
 .ARM.attributes
                0x000005eb       0x2e E:/Program Files (x86)/Arm GNU Toolchain arm-none-eabi/13.2 Rel1/bin/../lib/gcc/arm-none-eabi/13.2.1/thumb/v7e-m/nofp\libg.a(libc_a-stdio.o)
 .ARM.attributes
                0x00000619       0x2e E:/Program Files (x86)/Arm GNU Toolchain arm-none-eabi/13.2 Rel1/bin/../lib/gcc/arm-none-eabi/13.2.1/thumb/v7e-m/nofp\libg.a(libc_a-memset.o)
 .ARM.attributes
                0x00000647       0x2e E:/Program Files (x86)/Arm GNU Toolchain arm-none-eabi/13.2 Rel1/bin/../lib/gcc/arm-none-eabi/13.2.1/thumb/v7e-m/nofp\libg.a(libc_a-closer.o)
 .ARM.attributes
                0x00000675       0x2e E:/Program Files (x86)/Arm GNU Toolchain arm-none-eabi/13.2 Rel1/bin/../lib/gcc/arm-none-eabi/13.2.1/thumb/v7e-m/nofp\libg.a(libc_a-reent.o)
 .ARM.attributes
                0x000006a3       0x2e E:/Program Files (x86)/Arm GNU Toolchain arm-none-eabi/13.2 Rel1/bin/../lib/gcc/arm-none-eabi/13.2.1/thumb/v7e-m/nofp\libg.a(libc_a-impure.o)
 .ARM.attributes
                0x000006d1       0x2e E:/Program Files (x86)/Arm GNU Toolchain arm-none-eabi/13.2 Rel1/bin/../lib/gcc/arm-none-eabi/13.2.1/thumb/v7e-m/nofp\libg.a(libc_a-lseekr.o)
 .ARM.attributes
                0x000006ff       0x2e E:/Program Files (x86)/Arm GNU Toolchain arm-none-eabi/13.2 Rel1/bin/../lib/gcc/arm-none-eabi/13.2.1/thumb/v7e-m/nofp\libg.a(libc_a-readr.o)
 .ARM.attributes
                0x0000072d       0x2e E:/Program Files (x86)/Arm GNU Toolchain arm-none-eabi/13.2 Rel1/bin/../lib/gcc/arm-none-eabi/13.2.1/thumb/v7e-m/nofp\libg.a(libc_a-writer.o)
 .ARM.attributes
                0x0000075b       0x2e E:/Program Files (x86)/Arm GNU Toolchain arm-none-eabi/13.2 Rel1/bin/../lib/gcc/arm-none-eabi/13.2.1/thumb/v7e-m/nofp\libg.a(libc_a-errno.o)
 .ARM.attributes
                0x00000789       0x2e E:/Program Files (x86)/Arm GNU Toolchain arm-none-eabi/13.2 Rel1/bin/../lib/gcc/arm-none-eabi/13.2.1/thumb/v7e-m/nofp\libg.a(libc_a-init.o)
 .ARM.attributes
                0x000007b7       0x2e E:/Program Files (x86)/Arm GNU Toolchain arm-none-eabi/13.2 Rel1/bin/../lib/gcc/arm-none-eabi/13.2.1/thumb/v7e-m/nofp\libg.a(libc_a-lock.o)
 .ARM.attributes
                0x000007e5       0x1c E:/Program Files (x86)/Arm GNU Toolchain arm-none-eabi/13.2 Rel1/bin/../lib/gcc/arm-none-eabi/13.2.1/thumb/v7e-m/nofp\libg.a(libc_a-strlen.o)
 .ARM.attributes
                0x00000801       0x2e E:/Program Files (x86)/Arm GNU Toolchain arm-none-eabi/13.2 Rel1/bin/../lib/gcc/arm-none-eabi/13.2.1/thumb/v7e-m/nofp\libg.a(libc_a-__call_atexit.o)
 .ARM.attributes
                0x0000082f       0x2e E:/Program Files (x86)/Arm GNU Toolchain arm-none-eabi/13.2 Rel1/bin/../lib/gcc/arm-none-eabi/13.2.1/thumb/v7e-m/nofp\libg.a(libc_a-atexit.o)
 .ARM.attributes
                0x0000085d       0x2e E:/Program Files (x86)/Arm GNU Toolchain arm-none-eabi/13.2 Rel1/bin/../lib/gcc/arm-none-eabi/13.2.1/thumb/v7e-m/nofp\libg.a(libc_a-freer.o)
 .ARM.attributes
                0x0000088b       0x2e E:/Program Files (x86)/Arm GNU Toolchain arm-none-eabi/13.2 Rel1/bin/../lib/gcc/arm-none-eabi/13.2.1/thumb/v7e-m/nofp\libg.a(libc_a-mallocr.o)
 .ARM.attributes
                0x000008b9       0x2e E:/Program Files (x86)/Arm GNU Toolchain arm-none-eabi/13.2 Rel1/bin/../lib/gcc/arm-none-eabi/13.2.1/thumb/v7e-m/nofp\libg.a(libc_a-mlock.o)
 .ARM.attributes
                0x000008e7       0x2e E:/Program Files (x86)/Arm GNU Toolchain arm-none-eabi/13.2 Rel1/bin/../lib/gcc/arm-none-eabi/13.2.1/thumb/v7e-m/nofp\libg.a(libc_a-vfprintf.o)
 .ARM.attributes
                0x00000915       0x2e E:/Program Files (x86)/Arm GNU Toolchain arm-none-eabi/13.2 Rel1/bin/../lib/gcc/arm-none-eabi/13.2.1/thumb/v7e-m/nofp\libg.a(libc_a-vfiprintf.o)
 .ARM.attributes
                0x00000943       0x2e E:/Program Files (x86)/Arm GNU Toolchain arm-none-eabi/13.2 Rel1/bin/../lib/gcc/arm-none-eabi/13.2.1/thumb/v7e-m/nofp\libg.a(libc_a-fclose.o)
 .ARM.attributes
                0x00000971       0x2e E:/Program Files (x86)/Arm GNU Toolchain arm-none-eabi/13.2 Rel1/bin/../lib/gcc/arm-none-eabi/13.2.1/thumb/v7e-m/nofp\libg.a(libc_a-fflush.o)
 .ARM.attributes
                0x0000099f       0x2e E:/Program Files (x86)/Arm GNU Toolchain arm-none-eabi/13.2 Rel1/bin/../lib/gcc/arm-none-eabi/13.2.1/thumb/v7e-m/nofp\libg.a(libc_a-fvwrite.o)
 .ARM.attributes
                0x000009cd       0x2e E:/Program Files (x86)/Arm GNU Toolchain arm-none-eabi/13.2 Rel1/bin/../lib/gcc/arm-none-eabi/13.2.1/thumb/v7e-m/nofp\libg.a(libc_a-wbuf.o)
 .ARM.attributes
                0x000009fb       0x2e E:/Program Files (x86)/Arm GNU Toolchain arm-none-eabi/13.2 Rel1/bin/../lib/gcc/arm-none-eabi/13.2.1/thumb/v7e-m/nofp\libg.a(libc_a-wsetup.o)
 .ARM.attributes
                0x00000a29       0x2e E:/Program Files (x86)/Arm GNU Toolchain arm-none-eabi/13.2 Rel1/bin/../lib/gcc/arm-none-eabi/13.2.1/thumb/v7e-m/nofp\libg.a(libc_a-fputwc.o)
 .ARM.attributes
                0x00000a57       0x2e E:/Program Files (x86)/Arm GNU Toolchain arm-none-eabi/13.2 Rel1/bin/../lib/gcc/arm-none-eabi/13.2.1/thumb/v7e-m/nofp\libg.a(libc_a-memmove.o)
 .ARM.attributes
                0x00000a85       0x2e E:/Program Files (x86)/Arm GNU Toolchain arm-none-eabi/13.2 Rel1/bin/../lib/gcc/arm-none-eabi/13.2.1/thumb/v7e-m/nofp\libg.a(libc_a-strncpy.o)
 .ARM.attributes
                0x00000ab3       0x2e E:/Program Files (x86)/Arm GNU Toolchain arm-none-eabi/13.2 Rel1/bin/../lib/gcc/arm-none-eabi/13.2.1/thumb/v7e-m/nofp\libg.a(libc_a-locale.o)
 .ARM.attributes
                0x00000ae1       0x2e E:/Program Files (x86)/Arm GNU Toolchain arm-none-eabi/13.2 Rel1/bin/../lib/gcc/arm-none-eabi/13.2.1/thumb/v7e-m/nofp\libg.a(libc_a-localeconv.o)
 .ARM.attributes
                0x00000b0f       0x2e E:/Program Files (x86)/Arm GNU Toolchain arm-none-eabi/13.2 Rel1/bin/../lib/gcc/arm-none-eabi/13.2.1/thumb/v7e-m/nofp\libg.a(libc_a-sbrkr.o)
 .ARM.attributes
                0x00000b3d       0x2e E:/Program Files (x86)/Arm GNU Toolchain arm-none-eabi/13.2 Rel1/bin/../lib/gcc/arm-none-eabi/13.2.1/thumb/v7e-m/nofp\libg.a(libc_a-fini.o)
 .ARM.attributes
                0x00000b6b       0x2e E:/Program Files (x86)/Arm GNU Toolchain arm-none-eabi/13.2 Rel1/bin/../lib/gcc/arm-none-eabi/13.2.1/thumb/v7e-m/nofp\libg.a(libc_a-sysconf.o)
 .ARM.attributes
                0x00000b99       0x1c E:/Program Files (x86)/Arm GNU Toolchain arm-none-eabi/13.2 Rel1/bin/../lib/gcc/arm-none-eabi/13.2.1/thumb/v7e-m/nofp\libg.a(libc_a-memchr.o)
 .ARM.attributes
                0x00000bb5       0x1c E:/Program Files (x86)/Arm GNU Toolchain arm-none-eabi/13.2 Rel1/bin/../lib/gcc/arm-none-eabi/13.2.1/thumb/v7e-m/nofp\libg.a(libc_a-memcpy.o)
 .ARM.attributes
                0x00000bd1       0x2e E:/Program Files (x86)/Arm GNU Toolchain arm-none-eabi/13.2 Rel1/bin/../lib/gcc/arm-none-eabi/13.2.1/thumb/v7e-m/nofp\libg.a(libm_a-s_frexp.o)
 .ARM.attributes
                0x00000bff       0x2e E:/Program Files (x86)/Arm GNU Toolchain arm-none-eabi/13.2 Rel1/bin/../lib/gcc/arm-none-eabi/13.2.1/thumb/v7e-m/nofp\libg.a(libc_a-__atexit.o)
 .ARM.attributes
                0x00000c2d       0x2e E:/Program Files (x86)/Arm GNU Toolchain arm-none-eabi/13.2 Rel1/bin/../lib/gcc/arm-none-eabi/13.2.1/thumb/v7e-m/nofp\libg.a(libc_a-dtoa.o)
 .ARM.attributes
                0x00000c5b       0x2e E:/Program Files (x86)/Arm GNU Toolchain arm-none-eabi/13.2 Rel1/bin/../lib/gcc/arm-none-eabi/13.2.1/thumb/v7e-m/nofp\libg.a(libc_a-mbtowc_r.o)
 .ARM.attributes
                0x00000c89       0x2e E:/Program Files (x86)/Arm GNU Toolchain arm-none-eabi/13.2 Rel1/bin/../lib/gcc/arm-none-eabi/13.2.1/thumb/v7e-m/nofp\libg.a(libc_a-mprec.o)
 .ARM.attributes
                0x00000cb7       0x2e E:/Program Files (x86)/Arm GNU Toolchain arm-none-eabi/13.2 Rel1/bin/../lib/gcc/arm-none-eabi/13.2.1/thumb/v7e-m/nofp\libg.a(libc_a-reallocr.o)
 .ARM.attributes
                0x00000ce5       0x2e E:/Program Files (x86)/Arm GNU Toolchain arm-none-eabi/13.2 Rel1/bin/../lib/gcc/arm-none-eabi/13.2.1/thumb/v7e-m/nofp\libg.a(libc_a-wctomb_r.o)
 .ARM.attributes
                0x00000d13       0x2e E:/Program Files (x86)/Arm GNU Toolchain arm-none-eabi/13.2 Rel1/bin/../lib/gcc/arm-none-eabi/13.2.1/thumb/v7e-m/nofp\libg.a(libc_a-wcrtomb.o)
 .ARM.attributes
                0x00000d41       0x2e E:/Program Files (x86)/Arm GNU Toolchain arm-none-eabi/13.2 Rel1/bin/../lib/gcc/arm-none-eabi/13.2.1/thumb/v7e-m/nofp\libg.a(libc_a-wcsrtombs.o)
 .ARM.attributes
                0x00000d6f       0x2e E:/Program Files (x86)/Arm GNU Toolchain arm-none-eabi/13.2 Rel1/bin/../lib/gcc/arm-none-eabi/13.2.1/thumb/v7e-m/nofp\libg.a(libc_a-ctype_.o)
 .ARM.attributes
                0x00000d9d       0x2e E:/Program Files (x86)/Arm GNU Toolchain arm-none-eabi/13.2 Rel1/bin/../lib/gcc/arm-none-eabi/13.2.1/thumb/v7e-m/nofp\libg.a(libc_a-makebuf.o)
 .ARM.attributes
                0x00000dcb       0x2e E:/Program Files (x86)/Arm GNU Toolchain arm-none-eabi/13.2 Rel1/bin/../lib/gcc/arm-none-eabi/13.2.1/thumb/v7e-m/nofp\libg.a(libc_a-fstatr.o)
 .ARM.attributes
                0x00000df9       0x2e E:/Program Files (x86)/Arm GNU Toolchain arm-none-eabi/13.2 Rel1/bin/../lib/gcc/arm-none-eabi/13.2.1/thumb/v7e-m/nofp\libg.a(libc_a-isattyr.o)
 .ARM.attributes
                0x00000e27       0x2e E:/Program Files (x86)/Arm GNU Toolchain arm-none-eabi/13.2 Rel1/bin/../lib/gcc/arm-none-eabi/13.2.1/thumb/v7e-m/nofp\libg.a(libc_a-assert.o)
 .ARM.attributes
                0x00000e55       0x2e E:/Program Files (x86)/Arm GNU Toolchain arm-none-eabi/13.2 Rel1/bin/../lib/gcc/arm-none-eabi/13.2.1/thumb/v7e-m/nofp\libg.a(libc_a-callocr.o)
 .ARM.attributes
                0x00000e83       0x2e E:/Program Files (x86)/Arm GNU Toolchain arm-none-eabi/13.2 Rel1/bin/../lib/gcc/arm-none-eabi/13.2.1/thumb/v7e-m/nofp\libg.a(libc_a-wcsnrtombs.o)
 .ARM.attributes
                0x00000eb1       0x2e E:/Program Files (x86)/Arm GNU Toolchain arm-none-eabi/13.2 Rel1/bin/../lib/gcc/arm-none-eabi/13.2.1/thumb/v7e-m/nofp\libg.a(libc_a-fiprintf.o)
 .ARM.attributes
                0x00000edf       0x2e E:/Program Files (x86)/Arm GNU Toolchain arm-none-eabi/13.2 Rel1/bin/../lib/gcc/arm-none-eabi/13.2.1/thumb/v7e-m/nofp\libg.a(libc_a-abort.o)
 .ARM.attributes
                0x00000f0d       0x2e E:/Program Files (x86)/Arm GNU Toolchain arm-none-eabi/13.2 Rel1/bin/../lib/gcc/arm-none-eabi/13.2.1/thumb/v7e-m/nofp\libg.a(libc_a-signal.o)
 .ARM.attributes
                0x00000f3b       0x2e E:/Program Files (x86)/Arm GNU Toolchain arm-none-eabi/13.2 Rel1/bin/../lib/gcc/arm-none-eabi/13.2.1/thumb/v7e-m/nofp\libg.a(libc_a-signalr.o)
 .ARM.attributes
                0x00000f69       0x1e E:/Program Files (x86)/Arm GNU Toolchain arm-none-eabi/13.2 Rel1/bin/../lib/gcc/arm-none-eabi/13.2.1/thumb/v7e-m/nofp\libgcc.a(_arm_muldivdf3.o)
 .ARM.attributes
                0x00000f87       0x1e E:/Program Files (x86)/Arm GNU Toolchain arm-none-eabi/13.2 Rel1/bin/../lib/gcc/arm-none-eabi/13.2.1/thumb/v7e-m/nofp\libgcc.a(_arm_cmpdf2.o)
 .ARM.attributes
                0x00000fa5       0x1e E:/Program Files (x86)/Arm GNU Toolchain arm-none-eabi/13.2 Rel1/bin/../lib/gcc/arm-none-eabi/13.2.1/thumb/v7e-m/nofp\libgcc.a(_arm_unorddf2.o)
 .ARM.attributes
                0x00000fc3       0x2e E:/Program Files (x86)/Arm GNU Toolchain arm-none-eabi/13.2 Rel1/bin/../lib/gcc/arm-none-eabi/13.2.1/thumb/v7e-m/nofp/crtend.o
 .ARM.attributes
                0x00000ff1       0x1e E:/Program Files (x86)/Arm GNU Toolchain arm-none-eabi/13.2 Rel1/bin/../lib/gcc/arm-none-eabi/13.2.1/thumb/v7e-m/nofp/crtn.o
OUTPUT(QEA2.elf elf32-littlearm)
LOAD linker stubs
LOAD E:/Program Files (x86)/Arm GNU Toolchain arm-none-eabi/13.2 Rel1/bin/../lib/gcc/arm-none-eabi/13.2.1/thumb/v7e-m/nofp\libc.a
LOAD E:/Program Files (x86)/Arm GNU Toolchain arm-none-eabi/13.2 Rel1/bin/../lib/gcc/arm-none-eabi/13.2.1/thumb/v7e-m/nofp\libm.a
LOAD E:/Program Files (x86)/Arm GNU Toolchain arm-none-eabi/13.2 Rel1/bin/../lib/gcc/arm-none-eabi/13.2.1/thumb/v7e-m/nofp\libgcc.a

.debug_info     0x00000000     0xfce6
 .debug_info    0x00000000      0xf5a CMakeFiles/QEA2.elf.dir/Core/Src/ADS1292.c.obj
 .debug_info    0x00000f5a      0x3fa CMakeFiles/QEA2.elf.dir/Core/Src/FIRFilter.c.obj
 .debug_info    0x00001354      0x19c CMakeFiles/QEA2.elf.dir/Core/Src/IIRFilter.c.obj
 .debug_info    0x000014f0      0x518 CMakeFiles/QEA2.elf.dir/Core/Src/dma.c.obj
 .debug_info    0x00001a08      0x748 CMakeFiles/QEA2.elf.dir/Core/Src/gpio.c.obj
 .debug_info    0x00002150     0x12de CMakeFiles/QEA2.elf.dir/Core/Src/main.c.obj
 .debug_info    0x0000342e      0x23e CMakeFiles/QEA2.elf.dir/Core/Src/queue.c.obj
 .debug_info    0x0000366c      0xc60 CMakeFiles/QEA2.elf.dir/Core/Src/spi.c.obj
 .debug_info    0x000042cc      0x26c CMakeFiles/QEA2.elf.dir/Core/Src/stm32f4xx_hal_msp.c.obj
 .debug_info    0x00004538      0x97e CMakeFiles/QEA2.elf.dir/Core/Src/stm32f4xx_it.c.obj
 .debug_info    0x00004eb6      0x789 CMakeFiles/QEA2.elf.dir/Core/Src/syscalls.c.obj
 .debug_info    0x0000563f      0x171 CMakeFiles/QEA2.elf.dir/Core/Src/sysmem.c.obj
 .debug_info    0x000057b0      0x334 CMakeFiles/QEA2.elf.dir/Core/Src/system_stm32f4xx.c.obj
 .debug_info    0x00005ae4      0xd35 CMakeFiles/QEA2.elf.dir/Core/Src/usart.c.obj
 .debug_info    0x00006819       0x30 CMakeFiles/QEA2.elf.dir/Core/Startup/startup_stm32f407zgtx.s.obj
 .debug_info    0x00006849      0x9e6 CMakeFiles/QEA2.elf.dir/Drivers/STM32F4xx_HAL_Driver/Src/stm32f4xx_hal.c.obj